Archive member included to satisfy reference by file (symbol)

C:/Users/91960/Desktop/STM_Projects/NEW_IOT_AI/Net1201.a(lite_dense_if32.o)
                              ./Core/Src/network.o (forward_lite_dense_if32of32wf32)
C:/Users/91960/Desktop/STM_Projects/NEW_IOT_AI/Net1201.a(lite_nl_generic_float.o)
                              ./Core/Src/network.o (forward_lite_nl_relu_if32of32)
C:/Users/91960/Desktop/STM_Projects/NEW_IOT_AI/Net1201.a(st_int8_fill.o)
                              C:/Users/91960/Desktop/STM_Projects/NEW_IOT_AI/Net1201.a(lite_dense_if32.o) (st_int8_copy)
C:/Users/91960/Desktop/STM_Projects/NEW_IOT_AI/Net1201.a(ai_math_helpers.o)
                              C:/Users/91960/Desktop/STM_Projects/NEW_IOT_AI/Net1201.a(lite_nl_generic_float.o) (ai_math_sqrt)
C:/Users/91960/Desktop/STM_Projects/NEW_IOT_AI/Net1201.a(ai_math_elementwise_mul_int8.o)
                              C:/Users/91960/Desktop/STM_Projects/NEW_IOT_AI/Net1201.a(ai_math_helpers.o) (ai_math_elementwise_mul_int8)
C:/Users/91960/Desktop/STM_Projects/NEW_IOT_AI/Net1201.a(ai_math_elementwise_sum_int8.o)
                              C:/Users/91960/Desktop/STM_Projects/NEW_IOT_AI/Net1201.a(ai_math_helpers.o) (ai_math_elementwise_sum_int8)
C:/Users/91960/Desktop/STM_Projects/NEW_IOT_AI/Net1201.a(lite_nl_softmax_if32of32.o)
                              C:/Users/91960/Desktop/STM_Projects/NEW_IOT_AI/Net1201.a(lite_nl_generic_float.o) (forward_lite_nl_softmax_if32of32_kernel)
C:/Users/91960/Desktop/STM_Projects/NEW_IOT_AI/Net1201.a(lite_nl_relu_if32of32.o)
                              C:/Users/91960/Desktop/STM_Projects/NEW_IOT_AI/Net1201.a(lite_nl_generic_float.o) (forward_lite_nl_prelu_if32of32_kernel)
C:/Users/91960/Desktop/STM_Projects/NEW_IOT_AI/Net1201.a(st_align_factor.o)
                              C:/Users/91960/Desktop/STM_Projects/NEW_IOT_AI/Net1201.a(ai_math_helpers.o) (align_factor)
C:/ST/STM32CubeIDE_2.2.0/STM32CubeIDE/plugins/com.st.stm32cube.ide.mcu.externaltools.gnu-tools-for-stm32.14.3.rel1.win32_1.0.100.202602081740/tools/bin/../lib/gcc/arm-none-eabi/14.3.1/../../../../arm-none-eabi/lib/thumb/v7e-m+fp/hard\libc_nano.a(libc_a-exit.o)
                              C:/ST/STM32CubeIDE_2.2.0/STM32CubeIDE/plugins/com.st.stm32cube.ide.mcu.externaltools.gnu-tools-for-stm32.14.3.rel1.win32_1.0.100.202602081740/tools/bin/../lib/gcc/arm-none-eabi/14.3.1/../../../../arm-none-eabi/lib/thumb/v7e-m+fp/hard/crt0.o (exit)
C:/ST/STM32CubeIDE_2.2.0/STM32CubeIDE/plugins/com.st.stm32cube.ide.mcu.externaltools.gnu-tools-for-stm32.14.3.rel1.win32_1.0.100.202602081740/tools/bin/../lib/gcc/arm-none-eabi/14.3.1/../../../../arm-none-eabi/lib/thumb/v7e-m+fp/hard\libc_nano.a(libc_a-findfp.o)
                              C:/ST/STM32CubeIDE_2.2.0/STM32CubeIDE/plugins/com.st.stm32cube.ide.mcu.externaltools.gnu-tools-for-stm32.14.3.rel1.win32_1.0.100.202602081740/tools/bin/../lib/gcc/arm-none-eabi/14.3.1/../../../../arm-none-eabi/lib/thumb/v7e-m+fp/hard\libc_nano.a(libc_a-exit.o) (__stdio_exit_handler)
C:/ST/STM32CubeIDE_2.2.0/STM32CubeIDE/plugins/com.st.stm32cube.ide.mcu.externaltools.gnu-tools-for-stm32.14.3.rel1.win32_1.0.100.202602081740/tools/bin/../lib/gcc/arm-none-eabi/14.3.1/../../../../arm-none-eabi/lib/thumb/v7e-m+fp/hard\libc_nano.a(libc_a-fwalk.o)
                              C:/ST/STM32CubeIDE_2.2.0/STM32CubeIDE/plugins/com.st.stm32cube.ide.mcu.externaltools.gnu-tools-for-stm32.14.3.rel1.win32_1.0.100.202602081740/tools/bin/../lib/gcc/arm-none-eabi/14.3.1/../../../../arm-none-eabi/lib/thumb/v7e-m+fp/hard\libc_nano.a(libc_a-findfp.o) (_fwalk_sglue)
C:/ST/STM32CubeIDE_2.2.0/STM32CubeIDE/plugins/com.st.stm32cube.ide.mcu.externaltools.gnu-tools-for-stm32.14.3.rel1.win32_1.0.100.202602081740/tools/bin/../lib/gcc/arm-none-eabi/14.3.1/../../../../arm-none-eabi/lib/thumb/v7e-m+fp/hard\libc_nano.a(libc_a-printf.o)
                              ./Core/Src/vibration_itm_logger.o (printf)
C:/ST/STM32CubeIDE_2.2.0/STM32CubeIDE/plugins/com.st.stm32cube.ide.mcu.externaltools.gnu-tools-for-stm32.14.3.rel1.win32_1.0.100.202602081740/tools/bin/../lib/gcc/arm-none-eabi/14.3.1/../../../../arm-none-eabi/lib/thumb/v7e-m+fp/hard\libc_nano.a(libc_a-stdio.o)
                              C:/ST/STM32CubeIDE_2.2.0/STM32CubeIDE/plugins/com.st.stm32cube.ide.mcu.externaltools.gnu-tools-for-stm32.14.3.rel1.win32_1.0.100.202602081740/tools/bin/../lib/gcc/arm-none-eabi/14.3.1/../../../../arm-none-eabi/lib/thumb/v7e-m+fp/hard\libc_nano.a(libc_a-findfp.o) (__sread)
C:/ST/STM32CubeIDE_2.2.0/STM32CubeIDE/plugins/com.st.stm32cube.ide.mcu.externaltools.gnu-tools-for-stm32.14.3.rel1.win32_1.0.100.202602081740/tools/bin/../lib/gcc/arm-none-eabi/14.3.1/../../../../arm-none-eabi/lib/thumb/v7e-m+fp/hard\libc_nano.a(libc_a-memset.o)
[...]
Memory Configuration

Name             Origin             Length             Attributes
CCMRAM           0x10000000         0x00010000         xrw
RAM              0x20000000         0x00020000         xrw
FLASH            0x08000000         0x00100000         xr
*default*        0x00000000         0xffffffff

Linker script and memory map

LOAD C:/ST/STM32CubeIDE_2.2.0/STM32CubeIDE/plugins/com.st.stm32cube.ide.mcu.externaltools.gnu-tools-for-stm32.14.3.rel1.win32_1.0.100.202602081740/tools/bin/../lib/gcc/arm-none-eabi/14.3.1/thumb/v7e-m+fp/hard/crti.o
LOAD C:/ST/STM32CubeIDE_2.2.0/STM32CubeIDE/plugins/com.st.stm32cube.ide.mcu.externaltools.gnu-tools-for-stm32.14.3.rel1.win32_1.0.100.202602081740/tools/bin/../lib/gcc/arm-none-eabi/14.3.1/thumb/v7e-m+fp/hard/crtbegin.o
LOAD C:/ST/STM32CubeIDE_2.2.0/STM32CubeIDE/plugins/com.st.stm32cube.ide.mcu.externaltools.gnu-tools-for-stm32.14.3.rel1.win32_1.0.100.202602081740/tools/bin/../lib/gcc/arm-none-eabi/14.3.1/../../../../arm-none-eabi/lib/thumb/v7e-m+fp/hard/crt0.o
LOAD ./Core/Src/ai_inference.o
LOAD ./Core/Src/freertos.o
LOAD ./Core/Src/main.o
LOAD ./Core/Src/mpu6050.o
LOAD ./Core/Src/network.o
LOAD ./Core/Src/network_data.o
LOAD ./Core/Src/sensor_protocol.o
LOAD ./Core/Src/stm32f4xx_hal_msp.o
LOAD ./Core/Src/stm32f4xx_hal_timebase_tim.o
LOAD ./Core/Src/stm32f4xx_it.o
LOAD ./Core/Src/syscalls.o
LOAD ./Core/Src/sysmem.o
LOAD ./Core/Src/system_stm32f4xx.o
LOAD ./Core/Src/vibration_itm_logger.o
LOAD ./Core/Src/vibration_rms.o
LOAD ./Core/Startup/startup_stm32f407vgtx.o
LOAD ./Drivers/STM32F4xx_HAL_Driver/Src/stm32f4xx_hal.o
LOAD ./Drivers/STM32F4xx_HAL_Driver/Src/stm32f4xx_hal_cortex.o
LOAD ./Drivers/STM32F4xx_HAL_Driver/Src/stm32f4xx_hal_dma.o
LOAD ./Drivers/STM32F4xx_HAL_Driver/Src/stm32f4xx_hal_dma_ex.o
LOAD ./Drivers/STM32F4xx_HAL_Driver/Src/stm32f4xx_hal_exti.o
LOAD ./Drivers/STM32F4xx_HAL_Driver/Src/stm32f4xx_hal_flash.o
LOAD ./Drivers/STM32F4xx_HAL_Driver/Src/stm32f4xx_hal_flash_ex.o
LOAD ./Drivers/STM32F4xx_HAL_Driver/Src/stm32f4xx_hal_flash_ramfunc.o
LOAD ./Drivers/STM32F4xx_HAL_Driver/Src/stm32f4xx_hal_gpio.o
LOAD ./Drivers/STM32F4xx_HAL_Driver/Src/stm32f4xx_hal_i2c.o
LOAD ./Drivers/STM32F4xx_HAL_Driver/Src/stm32f4xx_hal_i2c_ex.o
LOAD ./Drivers/STM32F4xx_HAL_Driver/Src/stm32f4xx_hal_pwr.o
LOAD ./Drivers/STM32F4xx_HAL_Driver/Src/stm32f4xx_hal_pwr_ex.o
LOAD ./Drivers/STM32F4xx_HAL_Driver/Src/stm32f4xx_hal_rcc.o
LOAD ./Drivers/STM32F4xx_HAL_Driver/Src/stm32f4xx_hal_rcc_ex.o
LOAD ./Drivers/STM32F4xx_HAL_Driver/Src/stm32f4xx_hal_tim.o
LOAD ./Drivers/STM32F4xx_HAL_Driver/Src/stm32f4xx_hal_tim_ex.o
LOAD ./Drivers/STM32F4xx_HAL_Driver/Src/stm32f4xx_hal_uart.o
LOAD ./Middlewares/Third_Party/FreeRTOS/Source/CMSIS_RTOS_V2/cmsis_os2.o
LOAD ./Middlewares/Third_Party/FreeRTOS/Source/croutine.o
LOAD ./Middlewares/Third_Party/FreeRTOS/Source/event_groups.o
LOAD ./Middlewares/Third_Party/FreeRTOS/Source/list.o
LOAD ./Middlewares/Third_Party/FreeRTOS/Source/queue.o
LOAD ./Middlewares/Third_Party/FreeRTOS/Source/stream_buffer.o
LOAD ./Middlewares/Third_Party/FreeRTOS/Source/tasks.o
LOAD ./Middlewares/Third_Party/FreeRTOS/Source/timers.o
LOAD ./Middlewares/Third_Party/FreeRTOS/Source/portable/GCC/ARM_CM4F/port.o
LOAD ./Middlewares/Third_Party/FreeRTOS/Source/portable/MemMang/heap_4.o
LOAD ./app_ota_client/Src/ota_confirm.o
LOAD ./app_ota_client/Src/ota_receiver.o
LOAD ./bootloader/Src/crc32.o
LOAD ./bootloader/Src/flash_ll.o
LOAD ./bootloader/Src/flash_metadata.o
LOAD C:/Users/91960/Desktop/STM_Projects/NEW_IOT_AI/Net1201.a
LOAD C:/Users/91960/Desktop/STM_Projects/NEW_IOT_AI/Net1201.a
START GROUP
LOAD C:/ST/STM32CubeIDE_2.2.0/STM32CubeIDE/plugins/com.st.stm32cube.ide.mcu.externaltools.gnu-tools-for-stm32.14.3.rel1.win32_1.0.100.202602081740/tools/bin/../lib/gcc/arm-none-eabi/14.3.1/../../../../arm-none-eabi/lib/thumb/v7e-m+fp/hard\libc_nano.a
LOAD C:/ST/STM32CubeIDE_2.2.0/STM32CubeIDE/plugins/com.st.stm32cube.ide.mcu.externaltools.gnu-tools-for-stm32.14.3.rel1.win32_1.0.100.202602081740/tools/bin/../lib/gcc/arm-none-eabi/14.3.1/../../../../arm-none-eabi/lib/thumb/v7e-m+fp/hard\libm.a
END GROUP
START GROUP
LOAD C:/ST/STM32CubeIDE_2.2.0/STM32CubeIDE/plugins/com.st.stm32cube.ide.mcu.externaltools.gnu-tools-for-stm32.14.3.rel1.win32_1.0.100.202602081740/tools/bin/../lib/gcc/arm-none-eabi/14.3.1/thumb/v7e-m+fp/hard\libgcc.a
LOAD C:/ST/STM32CubeIDE_2.2.0/STM32CubeIDE/plugins/com.st.stm32cube.ide.mcu.externaltools.gnu-tools-for-stm32.14.3.rel1.win32_1.0.100.202602081740/tools/bin/../lib/gcc/arm-none-eabi/14.3.1/../../../../arm-none-eabi/lib/thumb/v7e-m+fp/hard\libc_nano.a
END GROUP
START GROUP
LOAD C:/ST/STM32CubeIDE_2.2.0/STM32CubeIDE/plugins/com.st.stm32cube.ide.mcu.externaltools.gnu-tools-for-stm32.14.3.rel1.win32_1.0.100.202602081740/tools/bin/../lib/gcc/arm-none-eabi/14.3.1/thumb/v7e-m+fp/hard\libgcc.a
LOAD C:/ST/STM32CubeIDE_2.2.0/STM32CubeIDE/plugins/com.st.stm32cube.ide.mcu.externaltools.gnu-tools-for-stm32.14.3.rel1.win32_1.0.100.202602081740/tools/bin/../lib/gcc/arm-none-eabi/14.3.1/../../../../arm-none-eabi/lib/thumb/v7e-m+fp/hard\libc_nano.a
LOAD C:/ST/STM32CubeIDE_2.2.0/STM32CubeIDE/plugins/com.st.stm32cube.ide.mcu.externaltools.gnu-tools-for-stm32.14.3.rel1.win32_1.0.100.202602081740/tools/bin/../lib/gcc/arm-none-eabi/14.3.1/../../../../arm-none-eabi/lib/thumb/v7e-m+fp/hard\libnosys.a
END GROUP
START GROUP
LOAD C:/ST/STM32CubeIDE_2.2.0/STM32CubeIDE/plugins/com.st.stm32cube.ide.mcu.externaltools.gnu-tools-for-stm32.14.3.rel1.win32_1.0.100.202602081740/tools/bin/../lib/gcc/arm-none-eabi/14.3.1/thumb/v7e-m+fp/hard\libgcc.a
LOAD C:/ST/STM32CubeIDE_2.2.0/STM32CubeIDE/plugins/com.st.stm32cube.ide.mcu.externaltools.gnu-tools-for-stm32.14.3.rel1.win32_1.0.100.202602081740/tools/bin/../lib/gcc/arm-none-eabi/14.3.1/../../../../arm-none-eabi/lib/thumb/v7e-m+fp/hard\libc_nano.a
LOAD C:/ST/STM32CubeIDE_2.2.0/STM32CubeIDE/plugins/com.st.stm32cube.ide.mcu.externaltools.gnu-tools-for-stm32.14.3.rel1.win32_1.0.100.202602081740/tools/bin/../lib/gcc/arm-none-eabi/14.3.1/../../../../arm-none-eabi/lib/thumb/v7e-m+fp/hard\libnosys.a
END GROUP
LOAD C:/ST/STM32CubeIDE_2.2.0/STM32CubeIDE/plugins/com.st.stm32cube.ide.mcu.externaltools.gnu-tools-for-stm32.14.3.rel1.win32_1.0.100.202602081740/tools/bin/../lib/gcc/arm-none-eabi/14.3.1/thumb/v7e-m+fp/hard/crtend.o
LOAD C:/ST/STM32CubeIDE_2.2.0/STM32CubeIDE/plugins/com.st.stm32cube.ide.mcu.externaltools.gnu-tools-for-stm32.14.3.rel1.win32_1.0.100.202602081740/tools/bin/../lib/gcc/arm-none-eabi/14.3.1/thumb/v7e-m+fp/hard/crtn.o
                0x20020000                        _estack = (ORIGIN (RAM) + LENGTH (RAM))
                0x00000200                        _Min_Heap_Size = 0x200
                0x00000400                        _Min_Stack_Size = 0x400

.isr_vector     0x08000000      0x188
                0x08000000                        . = ALIGN (0x4)
 *(.isr_vector)
 .isr_vector    0x08000000      0x188 ./Core/Startup/startup_stm32f407vgtx.o
                0x08000000                g_pfnVectors
                0x08000188                        . = ALIGN (0x4)

.text           0x08000190     0xa54c
                0x08000190                        . = ALIGN (0x4)
 *(.text)
 .text          0x08000190       0x40 C:/ST/STM32CubeIDE_2.2.0/STM32CubeIDE/plugins/com.st.stm32cube.ide.mcu.externaltools.gnu-tools-for-stm32.14.3.rel1.win32_1.0.100.202602081740/tools/bin/../lib/gcc/arm-none-eabi/14.3.1/thumb/v7e-m+fp/hard/crtbegin.o
 .text          0x080001d0       0x30 C:/ST/STM32CubeIDE_2.2.0/STM32CubeIDE/plugins/com.st.stm32cube.ide.mcu.externaltools.gnu-tools-for-stm32.14.3.rel1.win32_1.0.100.202602081740/tools/bin/../lib/gcc/arm-none-eabi/14.3.1/thumb/v7e-m+fp/hard\libgcc.a(_aeabi_uldivmod.o)
                0x080001d0                __aeabi_uldivmod
 .text          0x08000200      0x2f8 C:/ST/STM32CubeIDE_2.2.0/STM32CubeIDE/plugins/com.st.stm32cube.ide.mcu.externaltools.gnu-tools-for-stm32.14.3.rel1.win32_1.0.100.202602081740/tools/bin/../lib/gcc/arm-none-eabi/14.3.1/thumb/v7e-m+fp/hard\libgcc.a(_udivmoddi4.o)
                0x08000200                __udivmoddi4
 .text          0x080004f8        0x4 C:/ST/STM32CubeIDE_2.2.0/STM32CubeIDE/plugins/com.st.stm32cube.ide.mcu.externaltools.gnu-tools-for-stm32.14.3.rel1.win32_1.0.100.202602081740/tools/bin/../lib/gcc/arm-none-eabi/14.3.1/thumb/v7e-m+fp/hard\libgcc.a(_dvmd_tls.o)
                0x080004f8                __aeabi_idiv0
                0x080004f8                __aeabi_ldiv0
 *(.text*)
 .text.ai_inference_init
                0x080004fc       0xdc ./Core/Src/ai_inference.o
                0x080004fc                ai_inference_init
 .text.normalize_window
                0x080005d8       0x98 ./Core/Src/ai_inference.o
 .text.ai_inference_update
                0x08000670      0x2fc ./Core/Src/ai_inference.o
                0x08000670                ai_inference_update
 .text.pseudo_noise
                0x0800096c       0x70 ./Core/Src/main.o
 .text.SensorTask
                0x080009dc      0x1b8 ./Core/Src/main.o
 .text.main     0x08000b94       0x8c ./Core/Src/main.o
                0x08000b94                main
 .text.SystemClock_Config
                0x08000c20       0xbc ./Core/Src/main.o
                0x08000c20                SystemClock_Config
 .text.MX_I2C1_Init
                0x08000cdc       0x5c ./Core/Src/main.o
 .text.MX_USART2_UART_Init
                0x08000d38       0x54 ./Core/Src/main.o
 .text.MX_GPIO_Init
                0x08000d8c       0x50 ./Core/Src/main.o
 .text.ota_send_ack
                0x08000ddc       0x3c ./Core/Src/main.o
 .text.ota_send_nak
                0x08000e18       0x3c ./Core/Src/main.o
 .text.ota_dispatch_frame
                0x08000e54       0xfc ./Core/Src/main.o
 .text.HAL_UART_RxCpltCallback
                0x08000f50       0x5c ./Core/Src/main.o
                0x08000f50                HAL_UART_RxCpltCallback
 .text.HAL_UART_ErrorCallback
                0x08000fac       0x48 ./Core/Src/main.o
                0x08000fac                HAL_UART_ErrorCallback
 .text.HAL_TIM_PeriodElapsedCallback
                0x08000ff4       0x24 ./Core/Src/main.o
                0x08000ff4                HAL_TIM_PeriodElapsedCallback
 .text.Error_Handler
                0x08001018        0xc ./Core/Src/main.o
                0x08001018                Error_Handler
 .text.MPU6050_Init
                0x08001024       0xb4 ./Core/Src/mpu6050.o
                0x08001024                MPU6050_Init
 .text.MPU6050_Read_Accel_g
                0x080010d8       0xb8 ./Core/Src/mpu6050.o
                0x080010d8                MPU6050_Read_Accel_g
 .text._stai_network_check
                0x08001190      0x108 ./Core/Src/network.o
 .text.stai_network_init
                0x08001298       0x60 ./Core/Src/network.o
                0x08001298                stai_network_init
 .text.stai_network_run
                0x080012f8      0x74c ./Core/Src/network.o
                0x080012f8                stai_network_run
 .text.stai_network_set_activations
                0x08001a44      0x1a4 ./Core/Src/network.o
                0x08001a44                stai_network_set_activations
 .text.stai_network_set_weights
                0x08001be8      0x198 ./Core/Src/network.o
                0x08001be8                stai_network_set_weights
 .text.stai_network_set_inputs
                0x08001d80      0x198 ./Core/Src/network.o
                0x08001d80                stai_network_set_inputs
 .text.stai_network_set_outputs
                0x08001f18      0x19c ./Core/Src/network.o
                0x08001f18                stai_network_set_outputs
 .text.crc16_ccitt
                0x080020b4       0x80 ./Core/Src/sensor_protocol.o
                0x080020b4                crc16_ccitt
 .text.stuff_byte
                0x08002134       0x84 ./Core/Src/sensor_protocol.o
 .text.hdlc_encode_frame
                0x080021b8       0xd0 ./Core/Src/sensor_protocol.o
                0x080021b8                hdlc_encode_frame
 .text.hdlc_encode_raw
                0x08002288       0xd6 ./Core/Src/sensor_protocol.o
                0x08002288                hdlc_encode_raw
 .text.hdlc_decoder_init
                0x0800235e       0x22 ./Core/Src/sensor_protocol.o
                0x0800235e                hdlc_decoder_init
 .text.hdlc_decoder_feed
                0x08002380      0x10c ./Core/Src/sensor_protocol.o
                0x08002380                hdlc_decoder_feed
 .text.HAL_MspInit
                0x0800248c       0x58 ./Core/Src/stm32f4xx_hal_msp.o
                0x0800248c                HAL_MspInit
 .text.HAL_I2C_MspInit
                0x080024e4       0x90 ./Core/Src/stm32f4xx_hal_msp.o
                0x080024e4                HAL_I2C_MspInit
 .text.HAL_UART_MspInit
                0x08002574       0xa0 ./Core/Src/stm32f4xx_hal_msp.o
                0x08002574                HAL_UART_MspInit
 .text.HAL_InitTick
                0x08002614       0xf8 ./Core/Src/stm32f4xx_hal_timebase_tim.o
                0x08002614                HAL_InitTick
 .text.NMI_Handler
                0x0800270c        0x8 ./Core/Src/stm32f4xx_it.o
                0x0800270c                NMI_Handler
 .text.HardFault_Handler
                0x08002714        0x8 ./Core/Src/stm32f4xx_it.o
                0x08002714                HardFault_Handler
 .text.MemManage_Handler
                0x0800271c        0x8 ./Core/Src/stm32f4xx_it.o
                0x0800271c                MemManage_Handler
 .text.BusFault_Handler
                0x08002724        0x8 ./Core/Src/stm32f4xx_it.o
                0x08002724                BusFault_Handler
 .text.UsageFault_Handler
                0x0800272c        0x8 ./Core/Src/stm32f4xx_it.o
                0x0800272c                UsageFault_Handler
 .text.DebugMon_Handler
                0x08002734        0xe ./Core/Src/stm32f4xx_it.o
                0x08002734                DebugMon_Handler
 *fill*         0x08002742        0x2 
 .text.USART2_IRQHandler
                0x08002744       0x14 ./Core/Src/stm32f4xx_it.o
                0x08002744                USART2_IRQHandler
 .text.TIM6_DAC_IRQHandler
                0x08002758       0x14 ./Core/Src/stm32f4xx_it.o
                0x08002758                TIM6_DAC_IRQHandler
 .text.SystemInit
                0x0800276c       0x24 ./Core/Src/system_stm32f4xx.o
                0x0800276c                SystemInit
 .text.itm_init
                0x08002790       0x54 ./Core/Src/vibration_itm_logger.o
                0x08002790                itm_init
 .text.vibration_rms_read
                0x080027e4       0xb4 ./Core/Src/vibration_rms.o
                0x080027e4                vibration_rms_read
 .text.Reset_Handler
                0x08002898       0x50 ./Core/Startup/startup_stm32f407vgtx.o
                0x08002898                Reset_Handler
 .text.Default_Handler
                0x080028e8        0x2 ./Core/Startup/startup_stm32f407vgtx.o
                0x080028e8                RTC_Alarm_IRQHandler
                0x080028e8                HASH_RNG_IRQHandler
                0x080028e8                EXTI2_IRQHandler
                0x080028e8                TIM8_CC_IRQHandler
                0x080028e8                TIM1_CC_IRQHandler
                0x080028e8                DMA2_Stream5_IRQHandler
                0x080028e8                DMA1_Stream5_IRQHandler
                0x080028e8                PVD_IRQHandler
                0x080028e8                SDIO_IRQHandler
                0x080028e8                TAMP_STAMP_IRQHandler
                0x080028e8                CAN2_RX1_IRQHandler
                0x080028e8                EXTI3_IRQHandler
                0x080028e8                TIM8_TRG_COM_TIM14_IRQHandler
                0x080028e8                TIM1_UP_TIM10_IRQHandler
                0x080028e8                TIM8_UP_TIM13_IRQHandler
                0x080028e8                I2C3_ER_IRQHandler
                0x080028e8                EXTI0_IRQHandler
                0x080028e8                I2C2_EV_IRQHandler
                0x080028e8                DMA1_Stream2_IRQHandler
                0x080028e8                CAN1_RX0_IRQHandler
                0x080028e8                FPU_IRQHandler
                0x080028e8                OTG_HS_WKUP_IRQHandler
                0x080028e8                CAN2_SCE_IRQHandler
                0x080028e8                DMA2_Stream2_IRQHandler
                0x080028e8                SPI1_IRQHandler
                0x080028e8                TIM1_BRK_TIM9_IRQHandler
                0x080028e8                DCMI_IRQHandler
                0x080028e8                CAN2_RX0_IRQHandler
                0x080028e8                DMA2_Stream3_IRQHandler
                0x080028e8                USART6_IRQHandler
                0x080028e8                USART3_IRQHandler
                0x080028e8                CAN1_RX1_IRQHandler
                0x080028e8                UART5_IRQHandler
                0x080028e8                DMA2_Stream0_IRQHandler
                0x080028e8                TIM4_IRQHandler
                0x080028e8                I2C1_EV_IRQHandler
                0x080028e8                DMA1_Stream6_IRQHandler
                0x080028e8                DMA1_Stream1_IRQHandler
                0x080028e8                UART4_IRQHandler
                0x080028e8                TIM3_IRQHandler
                0x080028e8                RCC_IRQHandler
                0x080028e8                TIM8_BRK_TIM12_IRQHandler
                0x080028e8                Default_Handler
                0x080028e8                EXTI15_10_IRQHandler
                0x080028e8                ADC_IRQHandler
                0x080028e8                DMA1_Stream7_IRQHandler
                0x080028e8                TIM7_IRQHandler
                0x080028e8                CAN2_TX_IRQHandler
                0x080028e8                TIM5_IRQHandler
                0x080028e8                DMA2_Stream7_IRQHandler
                0x080028e8                I2C3_EV_IRQHandler
                0x080028e8                EXTI9_5_IRQHandler
                0x080028e8                RTC_WKUP_IRQHandler
                0x080028e8                ETH_WKUP_IRQHandler
                0x080028e8                SPI2_IRQHandler
                0x080028e8                OTG_HS_EP1_IN_IRQHandler
                0x080028e8                DMA1_Stream0_IRQHandler
                0x080028e8                CAN1_TX_IRQHandler
                0x080028e8                EXTI4_IRQHandler
                0x080028e8                FSMC_IRQHandler
                0x080028e8                ETH_IRQHandler
                0x080028e8                OTG_HS_EP1_OUT_IRQHandler
                0x080028e8                WWDG_IRQHandler
                0x080028e8                TIM2_IRQHandler
                0x080028e8                OTG_FS_WKUP_IRQHandler
                0x080028e8                TIM1_TRG_COM_TIM11_IRQHandler
                0x080028e8                OTG_HS_IRQHandler
                0x080028e8                EXTI1_IRQHandler
                0x080028e8                I2C2_ER_IRQHandler
                0x080028e8                DMA2_Stream1_IRQHandler
                0x080028e8                CAN1_SCE_IRQHandler
                0x080028e8                FLASH_IRQHandler
                0x080028e8                DMA2_Stream4_IRQHandler
                0x080028e8                USART1_IRQHandler
                0x080028e8                OTG_FS_IRQHandler
                0x080028e8                SPI3_IRQHandler
                0x080028e8                DMA1_Stream4_IRQHandler
                0x080028e8                I2C1_ER_IRQHandler
                0x080028e8                DMA2_Stream6_IRQHandler
                0x080028e8                DMA1_Stream3_IRQHandler
 *fill*         0x080028ea        0x2 
 .text.HAL_Init
                0x080028ec       0x44 ./Drivers/STM32F4xx_HAL_Driver/Src/stm32f4xx_hal.o
                0x080028ec                HAL_Init
 .text.HAL_IncTick
                0x08002930       0x28 ./Drivers/STM32F4xx_HAL_Driver/Src/stm32f4xx_hal.o
                0x08002930                HAL_IncTick
 .text.HAL_GetTick
                0x08002958       0x18 ./Drivers/STM32F4xx_HAL_Driver/Src/stm32f4xx_hal.o
                0x08002958                HAL_GetTick
 .text.__NVIC_SetPriorityGrouping
                0x08002970       0x48 ./Drivers/STM32F4xx_HAL_Driver/Src/stm32f4xx_hal_cortex.o
 .text.__NVIC_GetPriorityGrouping
                0x080029b8       0x1c ./Drivers/STM32F4xx_HAL_Driver/Src/stm32f4xx_hal_cortex.o
 .text.__NVIC_EnableIRQ
                0x080029d4       0x3c ./Drivers/STM32F4xx_HAL_Driver/Src/stm32f4xx_hal_cortex.o
 .text.__NVIC_SetPriority
                0x08002a10       0x54 ./Drivers/STM32F4xx_HAL_Driver/Src/stm32f4xx_hal_cortex.o
 .text.NVIC_EncodePriority
                0x08002a64       0x66 ./Drivers/STM32F4xx_HAL_Driver/Src/stm32f4xx_hal_cortex.o
 .text.HAL_NVIC_SetPriorityGrouping
                0x08002aca       0x16 ./Drivers/STM32F4xx_HAL_Driver/Src/stm32f4xx_hal_cortex.o
                0x08002aca                HAL_NVIC_SetPriorityGrouping
 .text.HAL_NVIC_SetPriority
                0x08002ae0       0x38 ./Drivers/STM32F4xx_HAL_Driver/Src/stm32f4xx_hal_cortex.o
                0x08002ae0                HAL_NVIC_SetPriority
 .text.HAL_NVIC_EnableIRQ
                0x08002b18       0x1c ./Drivers/STM32F4xx_HAL_Driver/Src/stm32f4xx_hal_cortex.o
                0x08002b18                HAL_NVIC_EnableIRQ
 .text.HAL_DMA_Abort
                0x08002b34       0xe0 ./Drivers/STM32F4xx_HAL_Driver/Src/stm32f4xx_hal_dma.o
                0x08002b34                HAL_DMA_Abort
 .text.HAL_DMA_Abort_IT
                0x08002c14       0x44 ./Drivers/STM32F4xx_HAL_Driver/Src/stm32f4xx_hal_dma.o
                0x08002c14                HAL_DMA_Abort_IT
 .text.HAL_FLASH_Program
                0x08002c58       0xa4 ./Drivers/STM32F4xx_HAL_Driver/Src/stm32f4xx_hal_flash.o
                0x08002c58                HAL_FLASH_Program
 .text.HAL_FLASH_Unlock
                0x08002cfc       0x44 ./Drivers/STM32F4xx_HAL_Driver/Src/stm32f4xx_hal_flash.o
                0x08002cfc                HAL_FLASH_Unlock
 .text.HAL_FLASH_Lock
                0x08002d40       0x20 ./Drivers/STM32F4xx_HAL_Driver/Src/stm32f4xx_hal_flash.o
                0x08002d40                HAL_FLASH_Lock
 .text.FLASH_WaitForLastOperation
                0x08002d60       0x80 ./Drivers/STM32F4xx_HAL_Driver/Src/stm32f4xx_hal_flash.o
                0x08002d60                FLASH_WaitForLastOperation
 .text.FLASH_Program_DoubleWord
                0x08002de0       0x64 ./Drivers/STM32F4xx_HAL_Driver/Src/stm32f4xx_hal_flash.o
 .text.FLASH_Program_Word
                0x08002e44       0x44 ./Drivers/STM32F4xx_HAL_Driver/Src/stm32f4xx_hal_flash.o
 .text.FLASH_Program_HalfWord
                0x08002e88       0x48 ./Drivers/STM32F4xx_HAL_Driver/Src/stm32f4xx_hal_flash.o
 .text.FLASH_Program_Byte
                0x08002ed0       0x44 ./Drivers/STM32F4xx_HAL_Driver/Src/stm32f4xx_hal_flash.o
 .text.FLASH_SetErrorCode
                0x08002f14       0xac ./Drivers/STM32F4xx_HAL_Driver/Src/stm32f4xx_hal_flash.o
 .text.HAL_FLASHEx_Erase
                0x08002fc0       0xdc ./Drivers/STM32F4xx_HAL_Driver/Src/stm32f4xx_hal_flash_ex.o
                0x08002fc0                HAL_FLASHEx_Erase
 .text.FLASH_MassErase
                0x0800309c       0x48 ./Drivers/STM32F4xx_HAL_Driver/Src/stm32f4xx_hal_flash_ex.o
 .text.FLASH_Erase_Sector
                0x080030e4       0x90 ./Drivers/STM32F4xx_HAL_Driver/Src/stm32f4xx_hal_flash_ex.o
                0x080030e4                FLASH_Erase_Sector
 .text.FLASH_FlushCaches
                0x08003174       0x8c ./Drivers/STM32F4xx_HAL_Driver/Src/stm32f4xx_hal_flash_ex.o
                0x08003174                FLASH_FlushCaches
 .text.HAL_GPIO_Init
                0x08003200      0x338 ./Drivers/STM32F4xx_HAL_Driver/Src/stm32f4xx_hal_gpio.o
                0x08003200                HAL_GPIO_Init
 .text.HAL_I2C_Init
                0x08003538      0x288 ./Drivers/STM32F4xx_HAL_Driver/Src/stm32f4xx_hal_i2c.o
                0x08003538                HAL_I2C_Init
 .text.HAL_I2C_Mem_Write
                0x080037c0      0x1f4 ./Drivers/STM32F4xx_HAL_Driver/Src/stm32f4xx_hal_i2c.o
                0x080037c0                HAL_I2C_Mem_Write
 .text.HAL_I2C_Mem_Read
                0x080039b4      0x464 ./Drivers/STM32F4xx_HAL_Driver/Src/stm32f4xx_hal_i2c.o
                0x080039b4                HAL_I2C_Mem_Read
 .text.HAL_I2C_IsDeviceReady
                0x08003e18      0x25c ./Drivers/STM32F4xx_HAL_Driver/Src/stm32f4xx_hal_i2c.o
                0x08003e18                HAL_I2C_IsDeviceReady
 .text.I2C_RequestMemoryWrite
                0x08004074      0x12c ./Drivers/STM32F4xx_HAL_Driver/Src/stm32f4xx_hal_i2c.o
 .text.I2C_RequestMemoryRead
                0x080041a0      0x1d0 ./Drivers/STM32F4xx_HAL_Driver/Src/stm32f4xx_hal_i2c.o
 .text.I2C_WaitOnFlagUntilTimeout
                0x08004370       0xf4 ./Drivers/STM32F4xx_HAL_Driver/Src/stm32f4xx_hal_i2c.o
 .text.I2C_WaitOnMasterAddressFlagUntilTimeout
                0x08004464      0x140 ./Drivers/STM32F4xx_HAL_Driver/Src/stm32f4xx_hal_i2c.o
 .text.I2C_WaitOnTXEFlagUntilTimeout
                0x080045a4       0x90 ./Drivers/STM32F4xx_HAL_Driver/Src/stm32f4xx_hal_i2c.o
 .text.I2C_WaitOnBTFFlagUntilTimeout
                0x08004634       0x90 ./Drivers/STM32F4xx_HAL_Driver/Src/stm32f4xx_hal_i2c.o
 .text.I2C_WaitOnRXNEFlagUntilTimeout
                0x080046c4       0xba ./Drivers/STM32F4xx_HAL_Driver/Src/stm32f4xx_hal_i2c.o
 .text.I2C_IsAcknowledgeFailed
                0x0800477e       0x5e ./Drivers/STM32F4xx_HAL_Driver/Src/stm32f4xx_hal_i2c.o
 .text.HAL_RCC_OscConfig
                0x080047dc      0x4f0 ./Drivers/STM32F4xx_HAL_Driver/Src/stm32f4xx_hal_rcc.o
                0x080047dc                HAL_RCC_OscConfig
 .text.HAL_RCC_ClockConfig
                0x08004ccc      0x1cc ./Drivers/STM32F4xx_HAL_Driver/Src/stm32f4xx_hal_rcc.o
                0x08004ccc                HAL_RCC_ClockConfig
 .text.HAL_RCC_GetSysClockFreq
                0x08004e98      0x188 ./Drivers/STM32F4xx_HAL_Driver/Src/stm32f4xx_hal_rcc.o
                0x08004e98                HAL_RCC_GetSysClockFreq
 .text.HAL_RCC_GetHCLKFreq
                0x08005020       0x18 ./Drivers/STM32F4xx_HAL_Driver/Src/stm32f4xx_hal_rcc.o
                0x08005020                HAL_RCC_GetHCLKFreq
 .text.HAL_RCC_GetPCLK1Freq
                0x08005038       0x28 ./Drivers/STM32F4xx_HAL_Driver/Src/stm32f4xx_hal_rcc.o
                0x08005038                HAL_RCC_GetPCLK1Freq
 .text.HAL_RCC_GetPCLK2Freq
                0x08005060       0x28 ./Drivers/STM32F4xx_HAL_Driver/Src/stm32f4xx_hal_rcc.o
                0x08005060                HAL_RCC_GetPCLK2Freq
 .text.HAL_RCC_GetClockConfig
                0x08005088       0x64 ./Drivers/STM32F4xx_HAL_Driver/Src/stm32f4xx_hal_rcc.o
                0x08005088                HAL_RCC_GetClockConfig
 .text.HAL_TIM_Base_Init
                0x080050ec       0x9e ./Drivers/STM32F4xx_HAL_Driver/Src/stm32f4xx_hal_tim.o
                0x080050ec                HAL_TIM_Base_Init
 .text.HAL_TIM_Base_MspInit
                0x0800518a       0x14 ./Drivers/STM32F4xx_HAL_Driver/Src/stm32f4xx_hal_tim.o
                0x0800518a                HAL_TIM_Base_MspInit
 *fill*         0x0800519e        0x2 
 .text.HAL_TIM_Base_Start_IT
                0x080051a0       0xe0 ./Drivers/STM32F4xx_HAL_Driver/Src/stm32f4xx_hal_tim.o
                0x080051a0                HAL_TIM_Base_Start_IT
 .text.HAL_TIM_IRQHandler
                0x08005280      0x1e0 ./Drivers/STM32F4xx_HAL_Driver/Src/stm32f4xx_hal_tim.o
                0x08005280                HAL_TIM_IRQHandler
 .text.HAL_TIM_OC_DelayElapsedCallback
                0x08005460       0x14 ./Drivers/STM32F4xx_HAL_Driver/Src/stm32f4xx_hal_tim.o
                0x08005460                HAL_TIM_OC_DelayElapsedCallback
 .text.HAL_TIM_IC_CaptureCallback
                0x08005474       0x14 ./Drivers/STM32F4xx_HAL_Driver/Src/stm32f4xx_hal_tim.o
                0x08005474                HAL_TIM_IC_CaptureCallback
 .text.HAL_TIM_PWM_PulseFinishedCallback
                0x08005488       0x14 ./Drivers/STM32F4xx_HAL_Driver/Src/stm32f4xx_hal_tim.o
                0x08005488                HAL_TIM_PWM_PulseFinishedCallback
 .text.HAL_TIM_TriggerCallback
                0x0800549c       0x14 ./Drivers/STM32F4xx_HAL_Driver/Src/stm32f4xx_hal_tim.o
                0x0800549c                HAL_TIM_TriggerCallback
 .text.TIM_Base_SetConfig
                0x080054b0      0x14c ./Drivers/STM32F4xx_HAL_Driver/Src/stm32f4xx_hal_tim.o
                0x080054b0                TIM_Base_SetConfig
 .text.HAL_TIMEx_CommutCallback
                0x080055fc       0x14 ./Drivers/STM32F4xx_HAL_Driver/Src/stm32f4xx_hal_tim_ex.o
                0x080055fc                HAL_TIMEx_CommutCallback
 .text.HAL_TIMEx_BreakCallback
                0x08005610       0x14 ./Drivers/STM32F4xx_HAL_Driver/Src/stm32f4xx_hal_tim_ex.o
                0x08005610                HAL_TIMEx_BreakCallback
 .text.HAL_UART_Init
                0x08005624       0xa0 ./Drivers/STM32F4xx_HAL_Driver/Src/stm32f4xx_hal_uart.o
                0x08005624                HAL_UART_Init
 .text.HAL_UART_Transmit
                0x080056c4      0x116 ./Drivers/STM32F4xx_HAL_Driver/Src/stm32f4xx_hal_uart.o
                0x080056c4                HAL_UART_Transmit
 .text.HAL_UART_Receive_IT
                0x080057da       0x4a ./Drivers/STM32F4xx_HAL_Driver/Src/stm32f4xx_hal_uart.o
                0x080057da                HAL_UART_Receive_IT
 .text.HAL_UART_IRQHandler
                0x08005824      0x554 ./Drivers/STM32F4xx_HAL_Driver/Src/stm32f4xx_hal_uart.o
                0x08005824                HAL_UART_IRQHandler
 .text.HAL_UART_TxCpltCallback
                0x08005d78       0x14 ./Drivers/STM32F4xx_HAL_Driver/Src/stm32f4xx_hal_uart.o
                0x08005d78                HAL_UART_TxCpltCallback
 .text.HAL_UARTEx_RxEventCallback
                0x08005d8c       0x18 ./Drivers/STM32F4xx_HAL_Driver/Src/stm32f4xx_hal_uart.o
                0x08005d8c                HAL_UARTEx_RxEventCallback
 .text.UART_WaitOnFlagUntilTimeout
                0x08005da4       0xb2 ./Drivers/STM32F4xx_HAL_Driver/Src/stm32f4xx_hal_uart.o
 .text.UART_Start_Receive_IT
                0x08005e56       0x74 ./Drivers/STM32F4xx_HAL_Driver/Src/stm32f4xx_hal_uart.o
                0x08005e56                UART_Start_Receive_IT
 .text.UART_EndRxTransfer
                0x08005eca       0xc6 ./Drivers/STM32F4xx_HAL_Driver/Src/stm32f4xx_hal_uart.o
 .text.UART_DMAAbortOnError
                0x08005f90       0x22 ./Drivers/STM32F4xx_HAL_Driver/Src/stm32f4xx_hal_uart.o
 .text.UART_Transmit_IT
                0x08005fb2       0xa0 ./Drivers/STM32F4xx_HAL_Driver/Src/stm32f4xx_hal_uart.o
 .text.UART_EndTransmit_IT
                0x08006052       0x30 ./Drivers/STM32F4xx_HAL_Driver/Src/stm32f4xx_hal_uart.o
 .text.UART_Receive_IT
                0x08006082      0x17c ./Drivers/STM32F4xx_HAL_Driver/Src/stm32f4xx_hal_uart.o
 *fill*         0x080061fe        0x2 
 .text.UART_SetConfig
                0x08006200      0x4e8 ./Drivers/STM32F4xx_HAL_Driver/Src/stm32f4xx_hal_uart.o
 .text.SysTick_Handler
                0x080066e8       0x20 ./Middlewares/Third_Party/FreeRTOS/Source/CMSIS_RTOS_V2/cmsis_os2.o
                0x080066e8                SysTick_Handler
 .text.vApplicationGetIdleTaskMemory
                0x08006708       0x34 ./Middlewares/Third_Party/FreeRTOS/Source/CMSIS_RTOS_V2/cmsis_os2.o
                0x08006708                vApplicationGetIdleTaskMemory
 .text.vApplicationGetTimerTaskMemory
                0x0800673c       0x34 ./Middlewares/Third_Party/FreeRTOS/Source/CMSIS_RTOS_V2/cmsis_os2.o
                0x0800673c                vApplicationGetTimerTaskMemory
 .text.vListInitialise
                0x08006770       0x40 ./Middlewares/Third_Party/FreeRTOS/Source/list.o
                0x08006770                vListInitialise
 .text.vListInitialiseItem
                0x080067b0       0x1a ./Middlewares/Third_Party/FreeRTOS/Source/list.o
                0x080067b0                vListInitialiseItem
 .text.vListInsertEnd
                0x080067ca       0x48 ./Middlewares/Third_Party/FreeRTOS/Source/list.o
                0x080067ca                vListInsertEnd
 .text.vListInsert
                0x08006812       0x72 ./Middlewares/Third_Party/FreeRTOS/Source/list.o
                0x08006812                vListInsert
 .text.uxListRemove
                0x08006884       0x54 ./Middlewares/Third_Party/FreeRTOS/Source/list.o
                0x08006884                uxListRemove
 .text.xQueueGenericReset
                0x080068d8       0xd4 ./Middlewares/Third_Party/FreeRTOS/Source/queue.o
                0x080068d8                xQueueGenericReset
 .text.xQueueGenericCreateStatic
                0x080069ac       0xfa ./Middlewares/Third_Party/FreeRTOS/Source/queue.o
                0x080069ac                xQueueGenericCreateStatic
 .text.prvInitialiseNewQueue
                0x08006aa6       0x46 ./Middlewares/Third_Party/FreeRTOS/Source/queue.o
 .text.xQueueGenericSend
                0x08006aec      0x204 ./Middlewares/Third_Party/FreeRTOS/Source/queue.o
                0x08006aec                xQueueGenericSend
 .text.xQueueGenericSendFromISR
                0x08006cf0      0x13c ./Middlewares/Third_Party/FreeRTOS/Source/queue.o
                0x08006cf0                xQueueGenericSendFromISR
 .text.xQueueReceive
                0x08006e2c      0x1c4 ./Middlewares/Third_Party/FreeRTOS/Source/queue.o
                0x08006e2c                xQueueReceive
 .text.prvCopyDataToQueue
                0x08006ff0       0xd4 ./Middlewares/Third_Party/FreeRTOS/Source/queue.o
 .text.prvCopyDataFromQueue
                0x080070c4       0x4c ./Middlewares/Third_Party/FreeRTOS/Source/queue.o
 .text.prvUnlockQueue
                0x08007110       0xa4 ./Middlewares/Third_Party/FreeRTOS/Source/queue.o
 .text.prvIsQueueEmpty
                0x080071b4       0x2c ./Middlewares/Third_Party/FreeRTOS/Source/queue.o
 .text.prvIsQueueFull
                0x080071e0       0x30 ./Middlewares/Third_Party/FreeRTOS/Source/queue.o
 .text.vQueueAddToRegistry
                0x08007210       0x54 ./Middlewares/Third_Party/FreeRTOS/Source/queue.o
                0x08007210                vQueueAddToRegistry
 .text.vQueueWaitForMessageRestricted
                0x08007264       0x68 ./Middlewares/Third_Party/FreeRTOS/Source/queue.o
                0x08007264                vQueueWaitForMessageRestricted
 .text.xTaskCreateStatic
                0x080072cc       0xc0 ./Middlewares/Third_Party/FreeRTOS/Source/tasks.o
                0x080072cc                xTaskCreateStatic
 .text.xTaskCreate
                0x0800738c       0x8a ./Middlewares/Third_Party/FreeRTOS/Source/tasks.o
                0x0800738c                xTaskCreate
 .text.prvInitialiseNewTask
                0x08007416      0x120 ./Middlewares/Third_Party/FreeRTOS/Source/tasks.o
 *fill*         0x08007536        0x2 
 .text.prvAddNewTaskToReadyList
                0x08007538       0xe0 ./Middlewares/Third_Party/FreeRTOS/Source/tasks.o
 .text.vTaskDelay
                0x08007618       0x6c ./Middlewares/Third_Party/FreeRTOS/Source/tasks.o
                0x08007618                vTaskDelay
 .text.vTaskStartScheduler
                0x08007684       0xd0 ./Middlewares/Third_Party/FreeRTOS/Source/tasks.o
                0x08007684                vTaskStartScheduler
 .text.vTaskSuspendAll
                0x08007754       0x1c ./Middlewares/Third_Party/FreeRTOS/Source/tasks.o
                0x08007754                vTaskSuspendAll
 .text.xTaskResumeAll
                0x08007770      0x13c ./Middlewares/Third_Party/FreeRTOS/Source/tasks.o
                0x08007770                xTaskResumeAll
 .text.xTaskGetTickCount
                0x080078ac       0x20 ./Middlewares/Third_Party/FreeRTOS/Source/tasks.o
                0x080078ac                xTaskGetTickCount
 .text.xTaskIncrementTick
                0x080078cc      0x174 ./Middlewares/Third_Party/FreeRTOS/Source/tasks.o
                0x080078cc                xTaskIncrementTick
 .text.vTaskSwitchContext
                0x08007a40       0xbc ./Middlewares/Third_Party/FreeRTOS/Source/tasks.o
                0x08007a40                vTaskSwitchContext
 .text.vTaskPlaceOnEventList
                0x08007afc       0x4c ./Middlewares/Third_Party/FreeRTOS/Source/tasks.o
                0x08007afc                vTaskPlaceOnEventList
 .text.vTaskPlaceOnEventListRestricted
                0x08007b48       0x58 ./Middlewares/Third_Party/FreeRTOS/Source/tasks.o
                0x08007b48                vTaskPlaceOnEventListRestricted
 .text.xTaskRemoveFromEventList
                0x08007ba0       0xc8 ./Middlewares/Third_Party/FreeRTOS/Source/tasks.o
                0x08007ba0                xTaskRemoveFromEventList
 .text.vTaskInternalSetTimeOutState
                0x08007c68       0x2c ./Middlewares/Third_Party/FreeRTOS/Source/tasks.o
                0x08007c68                vTaskInternalSetTimeOutState
 .text.xTaskCheckForTimeOut
                0x08007c94       0xc8 ./Middlewares/Third_Party/FreeRTOS/Source/tasks.o
                0x08007c94                xTaskCheckForTimeOut
 .text.vTaskMissedYield
                0x08007d5c       0x18 ./Middlewares/Third_Party/FreeRTOS/Source/tasks.o
                0x08007d5c                vTaskMissedYield
 .text.prvIdleTask
                0x08007d74       0x30 ./Middlewares/Third_Party/FreeRTOS/Source/tasks.o
 .text.prvInitialiseTaskLists
                0x08007da4       0x80 ./Middlewares/Third_Party/FreeRTOS/Source/tasks.o
 .text.prvCheckTasksWaitingTermination
                0x08007e24       0x5c ./Middlewares/Third_Party/FreeRTOS/Source/tasks.o
 .text.prvDeleteTCB
                0x08007e80       0x60 ./Middlewares/Third_Party/FreeRTOS/Source/tasks.o
 .text.prvResetNextTaskUnblockTime
                0x08007ee0       0x40 ./Middlewares/Third_Party/FreeRTOS/Source/tasks.o
 .text.xTaskGetSchedulerState
                0x08007f20       0x3c ./Middlewares/Third_Party/FreeRTOS/Source/tasks.o
                0x08007f20                xTaskGetSchedulerState
 .text.xTaskPriorityDisinherit
                0x08007f5c       0xe0 ./Middlewares/Third_Party/FreeRTOS/Source/tasks.o
                0x08007f5c                xTaskPriorityDisinherit
 .text.prvAddCurrentTaskToDelayedList
                0x0800803c       0xa8 ./Middlewares/Third_Party/FreeRTOS/Source/tasks.o
 .text.xTimerCreateTimerTask
                0x080080e4       0x94 ./Middlewares/Third_Party/FreeRTOS/Source/timers.o
                0x080080e4                xTimerCreateTimerTask
 .text.xTimerGenericCommand
                0x08008178       0x9c ./Middlewares/Third_Party/FreeRTOS/Source/timers.o
                0x08008178                xTimerGenericCommand
 .text.prvProcessExpiredTimer
                0x08008214       0x9c ./Middlewares/Third_Party/FreeRTOS/Source/timers.o
 .text.prvTimerTask
                0x080082b0       0x26 ./Middlewares/Third_Party/FreeRTOS/Source/timers.o
 *fill*         0x080082d6        0x2 
 .text.prvProcessTimerOrBlockTask
                0x080082d8       0x9c ./Middlewares/Third_Party/FreeRTOS/Source/timers.o
 .text.prvGetNextExpireTime
                0x08008374       0x48 ./Middlewares/Third_Party/FreeRTOS/Source/timers.o
 .text.prvSampleTimeNow
                0x080083bc       0x40 ./Middlewares/Third_Party/FreeRTOS/Source/timers.o
 .text.prvInsertTimerInActiveList
                0x080083fc       0x84 ./Middlewares/Third_Party/FreeRTOS/Source/timers.o
 .text.prvProcessReceivedCommands
                0x08008480      0x1cc ./Middlewares/Third_Party/FreeRTOS/Source/timers.o
 .text.prvSwitchTimerLists
                0x0800864c       0xcc ./Middlewares/Third_Party/FreeRTOS/Source/timers.o
 .text.prvCheckForValidListAndQueue
                0x08008718       0x80 ./Middlewares/Third_Party/FreeRTOS/Source/timers.o
 .text.pxPortInitialiseStack
                0x08008798       0x68 ./Middlewares/Third_Party/FreeRTOS/Source/portable/GCC/ARM_CM4F/port.o
                0x08008798                pxPortInitialiseStack
 .text.prvTaskExitError
                0x08008800       0x5c ./Middlewares/Third_Party/FreeRTOS/Source/portable/GCC/ARM_CM4F/port.o
 *fill*         0x0800885c        0x4 
 .text.SVC_Handler
                0x08008860       0x28 ./Middlewares/Third_Party/FreeRTOS/Source/portable/GCC/ARM_CM4F/port.o
                0x08008860                SVC_Handler
 .text.prvPortStartFirstTask
                0x08008888       0x28 ./Middlewares/Third_Party/FreeRTOS/Source/portable/GCC/ARM_CM4F/port.o
 .text.xPortStartScheduler
                0x080088b0      0x148 ./Middlewares/Third_Party/FreeRTOS/Source/portable/GCC/ARM_CM4F/port.o
                0x080088b0                xPortStartScheduler
 .text.vPortEnterCritical
                0x080089f8       0x64 ./Middlewares/Third_Party/FreeRTOS/Source/portable/GCC/ARM_CM4F/port.o
                0x080089f8                vPortEnterCritical
 .text.vPortExitCritical
                0x08008a5c       0x54 ./Middlewares/Third_Party/FreeRTOS/Source/portable/GCC/ARM_CM4F/port.o
                0x08008a5c                vPortExitCritical
 .text.PendSV_Handler
                0x08008ab0       0x68 ./Middlewares/Third_Party/FreeRTOS/Source/portable/GCC/ARM_CM4F/port.o
                0x08008ab0                PendSV_Handler
 .text.xPortSysTickHandler
                0x08008b18       0x44 ./Middlewares/Third_Party/FreeRTOS/Source/portable/GCC/ARM_CM4F/port.o
                0x08008b18                xPortSysTickHandler
 .text.vPortSetupTimerInterrupt
                0x08008b5c       0x48 ./Middlewares/Third_Party/FreeRTOS/Source/portable/GCC/ARM_CM4F/port.o
                0x08008b5c                vPortSetupTimerInterrupt
 .text.vPortEnableVFP
                0x08008ba4       0x14 ./Middlewares/Third_Party/FreeRTOS/Source/portable/GCC/ARM_CM4F/port.o
 .text.vPortValidateInterruptPriority
                0x08008bb8       0x84 ./Middlewares/Third_Party/FreeRTOS/Source/portable/GCC/ARM_CM4F/port.o
                0x08008bb8                vPortValidateInterruptPriority
 .text.pvPortMalloc
                0x08008c3c      0x19c ./Middlewares/Third_Party/FreeRTOS/Source/portable/MemMang/heap_4.o
                0x08008c3c                pvPortMalloc
 .text.vPortFree
                0x08008dd8       0xc8 ./Middlewares/Third_Party/FreeRTOS/Source/portable/MemMang/heap_4.o
                0x08008dd8                vPortFree
 .text.prvHeapInit
                0x08008ea0       0xc4 ./Middlewares/Third_Party/FreeRTOS/Source/portable/MemMang/heap_4.o
 .text.prvInsertBlockIntoFreeList
                0x08008f64       0xb4 ./Middlewares/Third_Party/FreeRTOS/Source/portable/MemMang/heap_4.o
 .text.__NVIC_SystemReset
                0x08009018       0x2c ./app_ota_client/Src/ota_confirm.o
 .text.ota_confirm_good
                0x08009044       0x42 ./app_ota_client/Src/ota_confirm.o
                0x08009044                ota_confirm_good
 .text.ota_reboot_to_apply_update
                0x08009086        0x8 ./app_ota_client/Src/ota_confirm.o
                0x08009086                ota_reboot_to_apply_update
 *fill*         0x0800908e        0x2 
 .text.ota_slot_base
                0x08009090       0x2c ./app_ota_client/Src/ota_receiver.o
 .text.ota_slot_size
                0x080090bc       0x26 ./app_ota_client/Src/ota_receiver.o
 .text.ota_other_slot
                0x080090e2       0x22 ./app_ota_client/Src/ota_receiver.o
 .text.ota_receiver_init
                0x08009104       0x78 ./app_ota_client/Src/ota_receiver.o
                0x08009104                ota_receiver_init
 .text.ota_receiver_begin
                0x0800917c       0x98 ./app_ota_client/Src/ota_receiver.o
                0x0800917c                ota_receiver_begin
 .text.ota_receiver_data
                0x08009214       0xa0 ./app_ota_client/Src/ota_receiver.o
                0x08009214                ota_receiver_data
 .text.ota_receiver_end
                0x080092b4       0xa8 ./app_ota_client/Src/ota_receiver.o
                0x080092b4                ota_receiver_end
 .text.build_table
                0x0800935c       0x6c ./bootloader/Src/crc32.o
 .text.crc32_init
                0x080093c8       0x24 ./bootloader/Src/crc32.o
                0x080093c8                crc32_init
 .text.crc32_update
                0x080093ec       0x64 ./bootloader/Src/crc32.o
                0x080093ec                crc32_update
 .text.crc32_finalize
                0x08009450       0x18 ./bootloader/Src/crc32.o
                0x08009450                crc32_finalize
 .text.flash_ll_erase_sector
                0x08009468       0x6e ./bootloader/Src/flash_ll.o
                0x08009468                flash_ll_erase_sector
 .text.flash_ll_erase_sectors
                0x080094d6       0x70 ./bootloader/Src/flash_ll.o
                0x080094d6                flash_ll_erase_sectors
 .text.flash_ll_write
                0x08009546       0xd4 ./bootloader/Src/flash_ll.o
                0x08009546                flash_ll_write
 *fill*         0x0800961a        0x2 
 .text.flash_metadata_read
                0x0800961c       0x34 ./bootloader/Src/flash_metadata.o
                0x0800961c                flash_metadata_read
 .text.flash_metadata_write
                0x08009650       0x38 ./bootloader/Src/flash_metadata.o
                0x08009650                flash_metadata_write
 .text.forward_lite_dense_if32of32wf32
                0x08009688      0x2ac C:/Users/91960/Desktop/STM_Projects/NEW_IOT_AI/Net1201.a(lite_dense_if32.o)
                0x08009688                forward_lite_dense_if32of32wf32
 .text.forward_lite_nl_relu_if32of32
                0x08009934       0x44 C:/Users/91960/Desktop/STM_Projects/NEW_IOT_AI/Net1201.a(lite_nl_generic_float.o)
                0x08009934                forward_lite_nl_relu_if32of32
 .text.memset   0x08009978       0x10 C:/ST/STM32CubeIDE_2.2.0/STM32CubeIDE/plugins/com.st.stm32cube.ide.mcu.externaltools.gnu-tools-for-stm32.14.3.rel1.win32_1.0.100.202602081740/tools/bin/../lib/gcc/arm-none-eabi/14.3.1/../../../../arm-none-eabi/lib/thumb/v7e-m+fp/hard\libc_nano.a(libc_a-memset.o)
                0x08009978                memset
 .text.__errno  0x08009988        0xc C:/ST/STM32CubeIDE_2.2.0/STM32CubeIDE/plugins/com.st.stm32cube.ide.mcu.externaltools.gnu-tools-for-stm32.14.3.rel1.win32_1.0.100.202602081740/tools/bin/../lib/gcc/arm-none-eabi/14.3.1/../../../../arm-none-eabi/lib/thumb/v7e-m+fp/hard\libc_nano.a(libc_a-errno.o)
                0x08009988                __errno
 .text.__libc_init_array
                0x08009994       0x48 C:/ST/STM32CubeIDE_2.2.0/STM32CubeIDE/plugins/com.st.stm32cube.ide.mcu.externaltools.gnu-tools-for-stm32.14.3.rel1.win32_1.0.100.202602081740/tools/bin/../lib/gcc/arm-none-eabi/14.3.1/../../../../arm-none-eabi/lib/thumb/v7e-m+fp/hard\libc_nano.a(libc_a-init.o)
                0x08009994                __libc_init_array
 .text.memcpy   0x080099dc       0x1c C:/ST/STM32CubeIDE_2.2.0/STM32CubeIDE/plugins/com.st.stm32cube.ide.mcu.externaltools.gnu-tools-for-stm32.14.3.rel1.win32_1.0.100.202602081740/tools/bin/../lib/gcc/arm-none-eabi/14.3.1/../../../../arm-none-eabi/lib/thumb/v7e-m+fp/hard\libc_nano.a(libc_a-memcpy-stub.o)
                0x080099dc                memcpy
 .text.sqrtf    0x080099f8       0x44 C:/ST/STM32CubeIDE_2.2.0/STM32CubeIDE/plugins/com.st.stm32cube.ide.mcu.externaltools.gnu-tools-for-stm32.14.3.rel1.win32_1.0.100.202602081740/tools/bin/../lib/gcc/arm-none-eabi/14.3.1/../../../../arm-none-eabi/lib/thumb/v7e-m+fp/hard\libm.a(libm_a-wf_sqrt.o)
                0x080099f8                sqrtf
 .text.fabsf    0x08009a3c       0x10 C:/ST/STM32CubeIDE_2.2.0/STM32CubeIDE/plugins/com.st.stm32cube.ide.mcu.externaltools.gnu-tools-for-stm32.14.3.rel1.win32_1.0.100.202602081740/tools/bin/../lib/gcc/arm-none-eabi/14.3.1/../../../../arm-none-eabi/lib/thumb/v7e-m+fp/hard\libm.a(libm_a-sf_fabs.o)
                0x08009a3c                fabsf
 .text.sinf     0x08009a4c       0x74 C:/ST/STM32CubeIDE_2.2.0/STM32CubeIDE/plugins/com.st.stm32cube.ide.mcu.externaltools.gnu-tools-for-stm32.14.3.rel1.win32_1.0.100.202602081740/tools/bin/../lib/gcc/arm-none-eabi/14.3.1/../../../../arm-none-eabi/lib/thumb/v7e-m+fp/hard\libm.a(libm_a-sf_sin.o)
                0x08009a4c                sinf
 .text.__ieee754_sqrtf
                0x08009ac0        0x8 C:/ST/STM32CubeIDE_2.2.0/STM32CubeIDE/plugins/com.st.stm32cube.ide.mcu.externaltools.gnu-tools-for-stm32.14.3.rel1.win32_1.0.100.202602081740/tools/bin/../lib/gcc/arm-none-eabi/14.3.1/../../../../arm-none-eabi/lib/thumb/v7e-m+fp/hard\libm.a(libm_a-ef_sqrt.o)
                0x08009ac0                __ieee754_sqrtf
 .text.floorf   0x08009ac8       0x94 C:/ST/STM32CubeIDE_2.2.0/STM32CubeIDE/plugins/com.st.stm32cube.ide.mcu.externaltools.gnu-tools-for-stm32.14.3.rel1.win32_1.0.100.202602081740/tools/bin/../lib/gcc/arm-none-eabi/14.3.1/../../../../arm-none-eabi/lib/thumb/v7e-m+fp/hard\libm.a(libm_a-sf_floor.o)
                0x08009ac8                floorf
 .text.__kernel_cosf
                0x08009b5c      0x104 C:/ST/STM32CubeIDE_2.2.0/STM32CubeIDE/plugins/com.st.stm32cube.ide.mcu.externaltools.gnu-tools-for-stm32.14.3.rel1.win32_1.0.100.202602081740/tools/bin/../lib/gcc/arm-none-eabi/14.3.1/../../../../arm-none-eabi/lib/thumb/v7e-m+fp/hard\libm.a(libm_a-kf_cos.o)
                0x08009b5c                __kernel_cosf
 .text.__kernel_sinf
                0x08009c60       0x90 C:/ST/STM32CubeIDE_2.2.0/STM32CubeIDE/plugins/com.st.stm32cube.ide.mcu.externaltools.gnu-tools-for-stm32.14.3.rel1.win32_1.0.100.202602081740/tools/bin/../lib/gcc/arm-none-eabi/14.3.1/../../../../arm-none-eabi/lib/thumb/v7e-m+fp/hard\libm.a(libm_a-kf_sin.o)
                0x08009c60                __kernel_sinf
 .text.__ieee754_rem_pio2f
                0x08009cf0      0x26c C:/ST/STM32CubeIDE_2.2.0/STM32CubeIDE/plugins/com.st.stm32cube.ide.mcu.externaltools.gnu-tools-for-stm32.14.3.rel1.win32_1.0.100.202602081740/tools/bin/../lib/gcc/arm-none-eabi/14.3.1/../../../../arm-none-eabi/lib/thumb/v7e-m+fp/hard\libm.a(libm_a-ef_rem_pio2.o)
                0x08009cf0                __ieee754_rem_pio2f
 .text.scalbnf  0x08009f5c       0xdc C:/ST/STM32CubeIDE_2.2.0/STM32CubeIDE/plugins/com.st.stm32cube.ide.mcu.externaltools.gnu-tools-for-stm32.14.3.rel1.win32_1.0.100.202602081740/tools/bin/../lib/gcc/arm-none-eabi/14.3.1/../../../../arm-none-eabi/lib/thumb/v7e-m+fp/hard\libm.a(libm_a-sf_scalbn.o)
                0x08009f5c                scalbnf
 .text.__kernel_rem_pio2f
                0x0800a038      0x68c C:/ST/STM32CubeIDE_2.2.0/STM32CubeIDE/plugins/com.st.stm32cube.ide.mcu.externaltools.gnu-tools-for-stm32.14.3.rel1.win32_1.0.100.202602081740/tools/bin/../lib/gcc/arm-none-eabi/14.3.1/../../../../arm-none-eabi/lib/thumb/v7e-m+fp/hard\libm.a(libm_a-kf_rem_pio2.o)
                0x0800a038                __kernel_rem_pio2f
 *(.glue_7)
 .glue_7        0x0800a6c4        0x0 linker stubs
 *(.glue_7t)
 .glue_7t       0x0800a6c4        0x0 linker stubs
 *(.eh_frame)
 .eh_frame      0x0800a6c4        0x0 C:/ST/STM32CubeIDE_2.2.0/STM32CubeIDE/plugins/com.st.stm32cube.ide.mcu.externaltools.gnu-tools-for-stm32.14.3.rel1.win32_1.0.100.202602081740/tools/bin/../lib/gcc/arm-none-eabi/14.3.1/thumb/v7e-m+fp/hard/crtbegin.o
 *(.init)
 .init          0x0800a6c4        0x4 C:/ST/STM32CubeIDE_2.2.0/STM32CubeIDE/plugins/com.st.stm32cube.ide.mcu.externaltools.gnu-tools-for-stm32.14.3.rel1.win32_1.0.100.202602081740/tools/bin/../lib/gcc/arm-none-eabi/14.3.1/thumb/v7e-m+fp/hard/crti.o
                0x0800a6c4                _init
 .init          0x0800a6c8        0x8 C:/ST/STM32CubeIDE_2.2.0/STM32CubeIDE/plugins/com.st.stm32cube.ide.mcu.externaltools.gnu-tools-for-stm32.14.3.rel1.win32_1.0.100.202602081740/tools/bin/../lib/gcc/arm-none-eabi/14.3.1/thumb/v7e-m+fp/hard/crtn.o
 *(.fini)
 .fini          0x0800a6d0        0x4 C:/ST/STM32CubeIDE_2.2.0/STM32CubeIDE/plugins/com.st.stm32cube.ide.mcu.externaltools.gnu-tools-for-stm32.14.3.rel1.win32_1.0.100.202602081740/tools/bin/../lib/gcc/arm-none-eabi/14.3.1/thumb/v7e-m+fp/hard/crti.o
                0x0800a6d0                _fini
 .fini          0x0800a6d4        0x8 C:/ST/STM32CubeIDE_2.2.0/STM32CubeIDE/plugins/com.st.stm32cube.ide.mcu.externaltools.gnu-tools-for-stm32.14.3.rel1.win32_1.0.100.202602081740/tools/bin/../lib/gcc/arm-none-eabi/14.3.1/thumb/v7e-m+fp/hard/crtn.o
                0x0800a6dc                        . = ALIGN (0x4)
                0x0800a6dc                        _etext = .

.vfp11_veneer   0x0800a6dc        0x0
 .vfp11_veneer  0x0800a6dc        0x0 linker stubs

.v4_bx          0x0800a6dc        0x0
 .v4_bx         0x0800a6dc        0x0 linker stubs

.iplt           0x0800a6dc        0x0
 .iplt          0x0800a6dc        0x0 C:/ST/STM32CubeIDE_2.2.0/STM32CubeIDE/plugins/com.st.stm32cube.ide.mcu.externaltools.gnu-tools-for-stm32.14.3.rel1.win32_1.0.100.202602081740/tools/bin/../lib/gcc/arm-none-eabi/14.3.1/thumb/v7e-m+fp/hard/crtbegin.o

.rodata         0x0800a6e0     0x1738
                0x0800a6e0                        . = ALIGN (0x4)
 *(.rodata)
 .rodata        0x0800a6e0        0xb ./Core/Src/main.o
 *fill*         0x0800a6eb        0x1 
 .rodata        0x0800a6ec        0x5 ./Middlewares/Third_Party/FreeRTOS/Source/tasks.o
 *fill*         0x0800a6f1        0x3 
 .rodata        0x0800a6f4        0xd ./Middlewares/Third_Party/FreeRTOS/Source/timers.o
 *(.rodata*)
 *fill*         0x0800a701        0x3 
 .rodata.feature_mean
                0x0800a704       0x78 ./Core/Src/ai_inference.o
 .rodata.feature_std
                0x0800a77c       0x78 ./Core/Src/ai_inference.o
 *fill*         0x0800a7f4        0x4 
 .rodata._network_context.0
                0x0800a7f8       0x30 ./Core/Src/network.o
 .rodata.g_network_weights_array
                0x0800a828     0x1208 ./Core/Src/network_data.o
                0x0800a828                g_network_weights_array
 .rodata.AHBPrescTable
                0x0800ba30       0x10 ./Core/Src/system_stm32f4xx.o
                0x0800ba30                AHBPrescTable
 .rodata.APBPrescTable
                0x0800ba40        0x8 ./Core/Src/system_stm32f4xx.o
                0x0800ba40                APBPrescTable
 .rodata.npio2_hw
                0x0800ba48       0x80 C:/ST/STM32CubeIDE_2.2.0/STM32CubeIDE/plugins/com.st.stm32cube.ide.mcu.externaltools.gnu-tools-for-stm32.14.3.rel1.win32_1.0.100.202602081740/tools/bin/../lib/gcc/arm-none-eabi/14.3.1/../../../../arm-none-eabi/lib/thumb/v7e-m+fp/hard\libm.a(libm_a-ef_rem_pio2.o)
 .rodata.two_over_pi
                0x0800bac8      0x318 C:/ST/STM32CubeIDE_2.2.0/STM32CubeIDE/plugins/com.st.stm32cube.ide.mcu.externaltools.gnu-tools-for-stm32.14.3.rel1.win32_1.0.100.202602081740/tools/bin/../lib/gcc/arm-none-eabi/14.3.1/../../../../arm-none-eabi/lib/thumb/v7e-m+fp/hard\libm.a(libm_a-ef_rem_pio2.o)
 .rodata.PIo2   0x0800bde0       0x2c C:/ST/STM32CubeIDE_2.2.0/STM32CubeIDE/plugins/com.st.stm32cube.ide.mcu.externaltools.gnu-tools-for-stm32.14.3.rel1.win32_1.0.100.202602081740/tools/bin/../lib/gcc/arm-none-eabi/14.3.1/../../../../arm-none-eabi/lib/thumb/v7e-m+fp/hard\libm.a(libm_a-kf_rem_pio2.o)
 .rodata.init_jk
                0x0800be0c        0xc C:/ST/STM32CubeIDE_2.2.0/STM32CubeIDE/plugins/com.st.stm32cube.ide.mcu.externaltools.gnu-tools-for-stm32.14.3.rel1.win32_1.0.100.202602081740/tools/bin/../lib/gcc/arm-none-eabi/14.3.1/../../../../arm-none-eabi/lib/thumb/v7e-m+fp/hard\libm.a(libm_a-kf_rem_pio2.o)
                0x0800be18                        . = ALIGN (0x4)

.ARM.extab      0x0800be18        0x0
                0x0800be18                        . = ALIGN (0x4)
 *(.ARM.extab* .gnu.linkonce.armextab.*)
                0x0800be18                        . = ALIGN (0x4)

.ARM            0x0800be18        0x8
                0x0800be18                        . = ALIGN (0x4)
                0x0800be18                        __exidx_start = .
 *(.ARM.exidx*)
 .ARM.exidx     0x0800be18        0x8 C:/ST/STM32CubeIDE_2.2.0/STM32CubeIDE/plugins/com.st.stm32cube.ide.mcu.externaltools.gnu-tools-for-stm32.14.3.rel1.win32_1.0.100.202602081740/tools/bin/../lib/gcc/arm-none-eabi/14.3.1/thumb/v7e-m+fp/hard\libgcc.a(_udivmoddi4.o)
                0x0800be20                        __exidx_end = .
                0x0800be20                        . = ALIGN (0x4)

.preinit_array  0x0800be20        0x0
                0x0800be20                        . = ALIGN (0x4)
                0x0800be20                        PROVIDE (__preinit_array_start = .)
 *(.preinit_array*)
                0x0800be20                        PROVIDE (__preinit_array_end = .)
                0x0800be20                        . = ALIGN (0x4)

.init_array     0x0800be20        0x4
                0x0800be20                        . = ALIGN (0x4)
                0x0800be20                        PROVIDE (__init_array_start = .)
 *(SORT_BY_NAME(.init_array.*))
 *(.init_array*)
 .init_array    0x0800be20        0x4 C:/ST/STM32CubeIDE_2.2.0/STM32CubeIDE/plugins/com.st.stm32cube.ide.mcu.externaltools.gnu-tools-for-stm32.14.3.rel1.win32_1.0.100.202602081740/tools/bin/../lib/gcc/arm-none-eabi/14.3.1/thumb/v7e-m+fp/hard/crtbegin.o
                0x0800be24                        PROVIDE (__init_array_end = .)
                0x0800be24                        . = ALIGN (0x4)

.fini_array     0x0800be24        0x4
                0x0800be24                        . = ALIGN (0x4)
                [!provide]                        PROVIDE (__fini_array_start = .)
 *(SORT_BY_NAME(.fini_array.*))
 *(.fini_array*)
 .fini_array    0x0800be24        0x4 C:/ST/STM32CubeIDE_2.2.0/STM32CubeIDE/plugins/com.st.stm32cube.ide.mcu.externaltools.gnu-tools-for-stm32.14.3.rel1.win32_1.0.100.202602081740/tools/bin/../lib/gcc/arm-none-eabi/14.3.1/thumb/v7e-m+fp/hard/crtbegin.o
                [!provide]                        PROVIDE (__fini_array_end = .)
                0x0800be28                        . = ALIGN (0x4)
                0x0800be28                        _sidata = LOADADDR (.data)

.rel.dyn        0x0800be28        0x0
 .rel.iplt      0x0800be28        0x0 C:/ST/STM32CubeIDE_2.2.0/STM32CubeIDE/plugins/com.st.stm32cube.ide.mcu.externaltools.gnu-tools-for-stm32.14.3.rel1.win32_1.0.100.202602081740/tools/bin/../lib/gcc/arm-none-eabi/14.3.1/thumb/v7e-m+fp/hard/crtbegin.o

.data           0x20000000       0x88 load address 0x0800be28
                0x20000000                        . = ALIGN (0x4)
                0x20000000                        _sdata = .
 *(.data)
 *(.data*)
 .data.s_network
                0x20000000        0x4 ./Core/Src/ai_inference.o
 .data.seed.0   0x20000004        0x4 ./Core/Src/main.o
 .data.SystemCoreClock
                0x20000008        0x4 ./Core/Src/system_stm32f4xx.o
                0x20000008                SystemCoreClock
 .data.uwTickPrio
                0x2000000c        0x4 ./Drivers/STM32F4xx_HAL_Driver/Src/stm32f4xx_hal.o
                0x2000000c                uwTickPrio
 .data.uwTickFreq
                0x20000010        0x1 ./Drivers/STM32F4xx_HAL_Driver/Src/stm32f4xx_hal.o
                0x20000010                uwTickFreq
 *fill*         0x20000011        0x3 
 .data.pFlash   0x20000014       0x20 ./Drivers/STM32F4xx_HAL_Driver/Src/stm32f4xx_hal_flash.o
                0x20000014                pFlash
 .data.uxCriticalNesting
                0x20000034        0x4 ./Middlewares/Third_Party/FreeRTOS/Source/portable/GCC/ARM_CM4F/port.o
 .data._impure_ptr
                0x20000038        0x4 C:/ST/STM32CubeIDE_2.2.0/STM32CubeIDE/plugins/com.st.stm32cube.ide.mcu.externaltools.gnu-tools-for-stm32.14.3.rel1.win32_1.0.100.202602081740/tools/bin/../lib/gcc/arm-none-eabi/14.3.1/../../../../arm-none-eabi/lib/thumb/v7e-m+fp/hard\libc_nano.a(libc_a-impure.o)
                0x20000038                _impure_ptr
 .data._impure_data
                0x2000003c       0x4c C:/ST/STM32CubeIDE_2.2.0/STM32CubeIDE/plugins/com.st.stm32cube.ide.mcu.externaltools.gnu-tools-for-stm32.14.3.rel1.win32_1.0.100.202602081740/tools/bin/../lib/gcc/arm-none-eabi/14.3.1/../../../../arm-none-eabi/lib/thumb/v7e-m+fp/hard\libc_nano.a(libc_a-impure.o)
                0x2000003c                _impure_data
 *(.RamFunc)
 *(.RamFunc*)
                0x20000088                        . = ALIGN (0x4)
                0x20000088                        _edata = .
                0x0800beb0                        _siccmram = LOADADDR (.ccmram)

.igot.plt       0x20000088        0x0 load address 0x0800beb0
 .igot.plt      0x20000088        0x0 C:/ST/STM32CubeIDE_2.2.0/STM32CubeIDE/plugins/com.st.stm32cube.ide.mcu.externaltools.gnu-tools-for-stm32.14.3.rel1.win32_1.0.100.202602081740/tools/bin/../lib/gcc/arm-none-eabi/14.3.1/thumb/v7e-m+fp/hard/crtbegin.o

.ccmram         0x10000000        0x0 load address 0x0800beb0
                0x10000000                        . = ALIGN (0x4)
                0x10000000                        _sccmram = .
 *(.ccmram)
 *(.ccmram*)
                0x10000000                        . = ALIGN (0x4)
                0x10000000                        _eccmram = .
                0x10000000                        . = ALIGN (0x4)

.bss            0x20000088     0x5444
                0x20000088                        _sbss = .
                0x20000088                        __bss_start__ = _sbss
 *(.bss)
 .bss           0x20000088       0x1c C:/ST/STM32CubeIDE_2.2.0/STM32CubeIDE/plugins/com.st.stm32cube.ide.mcu.externaltools.gnu-tools-for-stm32.14.3.rel1.win32_1.0.100.202602081740/tools/bin/../lib/gcc/arm-none-eabi/14.3.1/thumb/v7e-m+fp/hard/crtbegin.o
 *(.bss*)
 .bss.s_window  0x200000a4       0x78 ./Core/Src/ai_inference.o
 .bss.s_fill_count
                0x2000011c        0x2 ./Core/Src/ai_inference.o
 .bss.s_write_idx
                0x2000011e        0x2 ./Core/Src/ai_inference.o
 .bss.s_network_ctx
                0x20000120       0x30 ./Core/Src/ai_inference.o
 .bss.s_activations
                0x20000150       0xb8 ./Core/Src/ai_inference.o
 .bss.s_in_data
                0x20000208       0x78 ./Core/Src/ai_inference.o
 .bss.s_out_data
                0x20000280       0x78 ./Core/Src/ai_inference.o
 .bss.s_network_ready
                0x200002f8        0x1 ./Core/Src/ai_inference.o
 *fill*         0x200002f9        0x3 
 .bss.hi2c1     0x200002fc       0x54 ./Core/Src/main.o
                0x200002fc                hi2c1
 .bss.huart2    0x20000350       0x48 ./Core/Src/main.o
                0x20000350                huart2
 .bss.ota_decoder
                0x20000398      0x234 ./Core/Src/main.o
 .bss.ota_rx_byte
                0x200005cc        0x1 ./Core/Src/main.o
 .bss.ota_pending_action
                0x200005cd        0x1 ./Core/Src/main.o
 *fill*         0x200005ce        0x2 
 .bss.ota_pending_total_size
                0x200005d0        0x4 ./Core/Src/main.o
 .bss.ota_boot_tick
                0x200005d4        0x4 ./Core/Src/main.o
 .bss.ota_confirmed
                0x200005d8        0x1 ./Core/Src/main.o
 *fill*         0x200005d9        0x3 
 .bss.htim6     0x200005dc       0x48 ./Core/Src/stm32f4xx_hal_timebase_tim.o
                0x200005dc                htim6
 .bss.uwTick    0x20000624        0x4 ./Drivers/STM32F4xx_HAL_Driver/Src/stm32f4xx_hal.o
                0x20000624                uwTick
 .bss.Idle_TCB.3
                0x20000628       0x5c ./Middlewares/Third_Party/FreeRTOS/Source/CMSIS_RTOS_V2/cmsis_os2.o
 .bss.Idle_Stack.2
                0x20000684      0x200 ./Middlewares/Third_Party/FreeRTOS/Source/CMSIS_RTOS_V2/cmsis_os2.o
 .bss.Timer_TCB.1
                0x20000884       0x5c ./Middlewares/Third_Party/FreeRTOS/Source/CMSIS_RTOS_V2/cmsis_os2.o
 .bss.Timer_Stack.0
                0x200008e0      0x400 ./Middlewares/Third_Party/FreeRTOS/Source/CMSIS_RTOS_V2/cmsis_os2.o
 .bss.xQueueRegistry
                0x20000ce0       0x40 ./Middlewares/Third_Party/FreeRTOS/Source/queue.o
                0x20000ce0                xQueueRegistry
 .bss.pxCurrentTCB
                0x20000d20        0x4 ./Middlewares/Third_Party/FreeRTOS/Source/tasks.o
                0x20000d20                pxCurrentTCB
 .bss.pxReadyTasksLists
                0x20000d24      0x460 ./Middlewares/Third_Party/FreeRTOS/Source/tasks.o
 .bss.xDelayedTaskList1
                0x20001184       0x14 ./Middlewares/Third_Party/FreeRTOS/Source/tasks.o
 .bss.xDelayedTaskList2
                0x20001198       0x14 ./Middlewares/Third_Party/FreeRTOS/Source/tasks.o
 .bss.pxDelayedTaskList
                0x200011ac        0x4 ./Middlewares/Third_Party/FreeRTOS/Source/tasks.o
 .bss.pxOverflowDelayedTaskList
                0x200011b0        0x4 ./Middlewares/Third_Party/FreeRTOS/Source/tasks.o
 .bss.xPendingReadyList
                0x200011b4       0x14 ./Middlewares/Third_Party/FreeRTOS/Source/tasks.o
 .bss.xTasksWaitingTermination
                0x200011c8       0x14 ./Middlewares/Third_Party/FreeRTOS/Source/tasks.o
 .bss.uxDeletedTasksWaitingCleanUp
                0x200011dc        0x4 ./Middlewares/Third_Party/FreeRTOS/Source/tasks.o
 .bss.xSuspendedTaskList
                0x200011e0       0x14 ./Middlewares/Third_Party/FreeRTOS/Source/tasks.o
 .bss.uxCurrentNumberOfTasks
                0x200011f4        0x4 ./Middlewares/Third_Party/FreeRTOS/Source/tasks.o
 .bss.xTickCount
                0x200011f8        0x4 ./Middlewares/Third_Party/FreeRTOS/Source/tasks.o
 .bss.uxTopReadyPriority
                0x200011fc        0x4 ./Middlewares/Third_Party/FreeRTOS/Source/tasks.o
 .bss.xSchedulerRunning
                0x20001200        0x4 ./Middlewares/Third_Party/FreeRTOS/Source/tasks.o
 .bss.xPendedTicks
                0x20001204        0x4 ./Middlewares/Third_Party/FreeRTOS/Source/tasks.o
 .bss.xYieldPending
                0x20001208        0x4 ./Middlewares/Third_Party/FreeRTOS/Source/tasks.o
 .bss.xNumOfOverflows
                0x2000120c        0x4 ./Middlewares/Third_Party/FreeRTOS/Source/tasks.o
 .bss.uxTaskNumber
                0x20001210        0x4 ./Middlewares/Third_Party/FreeRTOS/Source/tasks.o
 .bss.xNextTaskUnblockTime
                0x20001214        0x4 ./Middlewares/Third_Party/FreeRTOS/Source/tasks.o
 .bss.xIdleTaskHandle
                0x20001218        0x4 ./Middlewares/Third_Party/FreeRTOS/Source/tasks.o
 .bss.uxSchedulerSuspended
                0x2000121c        0x4 ./Middlewares/Third_Party/FreeRTOS/Source/tasks.o
 .bss.xActiveTimerList1
                0x20001220       0x14 ./Middlewares/Third_Party/FreeRTOS/Source/timers.o
 .bss.xActiveTimerList2
                0x20001234       0x14 ./Middlewares/Third_Party/FreeRTOS/Source/timers.o
 .bss.pxCurrentTimerList
                0x20001248        0x4 ./Middlewares/Third_Party/FreeRTOS/Source/timers.o
 .bss.pxOverflowTimerList
                0x2000124c        0x4 ./Middlewares/Third_Party/FreeRTOS/Source/timers.o
 .bss.xTimerQueue
                0x20001250        0x4 ./Middlewares/Third_Party/FreeRTOS/Source/timers.o
 .bss.xTimerTaskHandle
                0x20001254        0x4 ./Middlewares/Third_Party/FreeRTOS/Source/timers.o
 .bss.xLastTime.2
                0x20001258        0x4 ./Middlewares/Third_Party/FreeRTOS/Source/timers.o
 .bss.ucStaticTimerQueueStorage.1
                0x2000125c       0xa0 ./Middlewares/Third_Party/FreeRTOS/Source/timers.o
 .bss.xStaticTimerQueue.0
                0x200012fc       0x50 ./Middlewares/Third_Party/FreeRTOS/Source/timers.o
 .bss.ucMaxSysCallPriority
                0x2000134c        0x1 ./Middlewares/Third_Party/FreeRTOS/Source/portable/GCC/ARM_CM4F/port.o
 *fill*         0x2000134d        0x3 
 .bss.ulMaxPRIGROUPValue
                0x20001350        0x4 ./Middlewares/Third_Party/FreeRTOS/Source/portable/GCC/ARM_CM4F/port.o
 .bss.ucHeap    0x20001354     0x3c00 ./Middlewares/Third_Party/FreeRTOS/Source/portable/MemMang/heap_4.o
 .bss.xStart    0x20004f54        0x8 ./Middlewares/Third_Party/FreeRTOS/Source/portable/MemMang/heap_4.o
 .bss.pxEnd     0x20004f5c        0x4 ./Middlewares/Third_Party/FreeRTOS/Source/portable/MemMang/heap_4.o
 .bss.xFreeBytesRemaining
                0x20004f60        0x4 ./Middlewares/Third_Party/FreeRTOS/Source/portable/MemMang/heap_4.o
 .bss.xMinimumEverFreeBytesRemaining
                0x20004f64        0x4 ./Middlewares/Third_Party/FreeRTOS/Source/portable/MemMang/heap_4.o
 .bss.xNumberOfSuccessfulAllocations
                0x20004f68        0x4 ./Middlewares/Third_Party/FreeRTOS/Source/portable/MemMang/heap_4.o
 .bss.xNumberOfSuccessfulFrees
                0x20004f6c        0x4 ./Middlewares/Third_Party/FreeRTOS/Source/portable/MemMang/heap_4.o
 .bss.xBlockAllocatedBit
                0x20004f70        0x4 ./Middlewares/Third_Party/FreeRTOS/Source/portable/MemMang/heap_4.o
 .bss.staging_slot
                0x20004f74        0x1 ./app_ota_client/Src/ota_receiver.o
 *fill*         0x20004f75        0x3 
 .bss.staging_base
                0x20004f78        0x4 ./app_ota_client/Src/ota_receiver.o
 .bss.staging_capacity
                0x20004f7c        0x4 ./app_ota_client/Src/ota_receiver.o
 .bss.expected_total_size
                0x20004f80        0x4 ./app_ota_client/Src/ota_receiver.o
 .bss.bytes_written
                0x20004f84        0x4 ./app_ota_client/Src/ota_receiver.o
 .bss.transfer_active
                0x20004f88        0x1 ./app_ota_client/Src/ota_receiver.o
 *fill*         0x20004f89        0x3 
 .bss.running_crc
                0x20004f8c        0x4 ./app_ota_client/Src/ota_receiver.o
 .bss.crc32_table
                0x20004f90      0x400 ./bootloader/Src/crc32.o
 .bss.table_built
                0x20005390        0x1 ./bootloader/Src/crc32.o
 *fill*         0x20005391        0x3 
 .bss.__sf      0x20005394      0x138 C:/ST/STM32CubeIDE_2.2.0/STM32CubeIDE/plugins/com.st.stm32cube.ide.mcu.externaltools.gnu-tools-for-stm32.14.3.rel1.win32_1.0.100.202602081740/tools/bin/../lib/gcc/arm-none-eabi/14.3.1/../../../../arm-none-eabi/lib/thumb/v7e-m+fp/hard\libc_nano.a(libc_a-findfp.o)
                0x20005394                __sf
 *(COMMON)
                0x200054cc                        . = ALIGN (0x4)
                0x200054cc                        _ebss = .
                0x200054cc                        __bss_end__ = _ebss

._user_heap_stack
                0x200054cc      0x604
                0x200054d0                        . = ALIGN (0x8)
 *fill*         0x200054cc        0x4 
                [!provide]                        PROVIDE (end = .)
                0x200054d0                        PROVIDE (_end = .)
                0x200056d0                        . = (. + _Min_Heap_Size)
 *fill*         0x200054d0      0x200 
                0x20005ad0                        . = (. + _Min_Stack_Size)
 *fill*         0x200056d0      0x400 
                0x20005ad0                        . = ALIGN (0x8)

/DISCARD/
 libc.a(*)
 libm.a(*)
 libgcc.a(*)

.ARM.attributes
                0x00000000       0x30
 *(.ARM.attributes)
 .ARM.attributes
                0x00000000       0x22 C:/ST/STM32CubeIDE_2.2.0/STM32CubeIDE/plugins/com.st.stm32cube.ide.mcu.externaltools.gnu-tools-for-stm32.14.3.rel1.win32_1.0.100.202602081740/tools/bin/../lib/gcc/arm-none-eabi/14.3.1/thumb/v7e-m+fp/hard/crti.o
 .ARM.attributes
                0x00000022       0x34 C:/ST/STM32CubeIDE_2.2.0/STM32CubeIDE/plugins/com.st.stm32cube.ide.mcu.externaltools.gnu-tools-for-stm32.14.3.rel1.win32_1.0.100.202602081740/tools/bin/../lib/gcc/arm-none-eabi/14.3.1/thumb/v7e-m+fp/hard/crtbegin.o
 .ARM.attributes
                0x00000056       0x34 ./Core/Src/ai_inference.o
 .ARM.attributes
                0x0000008a       0x34 ./Core/Src/main.o
 .ARM.attributes
                0x000000be       0x34 ./Core/Src/mpu6050.o
 .ARM.attributes
                0x000000f2       0x34 ./Core/Src/network.o
 .ARM.attributes
                0x00000126       0x34 ./Core/Src/network_data.o
 .ARM.attributes
                0x0000015a       0x34 ./Core/Src/sensor_protocol.o
 .ARM.attributes
                0x0000018e       0x34 ./Core/Src/stm32f4xx_hal_msp.o
 .ARM.attributes
                0x000001c2       0x34 ./Core/Src/stm32f4xx_hal_timebase_tim.o
 .ARM.attributes
                0x000001f6       0x34 ./Core/Src/stm32f4xx_it.o
 .ARM.attributes
                0x0000022a       0x34 ./Core/Src/system_stm32f4xx.o
 .ARM.attributes
                0x0000025e       0x34 ./Core/Src/vibration_itm_logger.o
 .ARM.attributes
                0x00000292       0x34 ./Core/Src/vibration_rms.o
 .ARM.attributes
                0x000002c6       0x21 ./Core/Startup/startup_stm32f407vgtx.o
 .ARM.attributes
                0x000002e7       0x34 ./Drivers/STM32F4xx_HAL_Driver/Src/stm32f4xx_hal.o
 .ARM.attributes
                0x0000031b       0x34 ./Drivers/STM32F4xx_HAL_Driver/Src/stm32f4xx_hal_cortex.o
 .ARM.attributes
                0x0000034f       0x34 ./Drivers/STM32F4xx_HAL_Driver/Src/stm32f4xx_hal_dma.o
 .ARM.attributes
                0x00000383       0x34 ./Drivers/STM32F4xx_HAL_Driver/Src/stm32f4xx_hal_flash.o
 .ARM.attributes
                0x000003b7       0x34 ./Drivers/STM32F4xx_HAL_Driver/Src/stm32f4xx_hal_flash_ex.o
 .ARM.attributes
                0x000003eb       0x34 ./Drivers/STM32F4xx_HAL_Driver/Src/stm32f4xx_hal_gpio.o
 .ARM.attributes
                0x0000041f       0x34 ./Drivers/STM32F4xx_HAL_Driver/Src/stm32f4xx_hal_i2c.o
 .ARM.attributes
                0x00000453       0x34 ./Drivers/STM32F4xx_HAL_Driver/Src/stm32f4xx_hal_rcc.o
 .ARM.attributes
                0x00000487       0x34 ./Drivers/STM32F4xx_HAL_Driver/Src/stm32f4xx_hal_tim.o
 .ARM.attributes
                0x000004bb       0x34 ./Drivers/STM32F4xx_HAL_Driver/Src/stm32f4xx_hal_tim_ex.o
 .ARM.attributes
                0x000004ef       0x34 ./Drivers/STM32F4xx_HAL_Driver/Src/stm32f4xx_hal_uart.o
 .ARM.attributes
                0x00000523       0x34 ./Middlewares/Third_Party/FreeRTOS/Source/CMSIS_RTOS_V2/cmsis_os2.o
 .ARM.attributes
                0x00000557       0x34 ./Middlewares/Third_Party/FreeRTOS/Source/list.o
 .ARM.attributes
                0x0000058b       0x34 ./Middlewares/Third_Party/FreeRTOS/Source/queue.o
 .ARM.attributes
                0x000005bf       0x34 ./Middlewares/Third_Party/FreeRTOS/Source/tasks.o
 .ARM.attributes
                0x000005f3       0x34 ./Middlewares/Third_Party/FreeRTOS/Source/timers.o
 .ARM.attributes
                0x00000627       0x34 ./Middlewares/Third_Party/FreeRTOS/Source/portable/GCC/ARM_CM4F/port.o
 .ARM.attributes
                0x0000065b       0x34 ./Middlewares/Third_Party/FreeRTOS/Source/portable/MemMang/heap_4.o
 .ARM.attributes
                0x0000068f       0x34 ./app_ota_client/Src/ota_confirm.o
 .ARM.attributes
                0x000006c3       0x34 ./app_ota_client/Src/ota_receiver.o
 .ARM.attributes
                0x000006f7       0x34 ./bootloader/Src/crc32.o
 .ARM.attributes
                0x0000072b       0x34 ./bootloader/Src/flash_ll.o
 .ARM.attributes
                0x0000075f       0x34 ./bootloader/Src/flash_metadata.o
 .ARM.attributes
                0x00000793       0x30 C:/Users/91960/Desktop/STM_Projects/NEW_IOT_AI/Net1201.a(lite_dense_if32.o)
 .ARM.attributes
                0x000007c3       0x30 C:/Users/91960/Desktop/STM_Projects/NEW_IOT_AI/Net1201.a(lite_nl_generic_float.o)
 .ARM.attributes
                0x000007f3       0x34 C:/ST/STM32CubeIDE_2.2.0/STM32CubeIDE/plugins/com.st.stm32cube.ide.mcu.externaltools.gnu-tools-for-stm32.14.3.rel1.win32_1.0.100.202602081740/tools/bin/../lib/gcc/arm-none-eabi/14.3.1/../../../../arm-none-eabi/lib/thumb/v7e-m+fp/hard\libc_nano.a(libc_a-findfp.o)
 .ARM.attributes
                0x00000827       0x34 C:/ST/STM32CubeIDE_2.2.0/STM32CubeIDE/plugins/com.st.stm32cube.ide.mcu.externaltools.gnu-tools-for-stm32.14.3.rel1.win32_1.0.100.202602081740/tools/bin/../lib/gcc/arm-none-eabi/14.3.1/../../../../arm-none-eabi/lib/thumb/v7e-m+fp/hard\libc_nano.a(libc_a-memset.o)
 .ARM.attributes
                0x0000085b       0x34 C:/ST/STM32CubeIDE_2.2.0/STM32CubeIDE/plugins/com.st.stm32cube.ide.mcu.externaltools.gnu-tools-for-stm32.14.3.rel1.win32_1.0.100.202602081740/tools/bin/../lib/gcc/arm-none-eabi/14.3.1/../../../../arm-none-eabi/lib/thumb/v7e-m+fp/hard\libc_nano.a(libc_a-impure.o)
 .ARM.attributes
                0x0000088f       0x34 C:/ST/STM32CubeIDE_2.2.0/STM32CubeIDE/plugins/com.st.stm32cube.ide.mcu.externaltools.gnu-tools-for-stm32.14.3.rel1.win32_1.0.100.202602081740/tools/bin/../lib/gcc/arm-none-eabi/14.3.1/../../../../arm-none-eabi/lib/thumb/v7e-m+fp/hard\libc_nano.a(libc_a-errno.o)
 .ARM.attributes
                0x000008c3       0x34 C:/ST/STM32CubeIDE_2.2.0/STM32CubeIDE/plugins/com.st.stm32cube.ide.mcu.externaltools.gnu-tools-for-stm32.14.3.rel1.win32_1.0.100.202602081740/tools/bin/../lib/gcc/arm-none-eabi/14.3.1/../../../../arm-none-eabi/lib/thumb/v7e-m+fp/hard\libc_nano.a(libc_a-init.o)
 .ARM.attributes
                0x000008f7       0x34 C:/ST/STM32CubeIDE_2.2.0/STM32CubeIDE/plugins/com.st.stm32cube.ide.mcu.externaltools.gnu-tools-for-stm32.14.3.rel1.win32_1.0.100.202602081740/tools/bin/../lib/gcc/arm-none-eabi/14.3.1/../../../../arm-none-eabi/lib/thumb/v7e-m+fp/hard\libc_nano.a(libc_a-memcpy-stub.o)
 .ARM.attributes
                0x0000092b       0x34 C:/ST/STM32CubeIDE_2.2.0/STM32CubeIDE/plugins/com.st.stm32cube.ide.mcu.externaltools.gnu-tools-for-stm32.14.3.rel1.win32_1.0.100.202602081740/tools/bin/../lib/gcc/arm-none-eabi/14.3.1/../../../../arm-none-eabi/lib/thumb/v7e-m+fp/hard\libm.a(libm_a-wf_sqrt.o)
 .ARM.attributes
                0x0000095f       0x34 C:/ST/STM32CubeIDE_2.2.0/STM32CubeIDE/plugins/com.st.stm32cube.ide.mcu.externaltools.gnu-tools-for-stm32.14.3.rel1.win32_1.0.100.202602081740/tools/bin/../lib/gcc/arm-none-eabi/14.3.1/../../../../arm-none-eabi/lib/thumb/v7e-m+fp/hard\libm.a(libm_a-sf_fabs.o)
 .ARM.attributes
                0x00000993       0x34 C:/ST/STM32CubeIDE_2.2.0/STM32CubeIDE/plugins/com.st.stm32cube.ide.mcu.externaltools.gnu-tools-for-stm32.14.3.rel1.win32_1.0.100.202602081740/tools/bin/../lib/gcc/arm-none-eabi/14.3.1/../../../../arm-none-eabi/lib/thumb/v7e-m+fp/hard\libm.a(libm_a-sf_sin.o)
 .ARM.attributes
                0x000009c7       0x34 C:/ST/STM32CubeIDE_2.2.0/STM32CubeIDE/plugins/com.st.stm32cube.ide.mcu.externaltools.gnu-tools-for-stm32.14.3.rel1.win32_1.0.100.202602081740/tools/bin/../lib/gcc/arm-none-eabi/14.3.1/../../../../arm-none-eabi/lib/thumb/v7e-m+fp/hard\libm.a(libm_a-ef_sqrt.o)
 .ARM.attributes
                0x000009fb       0x34 C:/ST/STM32CubeIDE_2.2.0/STM32CubeIDE/plugins/com.st.stm32cube.ide.mcu.externaltools.gnu-tools-for-stm32.14.3.rel1.win32_1.0.100.202602081740/tools/bin/../lib/gcc/arm-none-eabi/14.3.1/../../../../arm-none-eabi/lib/thumb/v7e-m+fp/hard\libm.a(libm_a-sf_floor.o)
 .ARM.attributes
                0x00000a2f       0x34 C:/ST/STM32CubeIDE_2.2.0/STM32CubeIDE/plugins/com.st.stm32cube.ide.mcu.externaltools.gnu-tools-for-stm32.14.3.rel1.win32_1.0.100.202602081740/tools/bin/../lib/gcc/arm-none-eabi/14.3.1/../../../../arm-none-eabi/lib/thumb/v7e-m+fp/hard\libm.a(libm_a-kf_cos.o)
 .ARM.attributes
                0x00000a63       0x34 C:/ST/STM32CubeIDE_2.2.0/STM32CubeIDE/plugins/com.st.stm32cube.ide.mcu.externaltools.gnu-tools-for-stm32.14.3.rel1.win32_1.0.100.202602081740/tools/bin/../lib/gcc/arm-none-eabi/14.3.1/../../../../arm-none-eabi/lib/thumb/v7e-m+fp/hard\libm.a(libm_a-kf_sin.o)
 .ARM.attributes
                0x00000a97       0x34 C:/ST/STM32CubeIDE_2.2.0/STM32CubeIDE/plugins/com.st.stm32cube.ide.mcu.externaltools.gnu-tools-for-stm32.14.3.rel1.win32_1.0.100.202602081740/tools/bin/../lib/gcc/arm-none-eabi/14.3.1/../../../../arm-none-eabi/lib/thumb/v7e-m+fp/hard\libm.a(libm_a-ef_rem_pio2.o)
 .ARM.attributes
                0x00000acb       0x34 C:/ST/STM32CubeIDE_2.2.0/STM32CubeIDE/plugins/com.st.stm32cube.ide.mcu.externaltools.gnu-tools-for-stm32.14.3.rel1.win32_1.0.100.202602081740/tools/bin/../lib/gcc/arm-none-eabi/14.3.1/../../../../arm-none-eabi/lib/thumb/v7e-m+fp/hard\libm.a(libm_a-sf_scalbn.o)
 .ARM.attributes
                0x00000aff       0x34 C:/ST/STM32CubeIDE_2.2.0/STM32CubeIDE/plugins/com.st.stm32cube.ide.mcu.externaltools.gnu-tools-for-stm32.14.3.rel1.win32_1.0.100.202602081740/tools/bin/../lib/gcc/arm-none-eabi/14.3.1/../../../../arm-none-eabi/lib/thumb/v7e-m+fp/hard\libm.a(libm_a-kf_rem_pio2.o)
 .ARM.attributes
                0x00000b33       0x22 C:/ST/STM32CubeIDE_2.2.0/STM32CubeIDE/plugins/com.st.stm32cube.ide.mcu.externaltools.gnu-tools-for-stm32.14.3.rel1.win32_1.0.100.202602081740/tools/bin/../lib/gcc/arm-none-eabi/14.3.1/thumb/v7e-m+fp/hard\libgcc.a(_aeabi_uldivmod.o)
 .ARM.attributes
                0x00000b55       0x34 C:/ST/STM32CubeIDE_2.2.0/STM32CubeIDE/plugins/com.st.stm32cube.ide.mcu.externaltools.gnu-tools-for-stm32.14.3.rel1.win32_1.0.100.202602081740/tools/bin/../lib/gcc/arm-none-eabi/14.3.1/thumb/v7e-m+fp/hard\libgcc.a(_udivmoddi4.o)
 .ARM.attributes
                0x00000b89       0x22 C:/ST/STM32CubeIDE_2.2.0/STM32CubeIDE/plugins/com.st.stm32cube.ide.mcu.externaltools.gnu-tools-for-stm32.14.3.rel1.win32_1.0.100.202602081740/tools/bin/../lib/gcc/arm-none-eabi/14.3.1/thumb/v7e-m+fp/hard\libgcc.a(_dvmd_tls.o)
 .ARM.attributes
                0x00000bab       0x22 C:/ST/STM32CubeIDE_2.2.0/STM32CubeIDE/plugins/com.st.stm32cube.ide.mcu.externaltools.gnu-tools-for-stm32.14.3.rel1.win32_1.0.100.202602081740/tools/bin/../lib/gcc/arm-none-eabi/14.3.1/thumb/v7e-m+fp/hard/crtn.o
OUTPUT(NEW-IOT-AI.elf elf32-littlearm)
LOAD linker stubs
LOAD C:/ST/STM32CubeIDE_2.2.0/STM32CubeIDE/plugins/com.st.stm32cube.ide.mcu.externaltools.gnu-tools-for-stm32.14.3.rel1.win32_1.0.100.202602081740/tools/bin/../lib/gcc/arm-none-eabi/14.3.1/../../../../arm-none-eabi/lib/thumb/v7e-m+fp/hard\libc.a
LOAD C:/ST/STM32CubeIDE_2.2.0/STM32CubeIDE/plugins/com.st.stm32cube.ide.mcu.externaltools.gnu-tools-for-stm32.14.3.rel1.win32_1.0.100.202602081740/tools/bin/../lib/gcc/arm-none-eabi/14.3.1/../../../../arm-none-eabi/lib/thumb/v7e-m+fp/hard\libm.a
LOAD C:/ST/STM32CubeIDE_2.2.0/STM32CubeIDE/plugins/com.st.stm32cube.ide.mcu.externaltools.gnu-tools-for-stm32.14.3.rel1.win32_1.0.100.202602081740/tools/bin/../lib/gcc/arm-none-eabi/14.3.1/thumb/v7e-m+fp/hard\libgcc.a

.debug_info     0x00000000    0x1e319
 .debug_info    0x00000000      0x67b ./Core/Src/ai_inference.o
 .debug_info    0x0000067b     0x185c ./Core/Src/main.o
 .debug_info    0x00001ed7      0x798 ./Core/Src/mpu6050.o
 .debug_info    0x0000266f     0x130f ./Core/Src/network.o
 .debug_info    0x0000397e       0xcc ./Core/Src/network_data.o
 .debug_info    0x00003a4a      0x444 ./Core/Src/sensor_protocol.o
 .debug_info    0x00003e8e      0xe6e ./Core/Src/stm32f4xx_hal_msp.o
 .debug_info    0x00004cfc      0xbee ./Core/Src/stm32f4xx_hal_timebase_tim.o
 .debug_info    0x000058ea      0x953 ./Core/Src/stm32f4xx_it.o
 .debug_info    0x0000623d      0x512 ./Core/Src/system_stm32f4xx.o
 .debug_info    0x0000674f      0x4f1 ./Core/Src/vibration_itm_logger.o
 .debug_info    0x00006c40      0x174 ./Core/Src/vibration_rms.o
 .debug_info    0x00006db4       0x30 ./Core/Startup/startup_stm32f407vgtx.o
 .debug_info    0x00006de4      0x944 ./Drivers/STM32F4xx_HAL_Driver/Src/stm32f4xx_hal.o
 .debug_info    0x00007728      0xd8c ./Drivers/STM32F4xx_HAL_Driver/Src/stm32f4xx_hal_cortex.o
 .debug_info    0x000084b4      0x8e7 ./Drivers/STM32F4xx_HAL_Driver/Src/stm32f4xx_hal_dma.o
 .debug_info    0x00008d9b      0x57d ./Drivers/STM32F4xx_HAL_Driver/Src/stm32f4xx_hal_flash.o
 .debug_info    0x00009318      0x67f ./Drivers/STM32F4xx_HAL_Driver/Src/stm32f4xx_hal_flash_ex.o
 .debug_info    0x00009997      0x6c3 ./Drivers/STM32F4xx_HAL_Driver/Src/stm32f4xx_hal_gpio.o
 .debug_info    0x0000a05a     0x2415 ./Drivers/STM32F4xx_HAL_Driver/Src/stm32f4xx_hal_i2c.o
 .debug_info    0x0000c46f      0x8c3 ./Drivers/STM32F4xx_HAL_Driver/Src/stm32f4xx_hal_rcc.o
 .debug_info    0x0000cd32     0x299d ./Drivers/STM32F4xx_HAL_Driver/Src/stm32f4xx_hal_tim.o
 .debug_info    0x0000f6cf     0x14db ./Drivers/STM32F4xx_HAL_Driver/Src/stm32f4xx_hal_tim_ex.o
 .debug_info    0x00010baa     0x2f4f ./Drivers/STM32F4xx_HAL_Driver/Src/stm32f4xx_hal_uart.o
 .debug_info    0x00013af9     0x3a6d ./Middlewares/Third_Party/FreeRTOS/Source/CMSIS_RTOS_V2/cmsis_os2.o
 .debug_info    0x00017566      0x2af ./Middlewares/Third_Party/FreeRTOS/Source/list.o
 .debug_info    0x00017815     0x1b79 ./Middlewares/Third_Party/FreeRTOS/Source/queue.o
 .debug_info    0x0001938e     0x21ec ./Middlewares/Third_Party/FreeRTOS/Source/tasks.o
 .debug_info    0x0001b57a     0x1488 ./Middlewares/Third_Party/FreeRTOS/Source/timers.o
 .debug_info    0x0001ca02      0x4de ./Middlewares/Third_Party/FreeRTOS/Source/portable/GCC/ARM_CM4F/port.o
 .debug_info    0x0001cee0      0x4d5 ./Middlewares/Third_Party/FreeRTOS/Source/portable/MemMang/heap_4.o
 .debug_info    0x0001d3b5      0x366 ./app_ota_client/Src/ota_confirm.o
 .debug_info    0x0001d71b      0x481 ./app_ota_client/Src/ota_receiver.o
 .debug_info    0x0001db9c      0x228 ./bootloader/Src/crc32.o
 .debug_info    0x0001ddc4      0x31b ./bootloader/Src/flash_ll.o
 .debug_info    0x0001e0df      0x23a ./bootloader/Src/flash_metadata.o

.debug_abbrev   0x00000000     0x4c07
 .debug_abbrev  0x00000000      0x19e ./Core/Src/ai_inference.o
 .debug_abbrev  0x0000019e      0x3d5 ./Core/Src/main.o
 .debug_abbrev  0x00000573      0x1af ./Core/Src/mpu6050.o
 .debug_abbrev  0x00000722      0x255 ./Core/Src/network.o
 .debug_abbrev  0x00000977       0x75 ./Core/Src/network_data.o
 .debug_abbrev  0x000009ec      0x18c ./Core/Src/sensor_protocol.o
 .debug_abbrev  0x00000b78      0x1cc ./Core/Src/stm32f4xx_hal_msp.o
 .debug_abbrev  0x00000d44      0x1f4 ./Core/Src/stm32f4xx_hal_timebase_tim.o
 .debug_abbrev  0x00000f38      0x189 ./Core/Src/stm32f4xx_it.o
 .debug_abbrev  0x000010c1      0x11a ./Core/Src/system_stm32f4xx.o
 .debug_abbrev  0x000011db      0x241 ./Core/Src/vibration_itm_logger.o
 .debug_abbrev  0x0000141c       0xbf ./Core/Src/vibration_rms.o
 .debug_abbrev  0x000014db       0x24 ./Core/Startup/startup_stm32f407vgtx.o
 .debug_abbrev  0x000014ff      0x214 ./Drivers/STM32F4xx_HAL_Driver/Src/stm32f4xx_hal.o
 .debug_abbrev  0x00001713      0x31d ./Drivers/STM32F4xx_HAL_Driver/Src/stm32f4xx_hal_cortex.o
 .debug_abbrev  0x00001a30      0x264 ./Drivers/STM32F4xx_HAL_Driver/Src/stm32f4xx_hal_dma.o
 .debug_abbrev  0x00001c94      0x28c ./Drivers/STM32F4xx_HAL_Driver/Src/stm32f4xx_hal_flash.o
 .debug_abbrev  0x00001f20      0x249 ./Drivers/STM32F4xx_HAL_Driver/Src/stm32f4xx_hal_flash_ex.o
 .debug_abbrev  0x00002169      0x1d4 ./Drivers/STM32F4xx_HAL_Driver/Src/stm32f4xx_hal_gpio.o
 .debug_abbrev  0x0000233d      0x2ad ./Drivers/STM32F4xx_HAL_Driver/Src/stm32f4xx_hal_i2c.o
 .debug_abbrev  0x000025ea      0x2b7 ./Drivers/STM32F4xx_HAL_Driver/Src/stm32f4xx_hal_rcc.o
 .debug_abbrev  0x000028a1      0x278 ./Drivers/STM32F4xx_HAL_Driver/Src/stm32f4xx_hal_tim.o
 .debug_abbrev  0x00002b19      0x283 ./Drivers/STM32F4xx_HAL_Driver/Src/stm32f4xx_hal_tim_ex.o
 .debug_abbrev  0x00002d9c      0x30e ./Drivers/STM32F4xx_HAL_Driver/Src/stm32f4xx_hal_uart.o
 .debug_abbrev  0x000030aa      0x520 ./Middlewares/Third_Party/FreeRTOS/Source/CMSIS_RTOS_V2/cmsis_os2.o
 .debug_abbrev  0x000035ca       0xf5 ./Middlewares/Third_Party/FreeRTOS/Source/list.o
 .debug_abbrev  0x000036bf      0x3b6 ./Middlewares/Third_Party/FreeRTOS/Source/queue.o
 .debug_abbrev  0x00003a75      0x386 ./Middlewares/Third_Party/FreeRTOS/Source/tasks.o
 .debug_abbrev  0x00003dfb      0x352 ./Middlewares/Third_Party/FreeRTOS/Source/timers.o
 .debug_abbrev  0x0000414d      0x25c ./Middlewares/Third_Party/FreeRTOS/Source/portable/GCC/ARM_CM4F/port.o
 .debug_abbrev  0x000043a9      0x21d ./Middlewares/Third_Party/FreeRTOS/Source/portable/MemMang/heap_4.o
 .debug_abbrev  0x000045c6      0x172 ./app_ota_client/Src/ota_confirm.o
 .debug_abbrev  0x00004738      0x163 ./app_ota_client/Src/ota_receiver.o
 .debug_abbrev  0x0000489b      0x11c ./bootloader/Src/crc32.o
 .debug_abbrev  0x000049b7      0x14a ./bootloader/Src/flash_ll.o
 .debug_abbrev  0x00004b01      0x106 ./bootloader/Src/flash_metadata.o

.debug_aranges  0x00000000     0x1b40
 .debug_aranges
                0x00000000       0x30 ./Core/Src/ai_inference.o
 .debug_aranges
                0x00000030       0x88 ./Core/Src/main.o
 .debug_aranges
                0x000000b8       0x28 ./Core/Src/mpu6050.o
 .debug_aranges
                0x000000e0       0xa0 ./Core/Src/network.o
 .debug_aranges
                0x00000180       0x18 ./Core/Src/network_data.o
 .debug_aranges
                0x00000198       0x48 ./Core/Src/sensor_protocol.o
 .debug_aranges
                0x000001e0       0x40 ./Core/Src/stm32f4xx_hal_msp.o
 .debug_aranges
                0x00000220       0x30 ./Core/Src/stm32f4xx_hal_timebase_tim.o
 .debug_aranges
                0x00000250       0x58 ./Core/Src/stm32f4xx_it.o
 .debug_aranges
                0x000002a8       0x28 ./Core/Src/system_stm32f4xx.o
 .debug_aranges
                0x000002d0       0x40 ./Core/Src/vibration_itm_logger.o
 .debug_aranges
                0x00000310       0x20 ./Core/Src/vibration_rms.o
 .debug_aranges
                0x00000330       0x28 ./Core/Startup/startup_stm32f407vgtx.o
 .debug_aranges
                0x00000358       0xf0 ./Drivers/STM32F4xx_HAL_Driver/Src/stm32f4xx_hal.o
 .debug_aranges
                0x00000448      0x130 ./Drivers/STM32F4xx_HAL_Driver/Src/stm32f4xx_hal_cortex.o
 .debug_aranges
                0x00000578       0x90 ./Drivers/STM32F4xx_HAL_Driver/Src/stm32f4xx_hal_dma.o
 .debug_aranges
                0x00000608       0xa0 ./Drivers/STM32F4xx_HAL_Driver/Src/stm32f4xx_hal_flash.o
 .debug_aranges
                0x000006a8       0x98 ./Drivers/STM32F4xx_HAL_Driver/Src/stm32f4xx_hal_flash_ex.o
 .debug_aranges
                0x00000740       0x58 ./Drivers/STM32F4xx_HAL_Driver/Src/stm32f4xx_hal_gpio.o
 .debug_aranges
                0x00000798      0x2a8 ./Drivers/STM32F4xx_HAL_Driver/Src/stm32f4xx_hal_i2c.o
 .debug_aranges
                0x00000a40       0x88 ./Drivers/STM32F4xx_HAL_Driver/Src/stm32f4xx_hal_rcc.o
 .debug_aranges
                0x00000ac8      0x3d0 ./Drivers/STM32F4xx_HAL_Driver/Src/stm32f4xx_hal_tim.o
 .debug_aranges
                0x00000e98      0x168 ./Drivers/STM32F4xx_HAL_Driver/Src/stm32f4xx_hal_tim_ex.o
 .debug_aranges
                0x00001000      0x208 ./Drivers/STM32F4xx_HAL_Driver/Src/stm32f4xx_hal_uart.o
 .debug_aranges
                0x00001208      0x2b0 ./Middlewares/Third_Party/FreeRTOS/Source/CMSIS_RTOS_V2/cmsis_os2.o
 .debug_aranges
                0x000014b8       0x40 ./Middlewares/Third_Party/FreeRTOS/Source/list.o
 .debug_aranges
                0x000014f8      0x158 ./Middlewares/Third_Party/FreeRTOS/Source/queue.o
 .debug_aranges
                0x00001650      0x208 ./Middlewares/Third_Party/FreeRTOS/Source/tasks.o
 .debug_aranges
                0x00001858       0xf0 ./Middlewares/Third_Party/FreeRTOS/Source/timers.o
 .debug_aranges
                0x00001948       0x80 ./Middlewares/Third_Party/FreeRTOS/Source/portable/GCC/ARM_CM4F/port.o
 .debug_aranges
                0x000019c8       0x58 ./Middlewares/Third_Party/FreeRTOS/Source/portable/MemMang/heap_4.o
 .debug_aranges
                0x00001a20       0x30 ./app_ota_client/Src/ota_confirm.o
 .debug_aranges
                0x00001a50       0x50 ./app_ota_client/Src/ota_receiver.o
 .debug_aranges
                0x00001aa0       0x40 ./bootloader/Src/crc32.o
 .debug_aranges
                0x00001ae0       0x30 ./bootloader/Src/flash_ll.o
 .debug_aranges
                0x00001b10       0x30 ./bootloader/Src/flash_metadata.o

.debug_rnglists
                0x00000000     0x1518
 .debug_rnglists
                0x00000000       0x22 ./Core/Src/ai_inference.o
 .debug_rnglists
                0x00000022       0x65 ./Core/Src/main.o
 .debug_rnglists
                0x00000087       0x1b ./Core/Src/mpu6050.o
 .debug_rnglists
                0x000000a2       0x7e ./Core/Src/network.o
 .debug_rnglists
                0x00000120       0x36 ./Core/Src/sensor_protocol.o
 .debug_rnglists
                0x00000156       0x2d ./Core/Src/stm32f4xx_hal_msp.o
 .debug_rnglists
                0x00000183       0x20 ./Core/Src/stm32f4xx_hal_timebase_tim.o
 .debug_rnglists
                0x000001a3       0x3d ./Core/Src/stm32f4xx_it.o
 .debug_rnglists
                0x000001e0       0x1a ./Core/Src/system_stm32f4xx.o
 .debug_rnglists
                0x000001fa       0x2c ./Core/Src/vibration_itm_logger.o
 .debug_rnglists
                0x00000226       0x14 ./Core/Src/vibration_rms.o
 .debug_rnglists
                0x0000023a       0x19 ./Core/Startup/startup_stm32f407vgtx.o
 .debug_rnglists
                0x00000253       0xaf ./Drivers/STM32F4xx_HAL_Driver/Src/stm32f4xx_hal.o
 .debug_rnglists
                0x00000302       0xe0 ./Drivers/STM32F4xx_HAL_Driver/Src/stm32f4xx_hal_cortex.o
 .debug_rnglists
                0x000003e2       0x70 ./Drivers/STM32F4xx_HAL_Driver/Src/stm32f4xx_hal_dma.o
 .debug_rnglists
                0x00000452       0x78 ./Drivers/STM32F4xx_HAL_Driver/Src/stm32f4xx_hal_flash.o
 .debug_rnglists
                0x000004ca       0x72 ./Drivers/STM32F4xx_HAL_Driver/Src/stm32f4xx_hal_flash_ex.o
 .debug_rnglists
                0x0000053c       0x3f ./Drivers/STM32F4xx_HAL_Driver/Src/stm32f4xx_hal_gpio.o
 .debug_rnglists
                0x0000057b      0x23c ./Drivers/STM32F4xx_HAL_Driver/Src/stm32f4xx_hal_i2c.o
 .debug_rnglists
                0x000007b7       0x66 ./Drivers/STM32F4xx_HAL_Driver/Src/stm32f4xx_hal_rcc.o
 .debug_rnglists
                0x0000081d      0x31a ./Drivers/STM32F4xx_HAL_Driver/Src/stm32f4xx_hal_tim.o
 .debug_rnglists
                0x00000b37      0x125 ./Drivers/STM32F4xx_HAL_Driver/Src/stm32f4xx_hal_tim_ex.o
 .debug_rnglists
                0x00000c5c      0x1bc ./Drivers/STM32F4xx_HAL_Driver/Src/stm32f4xx_hal_uart.o
 .debug_rnglists
                0x00000e18      0x212 ./Middlewares/Third_Party/FreeRTOS/Source/CMSIS_RTOS_V2/cmsis_os2.o
 .debug_rnglists
                0x0000102a       0x2b ./Middlewares/Third_Party/FreeRTOS/Source/list.o
 .debug_rnglists
                0x00001055      0x109 ./Middlewares/Third_Party/FreeRTOS/Source/queue.o
 .debug_rnglists
                0x0000115e      0x1a0 ./Middlewares/Third_Party/FreeRTOS/Source/tasks.o
 .debug_rnglists