Archive member included to satisfy reference by file (symbol)

C:/Users/91960/Desktop/STM_Projects/NEW_IOT_AI/Net1201.a(lite_dense_if32.o)
                              ./Core/Src/network.o (forward_lite_dense_if32of32wf32)
C:/Users/91960/Desktop/STM_Projects/NEW_IOT_AI/Net1201.a(lite_nl_generic_float.o)
                              ./Core/Src/network.o (forward_lite_nl_relu_if32of32)
C:/Users/91960/Desktop/STM_Projects/NEW_IOT_AI/Net1201.a(st_int8_fill.o)
                              C:/Users/91960/Desktop/STM_Projects/NEW_IOT_AI/Net1201.a(lite_dense_if32.o) (st_int8_copy)
C:/Users/91960/Desktop/STM_Projects/NEW_IOT_AI/Net1201.a(ai_math_helpers.o)
                              C:/Users/91960/Desktop/STM_Projects/NEW_IOT_AI/Net1201.a(lite_nl_generic_float.o) (ai_math_sqrt)
C:/Users/91960/Desktop/STM_Projects/NEW_IOT_AI/Net1201.a(ai_math_elementwise_mul_int8.o)
                              C:/Users/91960/Desktop/STM_Projects/NEW_IOT_AI/Net1201.a(ai_math_helpers.o) (ai_math_elementwise_mul_int8)
C:/Users/91960/Desktop/STM_Projects/NEW_IOT_AI/Net1201.a(ai_math_elementwise_sum_int8.o)
                              C:/Users/91960/Desktop/STM_Projects/NEW_IOT_AI/Net1201.a(ai_math_helpers.o) (ai_math_elementwise_sum_int8)
C:/Users/91960/Desktop/STM_Projects/NEW_IOT_AI/Net1201.a(lite_nl_softmax_if32of32.o)
                              C:/Users/91960/Desktop/STM_Projects/NEW_IOT_AI/Net1201.a(lite_nl_generic_float.o) (forward_lite_nl_softmax_if32of32_kernel)
C:/Users/91960/Desktop/STM_Projects/NEW_IOT_AI/Net1201.a(lite_nl_relu_if32of32.o)
                              C:/Users/91960/Desktop/STM_Projects/NEW_IOT_AI/Net1201.a(lite_nl_generic_float.o) (forward_lite_nl_prelu_if32of32_kernel)
C:/Users/91960/Desktop/STM_Projects/NEW_IOT_AI/Net1201.a(st_align_factor.o)
                              C:/Users/91960/Desktop/STM_Projects/NEW_IOT_AI/Net1201.a(ai_math_helpers.o) (align_factor)
C:/ST/STM32CubeIDE_2.2.0/STM32CubeIDE/plugins/com.st.stm32cube.ide.mcu.externaltools.gnu-tools-for-stm32.14.3.rel1.win32_1.0.100.202602081740/tools/bin/../lib/gcc/arm-none-eabi/14.3.1/../../../../arm-none-eabi/lib/thumb/v7e-m+fp/hard\libc_nano.a(libc_a-exit.o)
                              C:/ST/STM32CubeIDE_2.2.0/STM32CubeIDE/plugins/com.st.stm32cube.ide.mcu.externaltools.gnu-tools-for-stm32.14.3.rel1.win32_1.0.100.202602081740/tools/bin/../lib/gcc/arm-none-eabi/14.3.1/../../../../arm-none-eabi/lib/thumb/v7e-m+fp/hard/crt0.o (exit)
C:/ST/STM32CubeIDE_2.2.0/STM32CubeIDE/plugins/com.st.stm32cube.ide.mcu.externaltools.gnu-tools-for-stm32.14.3.rel1.win32_1.0.100.202602081740/tools/bin/../lib/gcc/arm-none-eabi/14.3.1/../../../../arm-none-eabi/lib/thumb/v7e-m+fp/hard\libc_nano.a(libc_a-findfp.o)
                              C:/ST/STM32CubeIDE_2.2.0/STM32CubeIDE/plugins/com.st.stm32cube.ide.mcu.externaltools.gnu-tools-for-stm32.14.3.rel1.win32_1.0.100.202602081740/tools/bin/../lib/gcc/arm-none-eabi/14.3.1/../../../../arm-none-eabi/lib/thumb/v7e-m+fp/hard\libc_nano.a(libc_a-exit.o) (__stdio_exit_handler)
C:/ST/STM32CubeIDE_2.2.0/STM32CubeIDE/plugins/com.st.stm32cube.ide.mcu.externaltools.gnu-tools-for-stm32.14.3.rel1.win32_1.0.100.202602081740/tools/bin/../lib/gcc/arm-none-eabi/14.3.1/../../../../arm-none-eabi/lib/thumb/v7e-m+fp/hard\libc_nano.a(libc_a-fwalk.o)
                              C:/ST/STM32CubeIDE_2.2.0/STM32CubeIDE/plugins/com.st.stm32cube.ide.mcu.externaltools.gnu-tools-for-stm32.14.3.rel1.win32_1.0.100.202602081740/tools/bin/../lib/gcc/arm-none-eabi/14.3.1/../../../../arm-none-eabi/lib/thumb/v7e-m+fp/hard\libc_nano.a(libc_a-findfp.o) (_fwalk_sglue)
C:/ST/STM32CubeIDE_2.2.0/STM32CubeIDE/plugins/com.st.stm32cube.ide.mcu.externaltools.gnu-tools-for-stm32.14.3.rel1.win32_1.0.100.202602081740/tools/bin/../lib/gcc/arm-none-eabi/14.3.1/../../../../arm-none-eabi/lib/thumb/v7e-m+fp/hard\libc_nano.a(libc_a-printf.o)
                              ./Core/Src/vibration_itm_logger.o (printf)
C:/ST/STM32CubeIDE_2.2.0/STM32CubeIDE/plugins/com.st.stm32cube.ide.mcu.externaltools.gnu-tools-for-stm32.14.3.rel1.win32_1.0.100.202602081740/tools/bin/../lib/gcc/arm-none-eabi/14.3.1/../../../../arm-none-eabi/lib/thumb/v7e-m+fp/hard\libc_nano.a(libc_a-stdio.o)
                              C:/ST/STM32CubeIDE_2.2.0/STM32CubeIDE/plugins/com.st.stm32cube.ide.mcu.externaltools.gnu-tools-for-stm32.14.3.rel1.win32_1.0.100.202602081740/tools/bin/../lib/gcc/arm-none-eabi/14.3.1/../../../../arm-none-eabi/lib/thumb/v7e-m+fp/hard\libc_nano.a(libc_a-findfp.o) (__sread)
C:/ST/STM32CubeIDE_2.2.0/STM32CubeIDE/plugins/com.st.stm32cube.ide.mcu.externaltools.gnu-tools-for-stm32.14.3.rel1.win32_1.0.100.202602081740/tools/bin/../lib/gcc/arm-none-eabi/14.3.1/../../../../arm-none-eabi/lib/thumb/v7e-m+fp/hard\libc_nano.a(libc_a-memset.o)
[...]
Memory Configuration

Name             Origin             Length             Attributes
CCMRAM           0x10000000         0x00010000         xrw
RAM              0x20000000         0x00020000         xrw
FLASH            0x08000000         0x00100000         xr
*default*        0x00000000         0xffffffff

Linker script and memory map

LOAD C:/ST/STM32CubeIDE_2.2.0/STM32CubeIDE/plugins/com.st.stm32cube.ide.mcu.externaltools.gnu-tools-for-stm32.14.3.rel1.win32_1.0.100.202602081740/tools/bin/../lib/gcc/arm-none-eabi/14.3.1/thumb/v7e-m+fp/hard/crti.o
LOAD C:/ST/STM32CubeIDE_2.2.0/STM32CubeIDE/plugins/com.st.stm32cube.ide.mcu.externaltools.gnu-tools-for-stm32.14.3.rel1.win32_1.0.100.202602081740/tools/bin/../lib/gcc/arm-none-eabi/14.3.1/thumb/v7e-m+fp/hard/crtbegin.o
LOAD C:/ST/STM32CubeIDE_2.2.0/STM32CubeIDE/plugins/com.st.stm32cube.ide.mcu.externaltools.gnu-tools-for-stm32.14.3.rel1.win32_1.0.100.202602081740/tools/bin/../lib/gcc/arm-none-eabi/14.3.1/../../../../arm-none-eabi/lib/thumb/v7e-m+fp/hard/crt0.o
LOAD ./Core/Src/ai_inference.o
LOAD ./Core/Src/main.o
LOAD ./Core/Src/mpu6050.o
LOAD ./Core/Src/network.o
LOAD ./Core/Src/network_data.o
LOAD ./Core/Src/sensor_protocol.o
LOAD ./Core/Src/stm32f4xx_hal_msp.o
LOAD ./Core/Src/stm32f4xx_it.o
LOAD ./Core/Src/syscalls.o
LOAD ./Core/Src/sysmem.o
LOAD ./Core/Src/system_stm32f4xx.o
LOAD ./Core/Src/vibration_itm_logger.o
LOAD ./Core/Src/vibration_rms.o
LOAD ./Core/Startup/startup_stm32f407vgtx.o
LOAD ./Drivers/STM32F4xx_HAL_Driver/Src/stm32f4xx_hal.o
LOAD ./Drivers/STM32F4xx_HAL_Driver/Src/stm32f4xx_hal_cortex.o
LOAD ./Drivers/STM32F4xx_HAL_Driver/Src/stm32f4xx_hal_dma.o
LOAD ./Drivers/STM32F4xx_HAL_Driver/Src/stm32f4xx_hal_dma_ex.o
LOAD ./Drivers/STM32F4xx_HAL_Driver/Src/stm32f4xx_hal_exti.o
LOAD ./Drivers/STM32F4xx_HAL_Driver/Src/stm32f4xx_hal_flash.o
LOAD ./Drivers/STM32F4xx_HAL_Driver/Src/stm32f4xx_hal_flash_ex.o
LOAD ./Drivers/STM32F4xx_HAL_Driver/Src/stm32f4xx_hal_flash_ramfunc.o
LOAD ./Drivers/STM32F4xx_HAL_Driver/Src/stm32f4xx_hal_gpio.o
LOAD ./Drivers/STM32F4xx_HAL_Driver/Src/stm32f4xx_hal_i2c.o
LOAD ./Drivers/STM32F4xx_HAL_Driver/Src/stm32f4xx_hal_i2c_ex.o
LOAD ./Drivers/STM32F4xx_HAL_Driver/Src/stm32f4xx_hal_pwr.o
LOAD ./Drivers/STM32F4xx_HAL_Driver/Src/stm32f4xx_hal_pwr_ex.o
LOAD ./Drivers/STM32F4xx_HAL_Driver/Src/stm32f4xx_hal_rcc.o
LOAD ./Drivers/STM32F4xx_HAL_Driver/Src/stm32f4xx_hal_rcc_ex.o
LOAD ./Drivers/STM32F4xx_HAL_Driver/Src/stm32f4xx_hal_uart.o
LOAD C:/Users/91960/Desktop/STM_Projects/NEW_IOT_AI/Net1201.a
LOAD C:/Users/91960/Desktop/STM_Projects/NEW_IOT_AI/Net1201.a
START GROUP
LOAD C:/ST/STM32CubeIDE_2.2.0/STM32CubeIDE/plugins/com.st.stm32cube.ide.mcu.externaltools.gnu-tools-for-stm32.14.3.rel1.win32_1.0.100.202602081740/tools/bin/../lib/gcc/arm-none-eabi/14.3.1/../../../../arm-none-eabi/lib/thumb/v7e-m+fp/hard\libc_nano.a
LOAD C:/ST/STM32CubeIDE_2.2.0/STM32CubeIDE/plugins/com.st.stm32cube.ide.mcu.externaltools.gnu-tools-for-stm32.14.3.rel1.win32_1.0.100.202602081740/tools/bin/../lib/gcc/arm-none-eabi/14.3.1/../../../../arm-none-eabi/lib/thumb/v7e-m+fp/hard\libm.a
END GROUP
START GROUP
LOAD C:/ST/STM32CubeIDE_2.2.0/STM32CubeIDE/plugins/com.st.stm32cube.ide.mcu.externaltools.gnu-tools-for-stm32.14.3.rel1.win32_1.0.100.202602081740/tools/bin/../lib/gcc/arm-none-eabi/14.3.1/thumb/v7e-m+fp/hard\libgcc.a
LOAD C:/ST/STM32CubeIDE_2.2.0/STM32CubeIDE/plugins/com.st.stm32cube.ide.mcu.externaltools.gnu-tools-for-stm32.14.3.rel1.win32_1.0.100.202602081740/tools/bin/../lib/gcc/arm-none-eabi/14.3.1/../../../../arm-none-eabi/lib/thumb/v7e-m+fp/hard\libc_nano.a
END GROUP
START GROUP
LOAD C:/ST/STM32CubeIDE_2.2.0/STM32CubeIDE/plugins/com.st.stm32cube.ide.mcu.externaltools.gnu-tools-for-stm32.14.3.rel1.win32_1.0.100.202602081740/tools/bin/../lib/gcc/arm-none-eabi/14.3.1/thumb/v7e-m+fp/hard\libgcc.a
LOAD C:/ST/STM32CubeIDE_2.2.0/STM32CubeIDE/plugins/com.st.stm32cube.ide.mcu.externaltools.gnu-tools-for-stm32.14.3.rel1.win32_1.0.100.202602081740/tools/bin/../lib/gcc/arm-none-eabi/14.3.1/../../../../arm-none-eabi/lib/thumb/v7e-m+fp/hard\libc_nano.a
LOAD C:/ST/STM32CubeIDE_2.2.0/STM32CubeIDE/plugins/com.st.stm32cube.ide.mcu.externaltools.gnu-tools-for-stm32.14.3.rel1.win32_1.0.100.202602081740/tools/bin/../lib/gcc/arm-none-eabi/14.3.1/../../../../arm-none-eabi/lib/thumb/v7e-m+fp/hard\libnosys.a
END GROUP
START GROUP
LOAD C:/ST/STM32CubeIDE_2.2.0/STM32CubeIDE/plugins/com.st.stm32cube.ide.mcu.externaltools.gnu-tools-for-stm32.14.3.rel1.win32_1.0.100.202602081740/tools/bin/../lib/gcc/arm-none-eabi/14.3.1/thumb/v7e-m+fp/hard\libgcc.a
LOAD C:/ST/STM32CubeIDE_2.2.0/STM32CubeIDE/plugins/com.st.stm32cube.ide.mcu.externaltools.gnu-tools-for-stm32.14.3.rel1.win32_1.0.100.202602081740/tools/bin/../lib/gcc/arm-none-eabi/14.3.1/../../../../arm-none-eabi/lib/thumb/v7e-m+fp/hard\libc_nano.a
LOAD C:/ST/STM32CubeIDE_2.2.0/STM32CubeIDE/plugins/com.st.stm32cube.ide.mcu.externaltools.gnu-tools-for-stm32.14.3.rel1.win32_1.0.100.202602081740/tools/bin/../lib/gcc/arm-none-eabi/14.3.1/../../../../arm-none-eabi/lib/thumb/v7e-m+fp/hard\libnosys.a
END GROUP
LOAD C:/ST/STM32CubeIDE_2.2.0/STM32CubeIDE/plugins/com.st.stm32cube.ide.mcu.externaltools.gnu-tools-for-stm32.14.3.rel1.win32_1.0.100.202602081740/tools/bin/../lib/gcc/arm-none-eabi/14.3.1/thumb/v7e-m+fp/hard/crtend.o
LOAD C:/ST/STM32CubeIDE_2.2.0/STM32CubeIDE/plugins/com.st.stm32cube.ide.mcu.externaltools.gnu-tools-for-stm32.14.3.rel1.win32_1.0.100.202602081740/tools/bin/../lib/gcc/arm-none-eabi/14.3.1/thumb/v7e-m+fp/hard/crtn.o
                0x20020000                        _estack = (ORIGIN (RAM) + LENGTH (RAM))
                0x00000200                        _Min_Heap_Size = 0x200
                0x00000400                        _Min_Stack_Size = 0x400

.isr_vector     0x08000000      0x188
                0x08000000                        . = ALIGN (0x4)
 *(.isr_vector)
 .isr_vector    0x08000000      0x188 ./Core/Startup/startup_stm32f407vgtx.o
                0x08000000                g_pfnVectors
                0x08000188                        . = ALIGN (0x4)

.text           0x08000188     0x5aec
                0x08000188                        . = ALIGN (0x4)
 *(.text)
 .text          0x08000188       0x40 C:/ST/STM32CubeIDE_2.2.0/STM32CubeIDE/plugins/com.st.stm32cube.ide.mcu.externaltools.gnu-tools-for-stm32.14.3.rel1.win32_1.0.100.202602081740/tools/bin/../lib/gcc/arm-none-eabi/14.3.1/thumb/v7e-m+fp/hard/crtbegin.o
 .text          0x080001c8       0x30 C:/ST/STM32CubeIDE_2.2.0/STM32CubeIDE/plugins/com.st.stm32cube.ide.mcu.externaltools.gnu-tools-for-stm32.14.3.rel1.win32_1.0.100.202602081740/tools/bin/../lib/gcc/arm-none-eabi/14.3.1/thumb/v7e-m+fp/hard\libgcc.a(_aeabi_uldivmod.o)
                0x080001c8                __aeabi_uldivmod
 .text          0x080001f8      0x2f8 C:/ST/STM32CubeIDE_2.2.0/STM32CubeIDE/plugins/com.st.stm32cube.ide.mcu.externaltools.gnu-tools-for-stm32.14.3.rel1.win32_1.0.100.202602081740/tools/bin/../lib/gcc/arm-none-eabi/14.3.1/thumb/v7e-m+fp/hard\libgcc.a(_udivmoddi4.o)
                0x080001f8                __udivmoddi4
 .text          0x080004f0        0x4 C:/ST/STM32CubeIDE_2.2.0/STM32CubeIDE/plugins/com.st.stm32cube.ide.mcu.externaltools.gnu-tools-for-stm32.14.3.rel1.win32_1.0.100.202602081740/tools/bin/../lib/gcc/arm-none-eabi/14.3.1/thumb/v7e-m+fp/hard\libgcc.a(_dvmd_tls.o)
                0x080004f0                __aeabi_idiv0
                0x080004f0                __aeabi_ldiv0
 *(.text*)
 .text.ai_inference_init
                0x080004f4       0xdc ./Core/Src/ai_inference.o
                0x080004f4                ai_inference_init
 .text.normalize_window
                0x080005d0       0x98 ./Core/Src/ai_inference.o
 .text.ai_inference_update
                0x08000668      0x2fc ./Core/Src/ai_inference.o
                0x08000668                ai_inference_update
 .text.pseudo_noise
                0x08000964       0x70 ./Core/Src/main.o
 .text.main     0x080009d4      0x138 ./Core/Src/main.o
                0x080009d4                main
 .text.SystemClock_Config
                0x08000b0c       0xbc ./Core/Src/main.o
                0x08000b0c                SystemClock_Config
 .text.MX_I2C1_Init
                0x08000bc8       0x5c ./Core/Src/main.o
 .text.MX_USART2_UART_Init
                0x08000c24       0x54 ./Core/Src/main.o
 .text.MX_GPIO_Init
                0x08000c78       0x50 ./Core/Src/main.o
 .text.Error_Handler
                0x08000cc8        0xc ./Core/Src/main.o
                0x08000cc8                Error_Handler
 .text.MPU6050_Init
                0x08000cd4       0xb4 ./Core/Src/mpu6050.o
                0x08000cd4                MPU6050_Init
 .text.MPU6050_Read_Accel_g
                0x08000d88       0xb8 ./Core/Src/mpu6050.o
                0x08000d88                MPU6050_Read_Accel_g
 .text._stai_network_check
                0x08000e40      0x108 ./Core/Src/network.o
 .text.stai_network_init
                0x08000f48       0x60 ./Core/Src/network.o
                0x08000f48                stai_network_init
 .text.stai_network_run
                0x08000fa8      0x74c ./Core/Src/network.o
                0x08000fa8                stai_network_run
 .text.stai_network_set_activations
                0x080016f4      0x1a4 ./Core/Src/network.o
                0x080016f4                stai_network_set_activations
 .text.stai_network_set_weights
                0x08001898      0x198 ./Core/Src/network.o
                0x08001898                stai_network_set_weights
 .text.stai_network_set_inputs
                0x08001a30      0x198 ./Core/Src/network.o
                0x08001a30                stai_network_set_inputs
 .text.stai_network_set_outputs
                0x08001bc8      0x19c ./Core/Src/network.o
                0x08001bc8                stai_network_set_outputs
 .text.crc16_ccitt
                0x08001d64       0x80 ./Core/Src/sensor_protocol.o
                0x08001d64                crc16_ccitt
 .text.stuff_byte
                0x08001de4       0x84 ./Core/Src/sensor_protocol.o
 .text.hdlc_encode_frame
                0x08001e68       0xd0 ./Core/Src/sensor_protocol.o
                0x08001e68                hdlc_encode_frame
 .text.HAL_MspInit
                0x08001f38       0x50 ./Core/Src/stm32f4xx_hal_msp.o
                0x08001f38                HAL_MspInit
 .text.HAL_I2C_MspInit
                0x08001f88       0x90 ./Core/Src/stm32f4xx_hal_msp.o
                0x08001f88                HAL_I2C_MspInit
 .text.HAL_UART_MspInit
                0x08002018       0x90 ./Core/Src/stm32f4xx_hal_msp.o
                0x08002018                HAL_UART_MspInit
 .text.NMI_Handler
                0x080020a8        0x8 ./Core/Src/stm32f4xx_it.o
                0x080020a8                NMI_Handler
 .text.HardFault_Handler
                0x080020b0        0x8 ./Core/Src/stm32f4xx_it.o
                0x080020b0                HardFault_Handler
 .text.MemManage_Handler
                0x080020b8        0x8 ./Core/Src/stm32f4xx_it.o
                0x080020b8                MemManage_Handler
 .text.BusFault_Handler
                0x080020c0        0x8 ./Core/Src/stm32f4xx_it.o
                0x080020c0                BusFault_Handler
 .text.UsageFault_Handler
                0x080020c8        0x8 ./Core/Src/stm32f4xx_it.o
                0x080020c8                UsageFault_Handler
 .text.SVC_Handler
                0x080020d0        0xe ./Core/Src/stm32f4xx_it.o
                0x080020d0                SVC_Handler
 .text.DebugMon_Handler
                0x080020de        0xe ./Core/Src/stm32f4xx_it.o
                0x080020de                DebugMon_Handler
 .text.PendSV_Handler
                0x080020ec        0xe ./Core/Src/stm32f4xx_it.o
                0x080020ec                PendSV_Handler
 .text.SysTick_Handler
                0x080020fa        0xc ./Core/Src/stm32f4xx_it.o
                0x080020fa                SysTick_Handler
 *fill*         0x08002106        0x2 
 .text.SystemInit
                0x08002108       0x24 ./Core/Src/system_stm32f4xx.o
                0x08002108                SystemInit
 .text.itm_init
                0x0800212c       0x54 ./Core/Src/vibration_itm_logger.o
                0x0800212c                itm_init
 .text.vibration_rms_read
                0x08002180       0xb4 ./Core/Src/vibration_rms.o
                0x08002180                vibration_rms_read
 .text.Reset_Handler
                0x08002234       0x50 ./Core/Startup/startup_stm32f407vgtx.o
                0x08002234                Reset_Handler
 .text.Default_Handler
                0x08002284        0x2 ./Core/Startup/startup_stm32f407vgtx.o
                0x08002284                RTC_Alarm_IRQHandler
                0x08002284                HASH_RNG_IRQHandler
                0x08002284                EXTI2_IRQHandler
                0x08002284                TIM8_CC_IRQHandler
                0x08002284                TIM1_CC_IRQHandler
                0x08002284                DMA2_Stream5_IRQHandler
                0x08002284                DMA1_Stream5_IRQHandler
                0x08002284                PVD_IRQHandler
                0x08002284                SDIO_IRQHandler
                0x08002284                TAMP_STAMP_IRQHandler
                0x08002284                CAN2_RX1_IRQHandler
                0x08002284                EXTI3_IRQHandler
                0x08002284                TIM8_TRG_COM_TIM14_IRQHandler
                0x08002284                TIM1_UP_TIM10_IRQHandler
                0x08002284                TIM8_UP_TIM13_IRQHandler
                0x08002284                I2C3_ER_IRQHandler
                0x08002284                EXTI0_IRQHandler
                0x08002284                I2C2_EV_IRQHandler
                0x08002284                DMA1_Stream2_IRQHandler
                0x08002284                CAN1_RX0_IRQHandler
                0x08002284                FPU_IRQHandler
                0x08002284                OTG_HS_WKUP_IRQHandler
                0x08002284                CAN2_SCE_IRQHandler
                0x08002284                DMA2_Stream2_IRQHandler
                0x08002284                SPI1_IRQHandler
                0x08002284                TIM6_DAC_IRQHandler
                0x08002284                TIM1_BRK_TIM9_IRQHandler
                0x08002284                DCMI_IRQHandler
                0x08002284                CAN2_RX0_IRQHandler
                0x08002284                DMA2_Stream3_IRQHandler
                0x08002284                USART6_IRQHandler
                0x08002284                USART3_IRQHandler
                0x08002284                CAN1_RX1_IRQHandler
                0x08002284                UART5_IRQHandler
                0x08002284                DMA2_Stream0_IRQHandler
                0x08002284                TIM4_IRQHandler
                0x08002284                I2C1_EV_IRQHandler
                0x08002284                DMA1_Stream6_IRQHandler
                0x08002284                DMA1_Stream1_IRQHandler
                0x08002284                UART4_IRQHandler
                0x08002284                TIM3_IRQHandler
                0x08002284                RCC_IRQHandler
                0x08002284                TIM8_BRK_TIM12_IRQHandler
                0x08002284                Default_Handler
                0x08002284                EXTI15_10_IRQHandler
                0x08002284                ADC_IRQHandler
                0x08002284                DMA1_Stream7_IRQHandler
                0x08002284                TIM7_IRQHandler
                0x08002284                CAN2_TX_IRQHandler
                0x08002284                TIM5_IRQHandler
                0x08002284                DMA2_Stream7_IRQHandler
                0x08002284                I2C3_EV_IRQHandler
                0x08002284                EXTI9_5_IRQHandler
                0x08002284                RTC_WKUP_IRQHandler
                0x08002284                ETH_WKUP_IRQHandler
                0x08002284                SPI2_IRQHandler
                0x08002284                OTG_HS_EP1_IN_IRQHandler
                0x08002284                DMA1_Stream0_IRQHandler
                0x08002284                CAN1_TX_IRQHandler
                0x08002284                EXTI4_IRQHandler
                0x08002284                FSMC_IRQHandler
                0x08002284                ETH_IRQHandler
                0x08002284                OTG_HS_EP1_OUT_IRQHandler
                0x08002284                WWDG_IRQHandler
                0x08002284                TIM2_IRQHandler
                0x08002284                OTG_FS_WKUP_IRQHandler
                0x08002284                TIM1_TRG_COM_TIM11_IRQHandler
                0x08002284                OTG_HS_IRQHandler
                0x08002284                EXTI1_IRQHandler
                0x08002284                USART2_IRQHandler
                0x08002284                I2C2_ER_IRQHandler
                0x08002284                DMA2_Stream1_IRQHandler
                0x08002284                CAN1_SCE_IRQHandler
                0x08002284                FLASH_IRQHandler
                0x08002284                DMA2_Stream4_IRQHandler
                0x08002284                USART1_IRQHandler
                0x08002284                OTG_FS_IRQHandler
                0x08002284                SPI3_IRQHandler
                0x08002284                DMA1_Stream4_IRQHandler
                0x08002284                I2C1_ER_IRQHandler
                0x08002284                DMA2_Stream6_IRQHandler
                0x08002284                DMA1_Stream3_IRQHandler
 *fill*         0x08002286        0x2 
 .text.HAL_Init
                0x08002288       0x44 ./Drivers/STM32F4xx_HAL_Driver/Src/stm32f4xx_hal.o
                0x08002288                HAL_Init
 .text.HAL_InitTick
                0x080022cc       0x60 ./Drivers/STM32F4xx_HAL_Driver/Src/stm32f4xx_hal.o
                0x080022cc                HAL_InitTick
 .text.HAL_IncTick
                0x0800232c       0x28 ./Drivers/STM32F4xx_HAL_Driver/Src/stm32f4xx_hal.o
                0x0800232c                HAL_IncTick
 .text.HAL_GetTick
                0x08002354       0x18 ./Drivers/STM32F4xx_HAL_Driver/Src/stm32f4xx_hal.o
                0x08002354                HAL_GetTick
 .text.HAL_Delay
                0x0800236c       0x48 ./Drivers/STM32F4xx_HAL_Driver/Src/stm32f4xx_hal.o
                0x0800236c                HAL_Delay
 .text.__NVIC_SetPriorityGrouping
                0x080023b4       0x48 ./Drivers/STM32F4xx_HAL_Driver/Src/stm32f4xx_hal_cortex.o
 .text.__NVIC_GetPriorityGrouping
                0x080023fc       0x1c ./Drivers/STM32F4xx_HAL_Driver/Src/stm32f4xx_hal_cortex.o
 .text.__NVIC_SetPriority
                0x08002418       0x54 ./Drivers/STM32F4xx_HAL_Driver/Src/stm32f4xx_hal_cortex.o
 .text.NVIC_EncodePriority
                0x0800246c       0x66 ./Drivers/STM32F4xx_HAL_Driver/Src/stm32f4xx_hal_cortex.o
 *fill*         0x080024d2        0x2 
 .text.SysTick_Config
                0x080024d4       0x44 ./Drivers/STM32F4xx_HAL_Driver/Src/stm32f4xx_hal_cortex.o
 .text.HAL_NVIC_SetPriorityGrouping
                0x08002518       0x16 ./Drivers/STM32F4xx_HAL_Driver/Src/stm32f4xx_hal_cortex.o
                0x08002518                HAL_NVIC_SetPriorityGrouping
 .text.HAL_NVIC_SetPriority
                0x0800252e       0x38 ./Drivers/STM32F4xx_HAL_Driver/Src/stm32f4xx_hal_cortex.o
                0x0800252e                HAL_NVIC_SetPriority
 .text.HAL_SYSTICK_Config
                0x08002566       0x18 ./Drivers/STM32F4xx_HAL_Driver/Src/stm32f4xx_hal_cortex.o
                0x08002566                HAL_SYSTICK_Config
 *fill*         0x0800257e        0x2 
 .text.HAL_GPIO_Init
                0x08002580      0x338 ./Drivers/STM32F4xx_HAL_Driver/Src/stm32f4xx_hal_gpio.o
                0x08002580                HAL_GPIO_Init
 .text.HAL_I2C_Init
                0x080028b8      0x288 ./Drivers/STM32F4xx_HAL_Driver/Src/stm32f4xx_hal_i2c.o
                0x080028b8                HAL_I2C_Init
 .text.HAL_I2C_Mem_Write
                0x08002b40      0x1f4 ./Drivers/STM32F4xx_HAL_Driver/Src/stm32f4xx_hal_i2c.o
                0x08002b40                HAL_I2C_Mem_Write
 .text.HAL_I2C_Mem_Read
                0x08002d34      0x464 ./Drivers/STM32F4xx_HAL_Driver/Src/stm32f4xx_hal_i2c.o
                0x08002d34                HAL_I2C_Mem_Read
 .text.HAL_I2C_IsDeviceReady
                0x08003198      0x25c ./Drivers/STM32F4xx_HAL_Driver/Src/stm32f4xx_hal_i2c.o
                0x08003198                HAL_I2C_IsDeviceReady
 .text.I2C_RequestMemoryWrite
                0x080033f4      0x12c ./Drivers/STM32F4xx_HAL_Driver/Src/stm32f4xx_hal_i2c.o
 .text.I2C_RequestMemoryRead
                0x08003520      0x1d0 ./Drivers/STM32F4xx_HAL_Driver/Src/stm32f4xx_hal_i2c.o
 .text.I2C_WaitOnFlagUntilTimeout
                0x080036f0       0xf4 ./Drivers/STM32F4xx_HAL_Driver/Src/stm32f4xx_hal_i2c.o
 .text.I2C_WaitOnMasterAddressFlagUntilTimeout
                0x080037e4      0x140 ./Drivers/STM32F4xx_HAL_Driver/Src/stm32f4xx_hal_i2c.o
 .text.I2C_WaitOnTXEFlagUntilTimeout
                0x08003924       0x90 ./Drivers/STM32F4xx_HAL_Driver/Src/stm32f4xx_hal_i2c.o
 .text.I2C_WaitOnBTFFlagUntilTimeout
                0x080039b4       0x90 ./Drivers/STM32F4xx_HAL_Driver/Src/stm32f4xx_hal_i2c.o
 .text.I2C_WaitOnRXNEFlagUntilTimeout
                0x08003a44       0xba ./Drivers/STM32F4xx_HAL_Driver/Src/stm32f4xx_hal_i2c.o
 .text.I2C_IsAcknowledgeFailed
                0x08003afe       0x5e ./Drivers/STM32F4xx_HAL_Driver/Src/stm32f4xx_hal_i2c.o
 .text.HAL_RCC_OscConfig
                0x08003b5c      0x4f0 ./Drivers/STM32F4xx_HAL_Driver/Src/stm32f4xx_hal_rcc.o
                0x08003b5c                HAL_RCC_OscConfig
 .text.HAL_RCC_ClockConfig
                0x0800404c      0x1cc ./Drivers/STM32F4xx_HAL_Driver/Src/stm32f4xx_hal_rcc.o
                0x0800404c                HAL_RCC_ClockConfig
 .text.HAL_RCC_GetSysClockFreq
                0x08004218      0x188 ./Drivers/STM32F4xx_HAL_Driver/Src/stm32f4xx_hal_rcc.o
                0x08004218                HAL_RCC_GetSysClockFreq
 .text.HAL_RCC_GetHCLKFreq
                0x080043a0       0x18 ./Drivers/STM32F4xx_HAL_Driver/Src/stm32f4xx_hal_rcc.o
                0x080043a0                HAL_RCC_GetHCLKFreq
 .text.HAL_RCC_GetPCLK1Freq
                0x080043b8       0x28 ./Drivers/STM32F4xx_HAL_Driver/Src/stm32f4xx_hal_rcc.o
                0x080043b8                HAL_RCC_GetPCLK1Freq
 .text.HAL_RCC_GetPCLK2Freq
                0x080043e0       0x28 ./Drivers/STM32F4xx_HAL_Driver/Src/stm32f4xx_hal_rcc.o
                0x080043e0                HAL_RCC_GetPCLK2Freq
 .text.HAL_UART_Init
                0x08004408       0xa0 ./Drivers/STM32F4xx_HAL_Driver/Src/stm32f4xx_hal_uart.o
                0x08004408                HAL_UART_Init
 .text.HAL_UART_Transmit
                0x080044a8      0x116 ./Drivers/STM32F4xx_HAL_Driver/Src/stm32f4xx_hal_uart.o
                0x080044a8                HAL_UART_Transmit
 .text.UART_WaitOnFlagUntilTimeout
                0x080045be       0xb2 ./Drivers/STM32F4xx_HAL_Driver/Src/stm32f4xx_hal_uart.o
 .text.UART_EndRxTransfer
                0x08004670       0xc6 ./Drivers/STM32F4xx_HAL_Driver/Src/stm32f4xx_hal_uart.o
 *fill*         0x08004736        0x2 
 .text.UART_SetConfig
                0x08004738      0x4e8 ./Drivers/STM32F4xx_HAL_Driver/Src/stm32f4xx_hal_uart.o
 .text.forward_lite_dense_if32of32wf32
                0x08004c20      0x2ac C:/Users/91960/Desktop/STM_Projects/NEW_IOT_AI/Net1201.a(lite_dense_if32.o)
                0x08004c20                forward_lite_dense_if32of32wf32
 .text.forward_lite_nl_relu_if32of32
                0x08004ecc       0x44 C:/Users/91960/Desktop/STM_Projects/NEW_IOT_AI/Net1201.a(lite_nl_generic_float.o)
                0x08004ecc                forward_lite_nl_relu_if32of32
 .text.memset   0x08004f10       0x10 C:/ST/STM32CubeIDE_2.2.0/STM32CubeIDE/plugins/com.st.stm32cube.ide.mcu.externaltools.gnu-tools-for-stm32.14.3.rel1.win32_1.0.100.202602081740/tools/bin/../lib/gcc/arm-none-eabi/14.3.1/../../../../arm-none-eabi/lib/thumb/v7e-m+fp/hard\libc_nano.a(libc_a-memset.o)
                0x08004f10                memset
 .text.__errno  0x08004f20        0xc C:/ST/STM32CubeIDE_2.2.0/STM32CubeIDE/plugins/com.st.stm32cube.ide.mcu.externaltools.gnu-tools-for-stm32.14.3.rel1.win32_1.0.100.202602081740/tools/bin/../lib/gcc/arm-none-eabi/14.3.1/../../../../arm-none-eabi/lib/thumb/v7e-m+fp/hard\libc_nano.a(libc_a-errno.o)
                0x08004f20                __errno
 .text.__libc_init_array
                0x08004f2c       0x48 C:/ST/STM32CubeIDE_2.2.0/STM32CubeIDE/plugins/com.st.stm32cube.ide.mcu.externaltools.gnu-tools-for-stm32.14.3.rel1.win32_1.0.100.202602081740/tools/bin/../lib/gcc/arm-none-eabi/14.3.1/../../../../arm-none-eabi/lib/thumb/v7e-m+fp/hard\libc_nano.a(libc_a-init.o)
                0x08004f2c                __libc_init_array
 .text.memcpy   0x08004f74       0x1c C:/ST/STM32CubeIDE_2.2.0/STM32CubeIDE/plugins/com.st.stm32cube.ide.mcu.externaltools.gnu-tools-for-stm32.14.3.rel1.win32_1.0.100.202602081740/tools/bin/../lib/gcc/arm-none-eabi/14.3.1/../../../../arm-none-eabi/lib/thumb/v7e-m+fp/hard\libc_nano.a(libc_a-memcpy-stub.o)
                0x08004f74                memcpy
 .text.sqrtf    0x08004f90       0x44 C:/ST/STM32CubeIDE_2.2.0/STM32CubeIDE/plugins/com.st.stm32cube.ide.mcu.externaltools.gnu-tools-for-stm32.14.3.rel1.win32_1.0.100.202602081740/tools/bin/../lib/gcc/arm-none-eabi/14.3.1/../../../../arm-none-eabi/lib/thumb/v7e-m+fp/hard\libm.a(libm_a-wf_sqrt.o)
                0x08004f90                sqrtf
 .text.fabsf    0x08004fd4       0x10 C:/ST/STM32CubeIDE_2.2.0/STM32CubeIDE/plugins/com.st.stm32cube.ide.mcu.externaltools.gnu-tools-for-stm32.14.3.rel1.win32_1.0.100.202602081740/tools/bin/../lib/gcc/arm-none-eabi/14.3.1/../../../../arm-none-eabi/lib/thumb/v7e-m+fp/hard\libm.a(libm_a-sf_fabs.o)
                0x08004fd4                fabsf
 .text.sinf     0x08004fe4       0x74 C:/ST/STM32CubeIDE_2.2.0/STM32CubeIDE/plugins/com.st.stm32cube.ide.mcu.externaltools.gnu-tools-for-stm32.14.3.rel1.win32_1.0.100.202602081740/tools/bin/../lib/gcc/arm-none-eabi/14.3.1/../../../../arm-none-eabi/lib/thumb/v7e-m+fp/hard\libm.a(libm_a-sf_sin.o)
                0x08004fe4                sinf
 .text.__ieee754_sqrtf
                0x08005058        0x8 C:/ST/STM32CubeIDE_2.2.0/STM32CubeIDE/plugins/com.st.stm32cube.ide.mcu.externaltools.gnu-tools-for-stm32.14.3.rel1.win32_1.0.100.202602081740/tools/bin/../lib/gcc/arm-none-eabi/14.3.1/../../../../arm-none-eabi/lib/thumb/v7e-m+fp/hard\libm.a(libm_a-ef_sqrt.o)
                0x08005058                __ieee754_sqrtf
 .text.floorf   0x08005060       0x94 C:/ST/STM32CubeIDE_2.2.0/STM32CubeIDE/plugins/com.st.stm32cube.ide.mcu.externaltools.gnu-tools-for-stm32.14.3.rel1.win32_1.0.100.202602081740/tools/bin/../lib/gcc/arm-none-eabi/14.3.1/../../../../arm-none-eabi/lib/thumb/v7e-m+fp/hard\libm.a(libm_a-sf_floor.o)
                0x08005060                floorf
 .text.__kernel_cosf
                0x080050f4      0x104 C:/ST/STM32CubeIDE_2.2.0/STM32CubeIDE/plugins/com.st.stm32cube.ide.mcu.externaltools.gnu-tools-for-stm32.14.3.rel1.win32_1.0.100.202602081740/tools/bin/../lib/gcc/arm-none-eabi/14.3.1/../../../../arm-none-eabi/lib/thumb/v7e-m+fp/hard\libm.a(libm_a-kf_cos.o)
                0x080050f4                __kernel_cosf
 .text.__kernel_sinf
                0x080051f8       0x90 C:/ST/STM32CubeIDE_2.2.0/STM32CubeIDE/plugins/com.st.stm32cube.ide.mcu.externaltools.gnu-tools-for-stm32.14.3.rel1.win32_1.0.100.202602081740/tools/bin/../lib/gcc/arm-none-eabi/14.3.1/../../../../arm-none-eabi/lib/thumb/v7e-m+fp/hard\libm.a(libm_a-kf_sin.o)
                0x080051f8                __kernel_sinf
 .text.__ieee754_rem_pio2f
                0x08005288      0x26c C:/ST/STM32CubeIDE_2.2.0/STM32CubeIDE/plugins/com.st.stm32cube.ide.mcu.externaltools.gnu-tools-for-stm32.14.3.rel1.win32_1.0.100.202602081740/tools/bin/../lib/gcc/arm-none-eabi/14.3.1/../../../../arm-none-eabi/lib/thumb/v7e-m+fp/hard\libm.a(libm_a-ef_rem_pio2.o)
                0x08005288                __ieee754_rem_pio2f
 .text.scalbnf  0x080054f4       0xdc C:/ST/STM32CubeIDE_2.2.0/STM32CubeIDE/plugins/com.st.stm32cube.ide.mcu.externaltools.gnu-tools-for-stm32.14.3.rel1.win32_1.0.100.202602081740/tools/bin/../lib/gcc/arm-none-eabi/14.3.1/../../../../arm-none-eabi/lib/thumb/v7e-m+fp/hard\libm.a(libm_a-sf_scalbn.o)
                0x080054f4                scalbnf
 .text.__kernel_rem_pio2f
                0x080055d0      0x68c C:/ST/STM32CubeIDE_2.2.0/STM32CubeIDE/plugins/com.st.stm32cube.ide.mcu.externaltools.gnu-tools-for-stm32.14.3.rel1.win32_1.0.100.202602081740/tools/bin/../lib/gcc/arm-none-eabi/14.3.1/../../../../arm-none-eabi/lib/thumb/v7e-m+fp/hard\libm.a(libm_a-kf_rem_pio2.o)
                0x080055d0                __kernel_rem_pio2f
 *(.glue_7)
 .glue_7        0x08005c5c        0x0 linker stubs
 *(.glue_7t)
 .glue_7t       0x08005c5c        0x0 linker stubs
 *(.eh_frame)
 .eh_frame      0x08005c5c        0x0 C:/ST/STM32CubeIDE_2.2.0/STM32CubeIDE/plugins/com.st.stm32cube.ide.mcu.externaltools.gnu-tools-for-stm32.14.3.rel1.win32_1.0.100.202602081740/tools/bin/../lib/gcc/arm-none-eabi/14.3.1/thumb/v7e-m+fp/hard/crtbegin.o
 *(.init)
 .init          0x08005c5c        0x4 C:/ST/STM32CubeIDE_2.2.0/STM32CubeIDE/plugins/com.st.stm32cube.ide.mcu.externaltools.gnu-tools-for-stm32.14.3.rel1.win32_1.0.100.202602081740/tools/bin/../lib/gcc/arm-none-eabi/14.3.1/thumb/v7e-m+fp/hard/crti.o
                0x08005c5c                _init
 .init          0x08005c60        0x8 C:/ST/STM32CubeIDE_2.2.0/STM32CubeIDE/plugins/com.st.stm32cube.ide.mcu.externaltools.gnu-tools-for-stm32.14.3.rel1.win32_1.0.100.202602081740/tools/bin/../lib/gcc/arm-none-eabi/14.3.1/thumb/v7e-m+fp/hard/crtn.o
 *(.fini)
 .fini          0x08005c68        0x4 C:/ST/STM32CubeIDE_2.2.0/STM32CubeIDE/plugins/com.st.stm32cube.ide.mcu.externaltools.gnu-tools-for-stm32.14.3.rel1.win32_1.0.100.202602081740/tools/bin/../lib/gcc/arm-none-eabi/14.3.1/thumb/v7e-m+fp/hard/crti.o
                0x08005c68                _fini
 .fini          0x08005c6c        0x8 C:/ST/STM32CubeIDE_2.2.0/STM32CubeIDE/plugins/com.st.stm32cube.ide.mcu.externaltools.gnu-tools-for-stm32.14.3.rel1.win32_1.0.100.202602081740/tools/bin/../lib/gcc/arm-none-eabi/14.3.1/thumb/v7e-m+fp/hard/crtn.o
                0x08005c74                        . = ALIGN (0x4)
                0x08005c74                        _etext = .

.vfp11_veneer   0x08005c74        0x0
 .vfp11_veneer  0x08005c74        0x0 linker stubs

.v4_bx          0x08005c74        0x0
 .v4_bx         0x08005c74        0x0 linker stubs

.iplt           0x08005c74        0x0
 .iplt          0x08005c74        0x0 C:/ST/STM32CubeIDE_2.2.0/STM32CubeIDE/plugins/com.st.stm32cube.ide.mcu.externaltools.gnu-tools-for-stm32.14.3.rel1.win32_1.0.100.202602081740/tools/bin/../lib/gcc/arm-none-eabi/14.3.1/thumb/v7e-m+fp/hard/crtbegin.o

.rodata         0x08005c78     0x1710
                0x08005c78                        . = ALIGN (0x4)
 *(.rodata)
 *(.rodata*)
 .rodata.feature_mean
                0x08005c78       0x78 ./Core/Src/ai_inference.o
 .rodata.feature_std
                0x08005cf0       0x78 ./Core/Src/ai_inference.o
 .rodata._network_context.0
                0x08005d68       0x30 ./Core/Src/network.o
 .rodata.g_network_weights_array
                0x08005d98     0x1208 ./Core/Src/network_data.o
                0x08005d98                g_network_weights_array
 .rodata.AHBPrescTable
                0x08006fa0       0x10 ./Core/Src/system_stm32f4xx.o
                0x08006fa0                AHBPrescTable
 .rodata.APBPrescTable
                0x08006fb0        0x8 ./Core/Src/system_stm32f4xx.o
                0x08006fb0                APBPrescTable
 .rodata.npio2_hw
                0x08006fb8       0x80 C:/ST/STM32CubeIDE_2.2.0/STM32CubeIDE/plugins/com.st.stm32cube.ide.mcu.externaltools.gnu-tools-for-stm32.14.3.rel1.win32_1.0.100.202602081740/tools/bin/../lib/gcc/arm-none-eabi/14.3.1/../../../../arm-none-eabi/lib/thumb/v7e-m+fp/hard\libm.a(libm_a-ef_rem_pio2.o)
 .rodata.two_over_pi
                0x08007038      0x318 C:/ST/STM32CubeIDE_2.2.0/STM32CubeIDE/plugins/com.st.stm32cube.ide.mcu.externaltools.gnu-tools-for-stm32.14.3.rel1.win32_1.0.100.202602081740/tools/bin/../lib/gcc/arm-none-eabi/14.3.1/../../../../arm-none-eabi/lib/thumb/v7e-m+fp/hard\libm.a(libm_a-ef_rem_pio2.o)
 .rodata.PIo2   0x08007350       0x2c C:/ST/STM32CubeIDE_2.2.0/STM32CubeIDE/plugins/com.st.stm32cube.ide.mcu.externaltools.gnu-tools-for-stm32.14.3.rel1.win32_1.0.100.202602081740/tools/bin/../lib/gcc/arm-none-eabi/14.3.1/../../../../arm-none-eabi/lib/thumb/v7e-m+fp/hard\libm.a(libm_a-kf_rem_pio2.o)
 .rodata.init_jk
                0x0800737c        0xc C:/ST/STM32CubeIDE_2.2.0/STM32CubeIDE/plugins/com.st.stm32cube.ide.mcu.externaltools.gnu-tools-for-stm32.14.3.rel1.win32_1.0.100.202602081740/tools/bin/../lib/gcc/arm-none-eabi/14.3.1/../../../../arm-none-eabi/lib/thumb/v7e-m+fp/hard\libm.a(libm_a-kf_rem_pio2.o)
                0x08007388                        . = ALIGN (0x4)

.ARM.extab      0x08007388        0x0
                0x08007388                        . = ALIGN (0x4)
 *(.ARM.extab* .gnu.linkonce.armextab.*)
                0x08007388                        . = ALIGN (0x4)

.ARM            0x08007388        0x8
                0x08007388                        . = ALIGN (0x4)
                0x08007388                        __exidx_start = .
 *(.ARM.exidx*)
 .ARM.exidx     0x08007388        0x8 C:/ST/STM32CubeIDE_2.2.0/STM32CubeIDE/plugins/com.st.stm32cube.ide.mcu.externaltools.gnu-tools-for-stm32.14.3.rel1.win32_1.0.100.202602081740/tools/bin/../lib/gcc/arm-none-eabi/14.3.1/thumb/v7e-m+fp/hard\libgcc.a(_udivmoddi4.o)
                0x08007390                        __exidx_end = .
                0x08007390                        . = ALIGN (0x4)

.preinit_array  0x08007390        0x0
                0x08007390                        . = ALIGN (0x4)
                0x08007390                        PROVIDE (__preinit_array_start = .)
 *(.preinit_array*)
                0x08007390                        PROVIDE (__preinit_array_end = .)
                0x08007390                        . = ALIGN (0x4)

.init_array     0x08007390        0x4
                0x08007390                        . = ALIGN (0x4)
                0x08007390                        PROVIDE (__init_array_start = .)
 *(SORT_BY_NAME(.init_array.*))
 *(.init_array*)
 .init_array    0x08007390        0x4 C:/ST/STM32CubeIDE_2.2.0/STM32CubeIDE/plugins/com.st.stm32cube.ide.mcu.externaltools.gnu-tools-for-stm32.14.3.rel1.win32_1.0.100.202602081740/tools/bin/../lib/gcc/arm-none-eabi/14.3.1/thumb/v7e-m+fp/hard/crtbegin.o
                0x08007394                        PROVIDE (__init_array_end = .)
                0x08007394                        . = ALIGN (0x4)

.fini_array     0x08007394        0x4
                0x08007394                        . = ALIGN (0x4)
                [!provide]                        PROVIDE (__fini_array_start = .)
 *(SORT_BY_NAME(.fini_array.*))
 *(.fini_array*)
 .fini_array    0x08007394        0x4 C:/ST/STM32CubeIDE_2.2.0/STM32CubeIDE/plugins/com.st.stm32cube.ide.mcu.externaltools.gnu-tools-for-stm32.14.3.rel1.win32_1.0.100.202602081740/tools/bin/../lib/gcc/arm-none-eabi/14.3.1/thumb/v7e-m+fp/hard/crtbegin.o
                [!provide]                        PROVIDE (__fini_array_end = .)
                0x08007398                        . = ALIGN (0x4)
                0x08007398                        _sidata = LOADADDR (.data)

.rel.dyn        0x08007398        0x0
 .rel.iplt      0x08007398        0x0 C:/ST/STM32CubeIDE_2.2.0/STM32CubeIDE/plugins/com.st.stm32cube.ide.mcu.externaltools.gnu-tools-for-stm32.14.3.rel1.win32_1.0.100.202602081740/tools/bin/../lib/gcc/arm-none-eabi/14.3.1/thumb/v7e-m+fp/hard/crtbegin.o

.data           0x20000000       0x64 load address 0x08007398
                0x20000000                        . = ALIGN (0x4)
                0x20000000                        _sdata = .
 *(.data)
 *(.data*)
 .data.s_network
                0x20000000        0x4 ./Core/Src/ai_inference.o
 .data.seed.0   0x20000004        0x4 ./Core/Src/main.o
 .data.SystemCoreClock
                0x20000008        0x4 ./Core/Src/system_stm32f4xx.o
                0x20000008                SystemCoreClock
 .data.uwTickPrio
                0x2000000c        0x4 ./Drivers/STM32F4xx_HAL_Driver/Src/stm32f4xx_hal.o
                0x2000000c                uwTickPrio
 .data.uwTickFreq
                0x20000010        0x1 ./Drivers/STM32F4xx_HAL_Driver/Src/stm32f4xx_hal.o
                0x20000010                uwTickFreq
 *fill*         0x20000011        0x3 
 .data._impure_ptr
                0x20000014        0x4 C:/ST/STM32CubeIDE_2.2.0/STM32CubeIDE/plugins/com.st.stm32cube.ide.mcu.externaltools.gnu-tools-for-stm32.14.3.rel1.win32_1.0.100.202602081740/tools/bin/../lib/gcc/arm-none-eabi/14.3.1/../../../../arm-none-eabi/lib/thumb/v7e-m+fp/hard\libc_nano.a(libc_a-impure.o)
                0x20000014                _impure_ptr
 .data._impure_data
                0x20000018       0x4c C:/ST/STM32CubeIDE_2.2.0/STM32CubeIDE/plugins/com.st.stm32cube.ide.mcu.externaltools.gnu-tools-for-stm32.14.3.rel1.win32_1.0.100.202602081740/tools/bin/../lib/gcc/arm-none-eabi/14.3.1/../../../../arm-none-eabi/lib/thumb/v7e-m+fp/hard\libc_nano.a(libc_a-impure.o)
                0x20000018                _impure_data
 *(.RamFunc)
 *(.RamFunc*)
                0x20000064                        . = ALIGN (0x4)
                0x20000064                        _edata = .
                0x080073fc                        _siccmram = LOADADDR (.ccmram)

.igot.plt       0x20000064        0x0 load address 0x080073fc
 .igot.plt      0x20000064        0x0 C:/ST/STM32CubeIDE_2.2.0/STM32CubeIDE/plugins/com.st.stm32cube.ide.mcu.externaltools.gnu-tools-for-stm32.14.3.rel1.win32_1.0.100.202602081740/tools/bin/../lib/gcc/arm-none-eabi/14.3.1/thumb/v7e-m+fp/hard/crtbegin.o

.ccmram         0x10000000        0x0 load address 0x080073fc
                0x10000000                        . = ALIGN (0x4)
                0x10000000                        _sccmram = .
 *(.ccmram)
 *(.ccmram*)
                0x10000000                        . = ALIGN (0x4)
                0x10000000                        _eccmram = .
                0x10000000                        . = ALIGN (0x4)

.bss            0x20000068      0x44c
                0x20000068                        _sbss = .
                0x20000068                        __bss_start__ = _sbss
 *(.bss)
 .bss           0x20000068       0x1c C:/ST/STM32CubeIDE_2.2.0/STM32CubeIDE/plugins/com.st.stm32cube.ide.mcu.externaltools.gnu-tools-for-stm32.14.3.rel1.win32_1.0.100.202602081740/tools/bin/../lib/gcc/arm-none-eabi/14.3.1/thumb/v7e-m+fp/hard/crtbegin.o
 *(.bss*)
 .bss.s_window  0x20000084       0x78 ./Core/Src/ai_inference.o
 .bss.s_fill_count
                0x200000fc        0x2 ./Core/Src/ai_inference.o
 .bss.s_write_idx
                0x200000fe        0x2 ./Core/Src/ai_inference.o
 .bss.s_network_ctx
                0x20000100       0x30 ./Core/Src/ai_inference.o
 .bss.s_activations
                0x20000130       0xb8 ./Core/Src/ai_inference.o
 .bss.s_in_data
                0x200001e8       0x78 ./Core/Src/ai_inference.o
 .bss.s_out_data
                0x20000260       0x78 ./Core/Src/ai_inference.o
 .bss.s_network_ready
                0x200002d8        0x1 ./Core/Src/ai_inference.o
 *fill*         0x200002d9        0x3 
 .bss.hi2c1     0x200002dc       0x54 ./Core/Src/main.o
                0x200002dc                hi2c1
 .bss.huart2    0x20000330       0x48 ./Core/Src/main.o
                0x20000330                huart2
 .bss.uwTick    0x20000378        0x4 ./Drivers/STM32F4xx_HAL_Driver/Src/stm32f4xx_hal.o
                0x20000378                uwTick
 .bss.__sf      0x2000037c      0x138 C:/ST/STM32CubeIDE_2.2.0/STM32CubeIDE/plugins/com.st.stm32cube.ide.mcu.externaltools.gnu-tools-for-stm32.14.3.rel1.win32_1.0.100.202602081740/tools/bin/../lib/gcc/arm-none-eabi/14.3.1/../../../../arm-none-eabi/lib/thumb/v7e-m+fp/hard\libc_nano.a(libc_a-findfp.o)
                0x2000037c                __sf
 *(COMMON)
                0x200004b4                        . = ALIGN (0x4)
                0x200004b4                        _ebss = .
                0x200004b4                        __bss_end__ = _ebss

._user_heap_stack
                0x200004b4      0x604
                0x200004b8                        . = ALIGN (0x8)
 *fill*         0x200004b4        0x4 
                [!provide]                        PROVIDE (end = .)
                0x200004b8                        PROVIDE (_end = .)
                0x200006b8                        . = (. + _Min_Heap_Size)
 *fill*         0x200004b8      0x200 
                0x20000ab8                        . = (. + _Min_Stack_Size)
 *fill*         0x200006b8      0x400 
                0x20000ab8                        . = ALIGN (0x8)

/DISCARD/
 libc.a(*)
 libm.a(*)
 libgcc.a(*)

.ARM.attributes
                0x00000000       0x30
 *(.ARM.attributes)
 .ARM.attributes
                0x00000000       0x22 C:/ST/STM32CubeIDE_2.2.0/STM32CubeIDE/plugins/com.st.stm32cube.ide.mcu.externaltools.gnu-tools-for-stm32.14.3.rel1.win32_1.0.100.202602081740/tools/bin/../lib/gcc/arm-none-eabi/14.3.1/thumb/v7e-m+fp/hard/crti.o
 .ARM.attributes
                0x00000022       0x34 C:/ST/STM32CubeIDE_2.2.0/STM32CubeIDE/plugins/com.st.stm32cube.ide.mcu.externaltools.gnu-tools-for-stm32.14.3.rel1.win32_1.0.100.202602081740/tools/bin/../lib/gcc/arm-none-eabi/14.3.1/thumb/v7e-m+fp/hard/crtbegin.o
 .ARM.attributes
                0x00000056       0x34 ./Core/Src/ai_inference.o
 .ARM.attributes
                0x0000008a       0x34 ./Core/Src/main.o
 .ARM.attributes
                0x000000be       0x34 ./Core/Src/mpu6050.o
 .ARM.attributes
                0x000000f2       0x34 ./Core/Src/network.o
 .ARM.attributes
                0x00000126       0x34 ./Core/Src/network_data.o
 .ARM.attributes
                0x0000015a       0x34 ./Core/Src/sensor_protocol.o
 .ARM.attributes
                0x0000018e       0x34 ./Core/Src/stm32f4xx_hal_msp.o
 .ARM.attributes
                0x000001c2       0x34 ./Core/Src/stm32f4xx_it.o
 .ARM.attributes
                0x000001f6       0x34 ./Core/Src/system_stm32f4xx.o
 .ARM.attributes
                0x0000022a       0x34 ./Core/Src/vibration_itm_logger.o
 .ARM.attributes
                0x0000025e       0x34 ./Core/Src/vibration_rms.o
 .ARM.attributes
                0x00000292       0x21 ./Core/Startup/startup_stm32f407vgtx.o
 .ARM.attributes
                0x000002b3       0x34 ./Drivers/STM32F4xx_HAL_Driver/Src/stm32f4xx_hal.o
 .ARM.attributes
                0x000002e7       0x34 ./Drivers/STM32F4xx_HAL_Driver/Src/stm32f4xx_hal_cortex.o
 .ARM.attributes
                0x0000031b       0x34 ./Drivers/STM32F4xx_HAL_Driver/Src/stm32f4xx_hal_gpio.o
 .ARM.attributes
                0x0000034f       0x34 ./Drivers/STM32F4xx_HAL_Driver/Src/stm32f4xx_hal_i2c.o
 .ARM.attributes
                0x00000383       0x34 ./Drivers/STM32F4xx_HAL_Driver/Src/stm32f4xx_hal_rcc.o
 .ARM.attributes
                0x000003b7       0x34 ./Drivers/STM32F4xx_HAL_Driver/Src/stm32f4xx_hal_uart.o
 .ARM.attributes
                0x000003eb       0x30 C:/Users/91960/Desktop/STM_Projects/NEW_IOT_AI/Net1201.a(lite_dense_if32.o)
 .ARM.attributes
                0x0000041b       0x30 C:/Users/91960/Desktop/STM_Projects/NEW_IOT_AI/Net1201.a(lite_nl_generic_float.o)
 .ARM.attributes
                0x0000044b       0x34 C:/ST/STM32CubeIDE_2.2.0/STM32CubeIDE/plugins/com.st.stm32cube.ide.mcu.externaltools.gnu-tools-for-stm32.14.3.rel1.win32_1.0.100.202602081740/tools/bin/../lib/gcc/arm-none-eabi/14.3.1/../../../../arm-none-eabi/lib/thumb/v7e-m+fp/hard\libc_nano.a(libc_a-findfp.o)
 .ARM.attributes
                0x0000047f       0x34 C:/ST/STM32CubeIDE_2.2.0/STM32CubeIDE/plugins/com.st.stm32cube.ide.mcu.externaltools.gnu-tools-for-stm32.14.3.rel1.win32_1.0.100.202602081740/tools/bin/../lib/gcc/arm-none-eabi/14.3.1/../../../../arm-none-eabi/lib/thumb/v7e-m+fp/hard\libc_nano.a(libc_a-memset.o)
 .ARM.attributes
                0x000004b3       0x34 C:/ST/STM32CubeIDE_2.2.0/STM32CubeIDE/plugins/com.st.stm32cube.ide.mcu.externaltools.gnu-tools-for-stm32.14.3.rel1.win32_1.0.100.202602081740/tools/bin/../lib/gcc/arm-none-eabi/14.3.1/../../../../arm-none-eabi/lib/thumb/v7e-m+fp/hard\libc_nano.a(libc_a-impure.o)
 .ARM.attributes
                0x000004e7       0x34 C:/ST/STM32CubeIDE_2.2.0/STM32CubeIDE/plugins/com.st.stm32cube.ide.mcu.externaltools.gnu-tools-for-stm32.14.3.rel1.win32_1.0.100.202602081740/tools/bin/../lib/gcc/arm-none-eabi/14.3.1/../../../../arm-none-eabi/lib/thumb/v7e-m+fp/hard\libc_nano.a(libc_a-errno.o)
 .ARM.attributes
                0x0000051b       0x34 C:/ST/STM32CubeIDE_2.2.0/STM32CubeIDE/plugins/com.st.stm32cube.ide.mcu.externaltools.gnu-tools-for-stm32.14.3.rel1.win32_1.0.100.202602081740/tools/bin/../lib/gcc/arm-none-eabi/14.3.1/../../../../arm-none-eabi/lib/thumb/v7e-m+fp/hard\libc_nano.a(libc_a-init.o)
 .ARM.attributes
                0x0000054f       0x34 C:/ST/STM32CubeIDE_2.2.0/STM32CubeIDE/plugins/com.st.stm32cube.ide.mcu.externaltools.gnu-tools-for-stm32.14.3.rel1.win32_1.0.100.202602081740/tools/bin/../lib/gcc/arm-none-eabi/14.3.1/../../../../arm-none-eabi/lib/thumb/v7e-m+fp/hard\libc_nano.a(libc_a-memcpy-stub.o)
 .ARM.attributes
                0x00000583       0x34 C:/ST/STM32CubeIDE_2.2.0/STM32CubeIDE/plugins/com.st.stm32cube.ide.mcu.externaltools.gnu-tools-for-stm32.14.3.rel1.win32_1.0.100.202602081740/tools/bin/../lib/gcc/arm-none-eabi/14.3.1/../../../../arm-none-eabi/lib/thumb/v7e-m+fp/hard\libm.a(libm_a-wf_sqrt.o)
 .ARM.attributes
                0x000005b7       0x34 C:/ST/STM32CubeIDE_2.2.0/STM32CubeIDE/plugins/com.st.stm32cube.ide.mcu.externaltools.gnu-tools-for-stm32.14.3.rel1.win32_1.0.100.202602081740/tools/bin/../lib/gcc/arm-none-eabi/14.3.1/../../../../arm-none-eabi/lib/thumb/v7e-m+fp/hard\libm.a(libm_a-sf_fabs.o)
 .ARM.attributes
                0x000005eb       0x34 C:/ST/STM32CubeIDE_2.2.0/STM32CubeIDE/plugins/com.st.stm32cube.ide.mcu.externaltools.gnu-tools-for-stm32.14.3.rel1.win32_1.0.100.202602081740/tools/bin/../lib/gcc/arm-none-eabi/14.3.1/../../../../arm-none-eabi/lib/thumb/v7e-m+fp/hard\libm.a(libm_a-sf_sin.o)
 .ARM.attributes
                0x0000061f       0x34 C:/ST/STM32CubeIDE_2.2.0/STM32CubeIDE/plugins/com.st.stm32cube.ide.mcu.externaltools.gnu-tools-for-stm32.14.3.rel1.win32_1.0.100.202602081740/tools/bin/../lib/gcc/arm-none-eabi/14.3.1/../../../../arm-none-eabi/lib/thumb/v7e-m+fp/hard\libm.a(libm_a-ef_sqrt.o)
 .ARM.attributes
                0x00000653       0x34 C:/ST/STM32CubeIDE_2.2.0/STM32CubeIDE/plugins/com.st.stm32cube.ide.mcu.externaltools.gnu-tools-for-stm32.14.3.rel1.win32_1.0.100.202602081740/tools/bin/../lib/gcc/arm-none-eabi/14.3.1/../../../../arm-none-eabi/lib/thumb/v7e-m+fp/hard\libm.a(libm_a-sf_floor.o)
 .ARM.attributes
                0x00000687       0x34 C:/ST/STM32CubeIDE_2.2.0/STM32CubeIDE/plugins/com.st.stm32cube.ide.mcu.externaltools.gnu-tools-for-stm32.14.3.rel1.win32_1.0.100.202602081740/tools/bin/../lib/gcc/arm-none-eabi/14.3.1/../../../../arm-none-eabi/lib/thumb/v7e-m+fp/hard\libm.a(libm_a-kf_cos.o)
 .ARM.attributes
                0x000006bb       0x34 C:/ST/STM32CubeIDE_2.2.0/STM32CubeIDE/plugins/com.st.stm32cube.ide.mcu.externaltools.gnu-tools-for-stm32.14.3.rel1.win32_1.0.100.202602081740/tools/bin/../lib/gcc/arm-none-eabi/14.3.1/../../../../arm-none-eabi/lib/thumb/v7e-m+fp/hard\libm.a(libm_a-kf_sin.o)
 .ARM.attributes
                0x000006ef       0x34 C:/ST/STM32CubeIDE_2.2.0/STM32CubeIDE/plugins/com.st.stm32cube.ide.mcu.externaltools.gnu-tools-for-stm32.14.3.rel1.win32_1.0.100.202602081740/tools/bin/../lib/gcc/arm-none-eabi/14.3.1/../../../../arm-none-eabi/lib/thumb/v7e-m+fp/hard\libm.a(libm_a-ef_rem_pio2.o)
 .ARM.attributes
                0x00000723       0x34 C:/ST/STM32CubeIDE_2.2.0/STM32CubeIDE/plugins/com.st.stm32cube.ide.mcu.externaltools.gnu-tools-for-stm32.14.3.rel1.win32_1.0.100.202602081740/tools/bin/../lib/gcc/arm-none-eabi/14.3.1/../../../../arm-none-eabi/lib/thumb/v7e-m+fp/hard\libm.a(libm_a-sf_scalbn.o)
 .ARM.attributes
                0x00000757       0x34 C:/ST/STM32CubeIDE_2.2.0/STM32CubeIDE/plugins/com.st.stm32cube.ide.mcu.externaltools.gnu-tools-for-stm32.14.3.rel1.win32_1.0.100.202602081740/tools/bin/../lib/gcc/arm-none-eabi/14.3.1/../../../../arm-none-eabi/lib/thumb/v7e-m+fp/hard\libm.a(libm_a-kf_rem_pio2.o)
 .ARM.attributes
                0x0000078b       0x22 C:/ST/STM32CubeIDE_2.2.0/STM32CubeIDE/plugins/com.st.stm32cube.ide.mcu.externaltools.gnu-tools-for-stm32.14.3.rel1.win32_1.0.100.202602081740/tools/bin/../lib/gcc/arm-none-eabi/14.3.1/thumb/v7e-m+fp/hard\libgcc.a(_aeabi_uldivmod.o)
 .ARM.attributes
                0x000007ad       0x34 C:/ST/STM32CubeIDE_2.2.0/STM32CubeIDE/plugins/com.st.stm32cube.ide.mcu.externaltools.gnu-tools-for-stm32.14.3.rel1.win32_1.0.100.202602081740/tools/bin/../lib/gcc/arm-none-eabi/14.3.1/thumb/v7e-m+fp/hard\libgcc.a(_udivmoddi4.o)
 .ARM.attributes
                0x000007e1       0x22 C:/ST/STM32CubeIDE_2.2.0/STM32CubeIDE/plugins/com.st.stm32cube.ide.mcu.externaltools.gnu-tools-for-stm32.14.3.rel1.win32_1.0.100.202602081740/tools/bin/../lib/gcc/arm-none-eabi/14.3.1/thumb/v7e-m+fp/hard\libgcc.a(_dvmd_tls.o)
 .ARM.attributes
                0x00000803       0x22 C:/ST/STM32CubeIDE_2.2.0/STM32CubeIDE/plugins/com.st.stm32cube.ide.mcu.externaltools.gnu-tools-for-stm32.14.3.rel1.win32_1.0.100.202602081740/tools/bin/../lib/gcc/arm-none-eabi/14.3.1/thumb/v7e-m+fp/hard/crtn.o
OUTPUT(NEW-IOT-AI.elf elf32-littlearm)
LOAD linker stubs
LOAD C:/ST/STM32CubeIDE_2.2.0/STM32CubeIDE/plugins/com.st.stm32cube.ide.mcu.externaltools.gnu-tools-for-stm32.14.3.rel1.win32_1.0.100.202602081740/tools/bin/../lib/gcc/arm-none-eabi/14.3.1/../../../../arm-none-eabi/lib/thumb/v7e-m+fp/hard\libc.a
LOAD C:/ST/STM32CubeIDE_2.2.0/STM32CubeIDE/plugins/com.st.stm32cube.ide.mcu.externaltools.gnu-tools-for-stm32.14.3.rel1.win32_1.0.100.202602081740/tools/bin/../lib/gcc/arm-none-eabi/14.3.1/../../../../arm-none-eabi/lib/thumb/v7e-m+fp/hard\libm.a
LOAD C:/ST/STM32CubeIDE_2.2.0/STM32CubeIDE/plugins/com.st.stm32cube.ide.mcu.externaltools.gnu-tools-for-stm32.14.3.rel1.win32_1.0.100.202602081740/tools/bin/../lib/gcc/arm-none-eabi/14.3.1/thumb/v7e-m+fp/hard\libgcc.a

.debug_info     0x00000000     0xc63c
 .debug_info    0x00000000      0x67b ./Core/Src/ai_inference.o
 .debug_info    0x0000067b      0xf4b ./Core/Src/main.o
 .debug_info    0x000015c6      0x798 ./Core/Src/mpu6050.o
 .debug_info    0x00001d5e     0x130f ./Core/Src/network.o
 .debug_info    0x0000306d       0xcc ./Core/Src/network_data.o
 .debug_info    0x00003139      0x293 ./Core/Src/sensor_protocol.o
 .debug_info    0x000033cc      0xbfd ./Core/Src/stm32f4xx_hal_msp.o
 .debug_info    0x00003fc9      0x112 ./Core/Src/stm32f4xx_it.o
 .debug_info    0x000040db      0x512 ./Core/Src/system_stm32f4xx.o
 .debug_info    0x000045ed      0x4f1 ./Core/Src/vibration_itm_logger.o
 .debug_info    0x00004ade      0x174 ./Core/Src/vibration_rms.o
 .debug_info    0x00004c52       0x30 ./Core/Startup/startup_stm32f407vgtx.o
 .debug_info    0x00004c82      0x944 ./Drivers/STM32F4xx_HAL_Driver/Src/stm32f4xx_hal.o
 .debug_info    0x000055c6      0xd8c ./Drivers/STM32F4xx_HAL_Driver/Src/stm32f4xx_hal_cortex.o
 .debug_info    0x00006352      0x6c3 ./Drivers/STM32F4xx_HAL_Driver/Src/stm32f4xx_hal_gpio.o
 .debug_info    0x00006a15     0x2415 ./Drivers/STM32F4xx_HAL_Driver/Src/stm32f4xx_hal_i2c.o
 .debug_info    0x00008e2a      0x8c3 ./Drivers/STM32F4xx_HAL_Driver/Src/stm32f4xx_hal_rcc.o
 .debug_info    0x000096ed     0x2f4f ./Drivers/STM32F4xx_HAL_Driver/Src/stm32f4xx_hal_uart.o

.debug_abbrev   0x00000000     0x1fe1
 .debug_abbrev  0x00000000      0x19e ./Core/Src/ai_inference.o
 .debug_abbrev  0x0000019e      0x2e4 ./Core/Src/main.o
 .debug_abbrev  0x00000482      0x1af ./Core/Src/mpu6050.o
 .debug_abbrev  0x00000631      0x255 ./Core/Src/network.o
 .debug_abbrev  0x00000886       0x75 ./Core/Src/network_data.o
 .debug_abbrev  0x000008fb      0x111 ./Core/Src/sensor_protocol.o
 .debug_abbrev  0x00000a0c      0x1ad ./Core/Src/stm32f4xx_hal_msp.o
 .debug_abbrev  0x00000bb9       0x73 ./Core/Src/stm32f4xx_it.o
 .debug_abbrev  0x00000c2c      0x11a ./Core/Src/system_stm32f4xx.o
 .debug_abbrev  0x00000d46      0x241 ./Core/Src/vibration_itm_logger.o
 .debug_abbrev  0x00000f87       0xbf ./Core/Src/vibration_rms.o
 .debug_abbrev  0x00001046       0x24 ./Core/Startup/startup_stm32f407vgtx.o
 .debug_abbrev  0x0000106a      0x214 ./Drivers/STM32F4xx_HAL_Driver/Src/stm32f4xx_hal.o
 .debug_abbrev  0x0000127e      0x31d ./Drivers/STM32F4xx_HAL_Driver/Src/stm32f4xx_hal_cortex.o
 .debug_abbrev  0x0000159b      0x1d4 ./Drivers/STM32F4xx_HAL_Driver/Src/stm32f4xx_hal_gpio.o
 .debug_abbrev  0x0000176f      0x2ad ./Drivers/STM32F4xx_HAL_Driver/Src/stm32f4xx_hal_i2c.o
 .debug_abbrev  0x00001a1c      0x2b7 ./Drivers/STM32F4xx_HAL_Driver/Src/stm32f4xx_hal_rcc.o
 .debug_abbrev  0x00001cd3      0x30e ./Drivers/STM32F4xx_HAL_Driver/Src/stm32f4xx_hal_uart.o

.debug_aranges  0x00000000      0xa90
 .debug_aranges
                0x00000000       0x30 ./Core/Src/ai_inference.o
 .debug_aranges
                0x00000030       0x50 ./Core/Src/main.o
 .debug_aranges
                0x00000080       0x28 ./Core/Src/mpu6050.o
 .debug_aranges
                0x000000a8       0xa0 ./Core/Src/network.o
 .debug_aranges
                0x00000148       0x18 ./Core/Src/network_data.o
 .debug_aranges
                0x00000160       0x30 ./Core/Src/sensor_protocol.o
 .debug_aranges
                0x00000190       0x40 ./Core/Src/stm32f4xx_hal_msp.o
 .debug_aranges
                0x000001d0       0x60 ./Core/Src/stm32f4xx_it.o
 .debug_aranges
                0x00000230       0x28 ./Core/Src/system_stm32f4xx.o
 .debug_aranges
                0x00000258       0x40 ./Core/Src/vibration_itm_logger.o
 .debug_aranges
                0x00000298       0x20 ./Core/Src/vibration_rms.o
 .debug_aranges
                0x000002b8       0x28 ./Core/Startup/startup_stm32f407vgtx.o
 .debug_aranges
                0x000002e0       0xf0 ./Drivers/STM32F4xx_HAL_Driver/Src/stm32f4xx_hal.o
 .debug_aranges
                0x000003d0      0x130 ./Drivers/STM32F4xx_HAL_Driver/Src/stm32f4xx_hal_cortex.o
 .debug_aranges
                0x00000500       0x58 ./Drivers/STM32F4xx_HAL_Driver/Src/stm32f4xx_hal_gpio.o
 .debug_aranges
                0x00000558      0x2a8 ./Drivers/STM32F4xx_HAL_Driver/Src/stm32f4xx_hal_i2c.o
 .debug_aranges
                0x00000800       0x88 ./Drivers/STM32F4xx_HAL_Driver/Src/stm32f4xx_hal_rcc.o
 .debug_aranges
                0x00000888      0x208 ./Drivers/STM32F4xx_HAL_Driver/Src/stm32f4xx_hal_uart.o

.debug_rnglists
                0x00000000      0x825
 .debug_rnglists
                0x00000000       0x22 ./Core/Src/ai_inference.o
 .debug_rnglists
                0x00000022       0x39 ./Core/Src/main.o
 .debug_rnglists
                0x0000005b       0x1b ./Core/Src/mpu6050.o
 .debug_rnglists
                0x00000076       0x7e ./Core/Src/network.o
 .debug_rnglists
                0x000000f4       0x22 ./Core/Src/sensor_protocol.o
 .debug_rnglists
                0x00000116       0x2d ./Core/Src/stm32f4xx_hal_msp.o
 .debug_rnglists
                0x00000143       0x43 ./Core/Src/stm32f4xx_it.o
 .debug_rnglists
                0x00000186       0x1a ./Core/Src/system_stm32f4xx.o
 .debug_rnglists
                0x000001a0       0x2c ./Core/Src/vibration_itm_logger.o
 .debug_rnglists
                0x000001cc       0x14 ./Core/Src/vibration_rms.o
 .debug_rnglists
                0x000001e0       0x19 ./Core/Startup/startup_stm32f407vgtx.o
 .debug_rnglists
                0x000001f9       0xaf ./Drivers/STM32F4xx_HAL_Driver/Src/stm32f4xx_hal.o
 .debug_rnglists
                0x000002a8       0xe0 ./Drivers/STM32F4xx_HAL_Driver/Src/stm32f4xx_hal_cortex.o
 .debug_rnglists
                0x00000388       0x3f ./Drivers/STM32F4xx_HAL_Driver/Src/stm32f4xx_hal_gpio.o
 .debug_rnglists
                0x000003c7      0x23c ./Drivers/STM32F4xx_HAL_Driver/Src/stm32f4xx_hal_i2c.o
 .debug_rnglists
                0x00000603       0x66 ./Drivers/STM32F4xx_HAL_Driver/Src/stm32f4xx_hal_rcc.o
 .debug_rnglists
                0x00000669      0x1bc ./Drivers/STM32F4xx_HAL_Driver/Src/stm32f4xx_hal_uart.o

.debug_macro    0x00000000    0x22dc5
 .debug_macro   0x00000000      0x1a6 ./Core/Src/ai_inference.o
 .debug_macro   0x000001a6      0xad8 ./Core/Src/ai_inference.o
 .debug_macro   0x00000c7e       0x22 ./Core/Src/ai_inference.o
 .debug_macro   0x00000ca0       0x8e ./Core/Src/ai_inference.o
 .debug_macro   0x00000d2e       0x51 ./Core/Src/ai_inference.o
 .debug_macro   0x00000d7f      0x103 ./Core/Src/ai_inference.o
 .debug_macro   0x00000e82       0x6a ./Core/Src/ai_inference.o
 .debug_macro   0x00000eec      0x1df ./Core/Src/ai_inference.o
 .debug_macro   0x000010cb       0x22 ./Core/Src/ai_inference.o
 .debug_macro   0x000010ed       0x1c ./Core/Src/ai_inference.o
 .debug_macro   0x00001109       0x61 ./Core/Src/ai_inference.o
 .debug_macro   0x0000116a       0x2a ./Core/Src/ai_inference.o
 .debug_macro   0x00001194       0x43 ./Core/Src/ai_inference.o
 .debug_macro   0x000011d7       0x34 ./Core/Src/ai_inference.o
 .debug_macro   0x0000120b      0x190 ./Core/Src/ai_inference.o
 .debug_macro   0x0000139b      0x364 ./Core/Src/ai_inference.o
 .debug_macro   0x000016ff       0x16 ./Core/Src/ai_inference.o
 .debug_macro   0x00001715       0x4a ./Core/Src/ai_inference.o
 .debug_macro   0x0000175f       0x34 ./Core/Src/ai_inference.o
 .debug_macro   0x00001793       0x10 ./Core/Src/ai_inference.o
 .debug_macro   0x000017a3       0x58 ./Core/Src/ai_inference.o
 .debug_macro   0x000017fb       0x8e ./Core/Src/ai_inference.o
 .debug_macro   0x00001889       0x1c ./Core/Src/ai_inference.o
 .debug_macro   0x000018a5      0x17e ./Core/Src/ai_inference.o
 .debug_macro   0x00001a23       0x10 ./Core/Src/ai_inference.o
 .debug_macro   0x00001a33       0x3c ./Core/Src/ai_inference.o
 .debug_macro   0x00001a6f       0x20 ./Core/Src/ai_inference.o
 .debug_macro   0x00001a8f      0x19b ./Core/Src/ai_inference.o
 .debug_macro   0x00001c2a       0xcf ./Core/Src/ai_inference.o
 .debug_macro   0x00001cf9       0x10 ./Core/Src/ai_inference.o
 .debug_macro   0x00001d09      0x1b1 ./Core/Src/ai_inference.o
 .debug_macro   0x00001eba      0x310 ./Core/Src/main.o
 .debug_macro   0x000021ca      0x29b ./Core/Src/main.o
 .debug_macro   0x00002465       0x2e ./Core/Src/main.o
 .debug_macro   0x00002493       0x2f ./Core/Src/main.o
 .debug_macro   0x000024c2       0x1c ./Core/Src/main.o
 .debug_macro   0x000024de       0x22 ./Core/Src/main.o
 .debug_macro   0x00002500       0xfb ./Core/Src/main.o
 .debug_macro   0x000025fb     0x1011 ./Core/Src/main.o
 .debug_macro   0x0000360c      0x11f ./Core/Src/main.o
 .debug_macro   0x0000372b    0x15ea5 ./Core/Src/main.o
 .debug_macro   0x000195d0       0x6d ./Core/Src/main.o
 .debug_macro   0x0001963d     0x3693 ./Core/Src/main.o
 .debug_macro   0x0001ccd0       0x5c ./Core/Src/main.o
 .debug_macro   0x0001cd2c      0x980 ./Core/Src/main.o
 .debug_macro   0x0001d6ac      0x9e9 ./Core/Src/main.o
 .debug_macro   0x0001e095      0x115 ./Core/Src/main.o
 .debug_macro   0x0001e1aa      0x13e ./Core/Src/main.o
 .debug_macro   0x0001e2e8       0xa5 ./Core/Src/main.o
 .debug_macro   0x0001e38d      0x174 ./Core/Src/main.o
 .debug_macro   0x0001e501      0x287 ./Core/Src/main.o
 .debug_macro   0x0001e788       0x5f ./Core/Src/main.o
 .debug_macro   0x0001e7e7      0x236 ./Core/Src/main.o
 .debug_macro   0x0001ea1d      0x12c ./Core/Src/main.o
 .debug_macro   0x0001eb49      0x21e ./Core/Src/main.o
 .debug_macro   0x0001ed67       0x2e ./Core/Src/main.o
 .debug_macro   0x0001ed95      0x1b5 ./Core/Src/main.o
 .debug_macro   0x0001ef4a       0xd6 ./Core/Src/main.o
 .debug_macro   0x0001f020      0x127 ./Core/Src/main.o
 .debug_macro   0x0001f147       0x7e ./Core/Src/main.o
 .debug_macro   0x0001f1c5       0x89 ./Core/Src/main.o
 .debug_macro   0x0001f24e      0x2aa ./Core/Src/main.o
 .debug_macro   0x0001f4f8      0x12d ./Core/Src/main.o
 .debug_macro   0x0001f625       0x22 ./Core/Src/main.o
 .debug_macro   0x0001f647       0x16 ./Core/Src/main.o
 .debug_macro   0x0001f65d       0x16 ./Core/Src/main.o
 .debug_macro   0x0001f673       0x29 ./Core/Src/main.o
 .debug_macro   0x0001f69c       0x34 ./Core/Src/main.o
 .debug_macro   0x0001f6d0       0x10 ./Core/Src/main.o
 .debug_macro   0x0001f6e0      0x1f6 ./Core/Src/mpu6050.o
 .debug_macro   0x0001f8d6       0x2e ./Core/Src/mpu6050.o
 .debug_macro   0x0001f904      0x67a ./Core/Src/network.o
 .debug_macro   0x0001ff7e       0x3a ./Core/Src/network.o
 .debug_macro   0x0001ffb8      0x460 ./Core/Src/network.o
 .debug_macro   0x00020418       0x46 ./Core/Src/network.o
 .debug_macro   0x0002045e      0x342 ./Core/Src/network.o
 .debug_macro   0x000207a0       0x16 ./Core/Src/network.o
 .debug_macro   0x000207b6       0x22 ./Core/Src/network.o
 .debug_macro   0x000207d8       0x10 ./Core/Src/network.o
 .debug_macro   0x000207e8       0xc0 ./Core/Src/network.o
 .debug_macro   0x000208a8      0x229 ./Core/Src/network.o
 .debug_macro   0x00020ad1       0x2e ./Core/Src/network.o
 .debug_macro   0x00020aff      0x1ed ./Core/Src/network.o
 .debug_macro   0x00020cec       0x16 ./Core/Src/network.o
 .debug_macro   0x00020d02       0x2e ./Core/Src/network.o
 .debug_macro   0x00020d30       0xdc ./Core/Src/network.o
 .debug_macro   0x00020e0c       0x4d ./Core/Src/network.o
 .debug_macro   0x00020e59       0x25 ./Core/Src/network.o
 .debug_macro   0x00020e7e       0x6d ./Core/Src/network.o
 .debug_macro   0x00020eeb       0x16 ./Core/Src/network.o
 .debug_macro   0x00020f01       0x7c ./Core/Src/network.o
 .debug_macro   0x00020f7d       0x22 ./Core/Src/network.o
 .debug_macro   0x00020f9f       0x10 ./Core/Src/network.o
 .debug_macro   0x00020faf       0x10 ./Core/Src/network.o
 .debug_macro   0x00020fbf       0x11 ./Core/Src/network.o
 .debug_macro   0x00020fd0       0x2e ./Core/Src/network.o
 .debug_macro   0x00020ffe       0x2e ./Core/Src/network.o
 .debug_macro   0x0002102c       0x7c ./Core/Src/network.o
 .debug_macro   0x000210a8       0x17 ./Core/Src/network.o
 .debug_macro   0x000210bf      0x118 ./Core/Src/network.o
 .debug_macro   0x000211d7      0x202 ./Core/Src/network.o
 .debug_macro   0x000213d9       0x3a ./Core/Src/network.o
 .debug_macro   0x00021413       0x16 ./Core/Src/network.o
 .debug_macro   0x00021429       0x16 ./Core/Src/network.o
 .debug_macro   0x0002143f       0x10 ./Core/Src/network.o
 .debug_macro   0x0002144f       0x93 ./Core/Src/network_data.o
 .debug_macro   0x000214e2       0x28 ./Core/Src/network_data.o
 .debug_macro   0x0002150a       0xab ./Core/Src/network_data.o
 .debug_macro   0x000215b5       0x7b ./Core/Src/sensor_protocol.o
 .debug_macro   0x00021630      0x1de ./Core/Src/stm32f4xx_hal_msp.o
 .debug_macro   0x0002180e      0x1e8 ./Core/Src/stm32f4xx_it.o
 .debug_macro   0x000219f6      0x1d4 ./Core/Src/system_stm32f4xx.o
 .debug_macro   0x00021bca      0x2f7 ./Core/Src/vibration_itm_logger.o
 .debug_macro   0x00021ec1       0x16 ./Core/Src/vibration_itm_logger.o
 .debug_macro   0x00021ed7       0x16 ./Core/Src/vibration_itm_logger.o
 .debug_macro   0x00021eed      0x2b1 ./Core/Src/vibration_rms.o
 .debug_macro   0x0002219e       0x56 ./Core/Src/vibration_rms.o
 .debug_macro   0x000221f4      0x234 ./Drivers/STM32F4xx_HAL_Driver/Src/stm32f4xx_hal.o
 .debug_macro   0x00022428      0x1d4 ./Drivers/STM32F4xx_HAL_Driver/Src/stm32f4xx_hal_cortex.o
 .debug_macro   0x000225fc      0x1da ./Drivers/STM32F4xx_HAL_Driver/Src/stm32f4xx_hal_gpio.o
 .debug_macro   0x000227d6      0x222 ./Drivers/STM32F4xx_HAL_Driver/Src/stm32f4xx_hal_i2c.o
 .debug_macro   0x000229f8      0x1f8 ./Drivers/STM32F4xx_HAL_Driver/Src/stm32f4xx_hal_rcc.o
 .debug_macro   0x00022bf0      0x1d5 ./Drivers/STM32F4xx_HAL_Driver/Src/stm32f4xx_hal_uart.o

.debug_line     0x00000000     0xf94e
 .debug_line    0x00000000      0x765 ./Core/Src/ai_inference.o
 .debug_line    0x00000765      0xab4 ./Core/Src/main.o
 .debug_line    0x00001219      0x7eb ./Core/Src/mpu6050.o
 .debug_line    0x00001a04     0x1908 ./Core/Src/network.o
 .debug_line    0x0000330c      0x458 ./Core/Src/network_data.o
 .debug_line    0x00003764      0x56f ./Core/Src/sensor_protocol.o
 .debug_line    0x00003cd3      0x7e5 ./Core/Src/stm32f4xx_hal_msp.o
 .debug_line    0x000044b8      0x7f9 ./Core/Src/stm32f4xx_it.o
 .debug_line    0x00004cb1      0x7c0 ./Core/Src/system_stm32f4xx.o
 .debug_line    0x00005471      0x9e5 ./Core/Src/vibration_itm_logger.o
 .debug_line    0x00005e56      0x8ec ./Core/Src/vibration_rms.o
 .debug_line    0x00006742       0x7a ./Core/Startup/startup_stm32f407vgtx.o
 .debug_line    0x000067bc      0xa3f ./Drivers/STM32F4xx_HAL_Driver/Src/stm32f4xx_hal.o
 .debug_line    0x000071fb      0xd0c ./Drivers/STM32F4xx_HAL_Driver/Src/stm32f4xx_hal_cortex.o
 .debug_line    0x00007f07      0xb91 ./Drivers/STM32F4xx_HAL_Driver/Src/stm32f4xx_hal_gpio.o
 .debug_line    0x00008a98     0x3ae9 ./Drivers/STM32F4xx_HAL_Driver/Src/stm32f4xx_hal_i2c.o
 .debug_line    0x0000c581      0xe49 ./Drivers/STM32F4xx_HAL_Driver/Src/stm32f4xx_hal_rcc.o
 .debug_line    0x0000d3ca     0x2584 ./Drivers/STM32F4xx_HAL_Driver/Src/stm32f4xx_hal_uart.o

.debug_str      0x00000000    0xd2c49
 .debug_str     0x00000000    0xd2c49 ./Core/Src/ai_inference.o
                               0x91a7 (size before relaxing)
 .debug_str     0x000d2c49    0xc2e57 ./Core/Src/main.o
 .debug_str     0x000d2c49    0xbed8f ./Core/Src/mpu6050.o
 .debug_str     0x000d2c49    0x14ed6 ./Core/Src/network.o
 .debug_str     0x000d2c49     0x4686 ./Core/Src/network_data.o
 .debug_str     0x000d2c49     0x42b5 ./Core/Src/sensor_protocol.o
 .debug_str     0x000d2c49    0xbef62 ./Core/Src/stm32f4xx_hal_msp.o
 .debug_str     0x000d2c49    0xbe731 ./Core/Src/stm32f4xx_it.o
 .debug_str     0x000d2c49    0xbe85b ./Core/Src/system_stm32f4xx.o
 .debug_str     0x000d2c49    0xc28b3 ./Core/Src/vibration_itm_logger.o
 .debug_str     0x000d2c49    0xc2133 ./Core/Src/vibration_rms.o
 .debug_str     0x000d2c49       0xb0 ./Core/Startup/startup_stm32f407vgtx.o
 .debug_str     0x000d2c49    0xbf3df ./Drivers/STM32F4xx_HAL_Driver/Src/stm32f4xx_hal.o
 .debug_str     0x000d2c49    0xbf15b ./Drivers/STM32F4xx_HAL_Driver/Src/stm32f4xx_hal_cortex.o
 .debug_str     0x000d2c49    0xbe9d6 ./Drivers/STM32F4xx_HAL_Driver/Src/stm32f4xx_hal_gpio.o
 .debug_str     0x000d2c49    0xbf879 ./Drivers/STM32F4xx_HAL_Driver/Src/stm32f4xx_hal_i2c.o
 .debug_str     0x000d2c49    0xbec8f ./Drivers/STM32F4xx_HAL_Driver/Src/stm32f4xx_hal_rcc.o
 .debug_str     0x000d2c49    0xbf270 ./Drivers/STM32F4xx_HAL_Driver/Src/stm32f4xx_hal_uart.o

.comment        0x00000000       0x86
 .comment       0x00000000       0x86 ./Core/Src/ai_inference.o
                                 0x44 (size before relaxing)
 .comment       0x00000086       0x44 ./Core/Src/main.o
 .comment       0x00000086       0x44 ./Core/Src/mpu6050.o
 .comment       0x00000086       0x44 ./Core/Src/network.o
 .comment       0x00000086       0x44 ./Core/Src/network_data.o
 .comment       0x00000086       0x44 ./Core/Src/sensor_protocol.o
 .comment       0x00000086       0x44 ./Core/Src/stm32f4xx_hal_msp.o
 .comment       0x00000086       0x44 ./Core/Src/stm32f4xx_it.o
 .comment       0x00000086       0x44 ./Core/Src/system_stm32f4xx.o
 .comment       0x00000086       0x44 ./Core/Src/vibration_itm_logger.o
 .comment       0x00000086       0x44 ./Core/Src/vibration_rms.o
 .comment       0x00000086       0x44 ./Drivers/STM32F4xx_HAL_Driver/Src/stm32f4xx_hal.o
 .comment       0x00000086       0x44 ./Drivers/STM32F4xx_HAL_Driver/Src/stm32f4xx_hal_cortex.o
 .comment       0x00000086       0x44 ./Drivers/STM32F4xx_HAL_Driver/Src/stm32f4xx_hal_gpio.o
 .comment       0x00000086       0x44 ./Drivers/STM32F4xx_HAL_Driver/Src/stm32f4xx_hal_i2c.o
 .comment       0x00000086       0x44 ./Drivers/STM32F4xx_HAL_Driver/Src/stm32f4xx_hal_rcc.o
 .comment       0x00000086       0x44 ./Drivers/STM32F4xx_HAL_Driver/Src/stm32f4xx_hal_uart.o
 .comment       0x00000086       0x44 C:/Users/91960/Desktop/STM_Projects/NEW_IOT_AI/Net1201.a(lite_dense_if32.o)
 .comment       0x00000086       0x44 C:/Users/91960/Desktop/STM_Projects/NEW_IOT_AI/Net1201.a(lite_nl_generic_float.o)

.debug_frame    0x00000000     0x2b8c
 .debug_frame   0x00000000       0x80 ./Core/Src/ai_inference.o
 .debug_frame   0x00000080       0xfc ./Core/Src/main.o
 .debug_frame   0x0000017c       0x60 ./Core/Src/mpu6050.o
 .debug_frame   0x000001dc      0x274 ./Core/Src/network.o
 .debug_frame   0x00000450       0x7c ./Core/Src/sensor_protocol.o
 .debug_frame   0x000004cc       0xc4 ./Core/Src/stm32f4xx_hal_msp.o
 .debug_frame   0x00000590       0xf8 ./Core/Src/stm32f4xx_it.o
 .debug_frame   0x00000688       0x50 ./Core/Src/system_stm32f4xx.o
 .debug_frame   0x000006d8       0xbc ./Core/Src/vibration_itm_logger.o
 .debug_frame   0x00000794       0x34 ./Core/Src/vibration_rms.o
 .debug_frame   0x000007c8      0x31c ./Drivers/STM32F4xx_HAL_Driver/Src/stm32f4xx_hal.o
 .debug_frame   0x00000ae4      0x4b8 ./Drivers/STM32F4xx_HAL_Driver/Src/stm32f4xx_hal_cortex.o
 .debug_frame   0x00000f9c      0x130 ./Drivers/STM32F4xx_HAL_Driver/Src/stm32f4xx_hal_gpio.o
 .debug_frame   0x000010cc      0xbf4 ./Drivers/STM32F4xx_HAL_Driver/Src/stm32f4xx_hal_i2c.o
 .debug_frame   0x00001cc0      0x1d8 ./Drivers/STM32F4xx_HAL_Driver/Src/stm32f4xx_hal_rcc.o
 .debug_frame   0x00001e98      0x8ec ./Drivers/STM32F4xx_HAL_Driver/Src/stm32f4xx_hal_uart.o
 .debug_frame   0x00002784      0x144 C:/ST/STM32CubeIDE_2.2.0/STM32CubeIDE/plugins/com.st.stm32cube.ide.mcu.externaltools.gnu-tools-for-stm32.14.3.rel1.win32_1.0.100.202602081740/tools/bin/../lib/gcc/arm-none-eabi/14.3.1/../../../../arm-none-eabi/lib/thumb/v7e-m+fp/hard\libc_nano.a(libc_a-findfp.o)
 .debug_frame   0x000028c8       0x20 C:/ST/STM32CubeIDE_2.2.0/STM32CubeIDE/plugins/com.st.stm32cube.ide.mcu.externaltools.gnu-tools-for-stm32.14.3.rel1.win32_1.0.100.202602081740/tools/bin/../lib/gcc/arm-none-eabi/14.3.1/../../../../arm-none-eabi/lib/thumb/v7e-m+fp/hard\libc_nano.a(libc_a-memset.o)
 .debug_frame   0x000028e8       0x20 C:/ST/STM32CubeIDE_2.2.0/STM32CubeIDE/plugins/com.st.stm32cube.ide.mcu.externaltools.gnu-tools-for-stm32.14.3.rel1.win32_1.0.100.202602081740/tools/bin/../lib/gcc/arm-none-eabi/14.3.1/../../../../arm-none-eabi/lib/thumb/v7e-m+fp/hard\libc_nano.a(libc_a-errno.o)
 .debug_frame   0x00002908       0x2c C:/ST/STM32CubeIDE_2.2.0/STM32CubeIDE/plugins/com.st.stm32cube.ide.mcu.externaltools.gnu-tools-for-stm32.14.3.rel1.win32_1.0.100.202602081740/tools/bin/../lib/gcc/arm-none-eabi/14.3.1/../../../../arm-none-eabi/lib/thumb/v7e-m+fp/hard\libc_nano.a(libc_a-init.o)
 .debug_frame   0x00002934       0x28 C:/ST/STM32CubeIDE_2.2.0/STM32CubeIDE/plugins/com.st.stm32cube.ide.mcu.externaltools.gnu-tools-for-stm32.14.3.rel1.win32_1.0.100.202602081740/tools/bin/../lib/gcc/arm-none-eabi/14.3.1/../../../../arm-none-eabi/lib/thumb/v7e-m+fp/hard\libc_nano.a(libc_a-memcpy-stub.o)
 .debug_frame   0x0000295c       0x44 C:/ST/STM32CubeIDE_2.2.0/STM32CubeIDE/plugins/com.st.stm32cube.ide.mcu.externaltools.gnu-tools-for-stm32.14.3.rel1.win32_1.0.100.202602081740/tools/bin/../lib/gcc/arm-none-eabi/14.3.1/../../../../arm-none-eabi/lib/thumb/v7e-m+fp/hard\libm.a(libm_a-wf_sqrt.o)
 .debug_frame   0x000029a0       0x20 C:/ST/STM32CubeIDE_2.2.0/STM32CubeIDE/plugins/com.st.stm32cube.ide.mcu.externaltools.gnu-tools-for-stm32.14.3.rel1.win32_1.0.100.202602081740/tools/bin/../lib/gcc/arm-none-eabi/14.3.1/../../../../arm-none-eabi/lib/thumb/v7e-m+fp/hard\libm.a(libm_a-sf_fabs.o)
 .debug_frame   0x000029c0       0x34 C:/ST/STM32CubeIDE_2.2.0/STM32CubeIDE/plugins/com.st.stm32cube.ide.mcu.externaltools.gnu-tools-for-stm32.14.3.rel1.win32_1.0.100.202602081740/tools/bin/../lib/gcc/arm-none-eabi/14.3.1/../../../../arm-none-eabi/lib/thumb/v7e-m+fp/hard\libm.a(libm_a-sf_sin.o)
 .debug_frame   0x000029f4       0x20 C:/ST/STM32CubeIDE_2.2.0/STM32CubeIDE/plugins/com.st.stm32cube.ide.mcu.externaltools.gnu-tools-for-stm32.14.3.rel1.win32_1.0.100.202602081740/tools/bin/../lib/gcc/arm-none-eabi/14.3.1/../../../../arm-none-eabi/lib/thumb/v7e-m+fp/hard\libm.a(libm_a-ef_sqrt.o)
 .debug_frame   0x00002a14       0x20 C:/ST/STM32CubeIDE_2.2.0/STM32CubeIDE/plugins/com.st.stm32cube.ide.mcu.externaltools.gnu-tools-for-stm32.14.3.rel1.win32_1.0.100.202602081740/tools/bin/../lib/gcc/arm-none-eabi/14.3.1/../../../../arm-none-eabi/lib/thumb/v7e-m+fp/hard\libm.a(libm_a-sf_floor.o)
 .debug_frame   0x00002a34       0x20 C:/ST/STM32CubeIDE_2.2.0/STM32CubeIDE/plugins/com.st.stm32cube.ide.mcu.externaltools.gnu-tools-for-stm32.14.3.rel1.win32_1.0.100.202602081740/tools/bin/../lib/gcc/arm-none-eabi/14.3.1/../../../../arm-none-eabi/lib/thumb/v7e-m+fp/hard\libm.a(libm_a-kf_cos.o)
 .debug_frame   0x00002a54       0x20 C:/ST/STM32CubeIDE_2.2.0/STM32CubeIDE/plugins/com.st.stm32cube.ide.mcu.externaltools.gnu-tools-for-stm32.14.3.rel1.win32_1.0.100.202602081740/tools/bin/../lib/gcc/arm-none-eabi/14.3.1/../../../../arm-none-eabi/lib/thumb/v7e-m+fp/hard\libm.a(libm_a-kf_sin.o)
 .debug_frame   0x00002a74       0x3c C:/ST/STM32CubeIDE_2.2.0/STM32CubeIDE/plugins/com.st.stm32cube.ide.mcu.externaltools.gnu-tools-for-stm32.14.3.rel1.win32_1.0.100.202602081740/tools/bin/../lib/gcc/arm-none-eabi/14.3.1/../../../../arm-none-eabi/lib/thumb/v7e-m+fp/hard\libm.a(libm_a-ef_rem_pio2.o)
 .debug_frame   0x00002ab0       0x20 C:/ST/STM32CubeIDE_2.2.0/STM32CubeIDE/plugins/com.st.stm32cube.ide.mcu.externaltools.gnu-tools-for-stm32.14.3.rel1.win32_1.0.100.202602081740/tools/bin/../lib/gcc/arm-none-eabi/14.3.1/../../../../arm-none-eabi/lib/thumb/v7e-m+fp/hard\libm.a(libm_a-sf_scalbn.o)
 .debug_frame   0x00002ad0       0x5c C:/ST/STM32CubeIDE_2.2.0/STM32CubeIDE/plugins/com.st.stm32cube.ide.mcu.externaltools.gnu-tools-for-stm32.14.3.rel1.win32_1.0.100.202602081740/tools/bin/../lib/gcc/arm-none-eabi/14.3.1/../../../../arm-none-eabi/lib/thumb/v7e-m+fp/hard\libm.a(libm_a-kf_rem_pio2.o)
 .debug_frame   0x00002b2c       0x2c C:/ST/STM32CubeIDE_2.2.0/STM32CubeIDE/plugins/com.st.stm32cube.ide.mcu.externaltools.gnu-tools-for-stm32.14.3.rel1.win32_1.0.100.202602081740/tools/bin/../lib/gcc/arm-none-eabi/14.3.1/thumb/v7e-m+fp/hard\libgcc.a(_aeabi_uldivmod.o)
 .debug_frame   0x00002b58       0x34 C:/ST/STM32CubeIDE_2.2.0/STM32CubeIDE/plugins/com.st.stm32cube.ide.mcu.externaltools.gnu-tools-for-stm32.14.3.rel1.win32_1.0.100.202602081740/tools/bin/../lib/gcc/arm-none-eabi/14.3.1/thumb/v7e-m+fp/hard\libgcc.a(_udivmoddi4.o)

.debug_line_str
                0x00000000       0x94
 .debug_line_str
                0x00000000       0x94 ./Core/Startup/startup_stm32f407vgtx.o
