../Core/Src/main.c:85:14:pseudo_noise	1
../Core/Src/main.c:93:13:SensorTask	7
../Core/Src/main.c:164:5:main	2
../Core/Src/main.c:230:6:SystemClock_Config	3
../Core/Src/main.c:272:13:MX_I2C1_Init	2
../Core/Src/main.c:306:13:MX_USART2_UART_Init	2
../Core/Src/main.c:339:13:MX_GPIO_Init	1
../Core/Src/main.c:361:13:ota_send_ack	2
../Core/Src/main.c:369:13:ota_send_nak	2
../Core/Src/main.c:383:13:ota_dispatch_frame	12
../Core/Src/main.c:445:6:HAL_UART_RxCpltCallback	3
../Core/Src/main.c:472:6:HAL_UART_ErrorCallback	2
../Core/Src/main.c:490:6:HAL_TIM_PeriodElapsedCallback	2
../Core/Src/main.c:508:6:Error_Handler	1
