../Core/Src/main.c:85:14:pseudo_noise	24	static
../Core/Src/main.c:93:13:SensorTask	144	static
../Core/Src/main.c:164:5:main	16	static
../Core/Src/main.c:230:6:SystemClock_Config	88	static
../Core/Src/main.c:272:13:MX_I2C1_Init	8	static
../Core/Src/main.c:306:13:MX_USART2_UART_Init	8	static
../Core/Src/main.c:339:13:MX_GPIO_Init	16	static
../Core/Src/main.c:361:13:ota_send_ack	24	static
../Core/Src/main.c:369:13:ota_send_nak	24	static
../Core/Src/main.c:383:13:ota_dispatch_frame	48	static
../Core/Src/main.c:445:6:HAL_UART_RxCpltCallback	24	static
../Core/Src/main.c:472:6:HAL_UART_ErrorCallback	24	static
../Core/Src/main.c:490:6:HAL_TIM_PeriodElapsedCallback	16	static
../Core/Src/main.c:508:6:Error_Handler	4	static,ignoring_inline_asm
