../Core/Src/main.c:82:14:pseudo_noise	1
../Core/Src/main.c:90:5:main	7
../Core/Src/main.c:206:6:SystemClock_Config	3
../Core/Src/main.c:248:13:MX_I2C1_Init	2
../Core/Src/main.c:282:13:MX_USART2_UART_Init	2
../Core/Src/main.c:315:13:MX_GPIO_Init	1
../Core/Src/main.c:337:13:ota_send_ack	2
../Core/Src/main.c:345:13:ota_send_nak	2
../Core/Src/main.c:359:13:ota_dispatch_frame	12
../Core/Src/main.c:421:6:HAL_UART_RxCpltCallback	3
../Core/Src/main.c:448:6:HAL_UART_ErrorCallback	2
../Core/Src/main.c:462:6:Error_Handler	1
